08-15 07:49:46.489  1807  8212 I chatty  : uid=1000(system) Binder_C expire 10 lines
08-15 07:49:46.744  1807  3060 I chatty  : uid=1000(system) WifiService expire 3 lines
08-15 07:49:47.049  1807  3192 I chatty  : uid=1000(system) Binder_6 expire 6 lines
08-15 07:49:47.071 12713 12713 E ActivityThread: Service com.google.android.gms.car.CarService has leaked ServiceConnection fmj@dddecf1 that was originally bound here
08-15 07:49:47.071 12713 12713 E ActivityThread: android.app.ServiceConnectionLeaked: Service com.google.android.gms.car.CarService has leaked ServiceConnection fmj@dddecf1 that was originally bound here
08-15 07:49:47.071 12713 12713 E ActivityThread: 	at android.app.LoadedApk$ServiceDispatcher.<init>(LoadedApk.java:1092)
08-15 07:49:47.071 12713 12713 E ActivityThread: 	at android.app.LoadedApk.getServiceDispatcher(LoadedApk.java:986)
08-15 07:49:47.071 12713 12713 E ActivityThread: 	at android.app.ContextImpl.bindServiceCommon(ContextImpl.java:1303)
08-15 07:49:47.071 12713 12713 E ActivityThread: 	at android.app.ContextImpl.bindService(ContextImpl.java:1286)
08-15 07:49:47.071 12713 12713 E ActivityThread: 	at android.content.ContextWrapper.bindService(ContextWrapper.java:604)
08-15 07:49:47.071 12713 12713 E ActivityThread: 	at android.content.ContextWrapper.bindService(ContextWrapper.java:604)
08-15 07:49:47.071 12713 12713 E ActivityThread: 	at android.content.ContextWrapper.bindService(ContextWrapper.java:604)
08-15 07:49:47.071 12713 12713 E ActivityThread: 	at ivw.a(:com.google.android.gms:120)
08-15 07:49:47.071 12713 12713 E ActivityThread: 	at ivw.a(:com.google.android.gms:137)
08-15 07:49:47.071 12713 12713 E ActivityThread: 	at fmj.h(:com.google.android.gms:76)
08-15 07:49:47.071 12713 12713 E ActivityThread: 	at fmj.<init>(:com.google.android.gms:64)
08-15 07:49:47.071 12713 12713 E ActivityThread: 	at fpn.i(:com.google.android.gms:551)
08-15 07:49:47.071 12713 12713 E ActivityThread: 	at com.google.android.gms.car.CarChimeraService.onBind(:com.google.android.gms:165)
08-15 07:49:47.071 12713 12713 E ActivityThread: 	at com.google.android.chimera.container.ServiceProxy.onBind(:com.google.android.gms:165)
08-15 07:49:47.071 12713 12713 E ActivityThread: 	at android.app.ActivityThread.handleBindService(ActivityThread.java:2904)
08-15 07:49:47.071 12713 12713 E ActivityThread: 	at android.app.ActivityThread.-wrap2(ActivityThread.java)
08-15 07:49:47.071 12713 12713 E ActivityThread: 	at android.app.ActivityThread$H.handleMessage(ActivityThread.java:1432)
08-15 07:49:47.071 12713 12713 E ActivityThread: 	at android.os.Handler.dispatchMessage(Handler.java:102)
08-15 07:49:47.071 12713 12713 E ActivityThread: 	at android.os.Looper.loop(Looper.java:148)
08-15 07:49:47.071 12713 12713 E ActivityThread: 	at android.app.ActivityThread.main(ActivityThread.java:5422)
08-15 07:49:47.071 12713 12713 E ActivityThread: 	at java.lang.reflect.Method.invoke(Native Method)
08-15 07:49:47.071 12713 12713 E ActivityThread: 	at com.android.internal.os.ZygoteInit$MethodAndArgsCaller.run(ZygoteInit.java:726)
08-15 07:49:47.071 12713 12713 E ActivityThread: 	at com.android.internal.os.ZygoteInit.main(ZygoteInit.java:616)
08-15 07:49:47.073  1807  3193 I chatty  : uid=1000(system) Binder_7 expire 10 lines
08-15 07:49:47.139  1807 24412 I chatty  : uid=1000(system) Binder_F expire 10 lines
08-15 07:49:47.276  1807  1903 I chatty  : uid=1000(system) Binder_1 expire 10 lines
08-15 07:49:47.278  1807 16031 I chatty  : uid=1000(system) Binder_E expire 10 lines
08-15 07:49:47.288  1807  3123 I chatty  : uid=1000(system) Binder_4 expire 11 lines
08-15 07:49:47.539  1807  1906 I chatty  : uid=1000(system) Binder_2 expire 11 lines
08-15 07:49:49.031  1807  3122 I chatty  : uid=1000(system) Binder_3 expire 7 lines
08-15 07:49:51.983  1807  3814 I chatty  : uid=1000(system) Binder_9 expire 11 lines
08-15 07:49:51.995   336   371 I Ext4Crypt: ext4 crypto complete called on /data
08-15 07:49:51.997   336   371 I Ext4Crypt: No master key, so not ext4enc
08-15 07:49:52.000  1807  2710 I chatty  : uid=1000(system) CryptdConnector expire 8 lines
08-15 07:49:52.002   336   371 D VoldCryptCmdListener: cryptfs getpwtype
08-15 07:49:52.003   336   371 I Ext4Crypt: ext4 crypto complete called on /data
08-15 07:49:52.003   336   371 I Ext4Crypt: No master key, so not ext4enc
08-15 07:49:52.130  1807  3191 I chatty  : uid=1000(system) Binder_5 expire 10 lines
08-15 07:49:53.492 13540 13540 W ActivityThread: ClassLoader.loadClass: The class loader returned by Thread.getContextClassLoader() may fail for processes that host multiple applications. You should explicitly specify a context class loader. For example: Thread.setContextClassLoader(getClass().getClassLoader());
08-15 07:49:56.160  1807  2705 I chatty  : uid=1000(system) AlarmManager expire 2 lines
08-15 07:50:00.808  1807  2163 I chatty  : uid=1000(system) android.display expire 3 lines
08-15 07:50:00.832  1807  2176 I chatty  : uid=1000(system) PowerManagerSer expire 3 lines
08-15 07:50:02.682   336   371 I Ext4Crypt: ext4 crypto complete called on /data
08-15 07:50:02.683   336   371 I Ext4Crypt: No master key, so not ext4enc
08-15 07:50:02.687   336   371 D VoldCryptCmdListener: cryptfs getpwtype
08-15 07:50:02.687   336   371 I Ext4Crypt: ext4 crypto complete called on /data
08-15 07:50:02.688   336   371 I Ext4Crypt: No master key, so not ext4enc
08-15 07:50:03.430  1807  1807 I chatty  : uid=1000 system_server expire 1 line
08-15 07:50:03.899  1807  3061 I chatty  : uid=1000(system) ConnectivitySer expire 11 lines
08-15 07:50:05.990 14188 14188 W ActivityThread: ClassLoader.loadClass: The class loader returned by Thread.getContextClassLoader() may fail for processes that host multiple applications. You should explicitly specify a context class loader. For example: Thread.setContextClassLoader(getClass().getClassLoader());
08-15 07:50:06.872  1807  2707 I chatty  : uid=1000(system) InputReader expire 1 line
08-15 07:50:14.363   336   371 I Ext4Crypt: ext4 crypto complete called on /data
08-15 07:50:14.364   336   371 I Ext4Crypt: No master key, so not ext4enc
08-15 07:50:14.381   336   371 D VoldCryptCmdListener: cryptfs getpwtype
08-15 07:50:14.381   336   371 I Ext4Crypt: ext4 crypto complete called on /data
08-15 07:50:14.382   336   371 I Ext4Crypt: No master key, so not ext4enc
08-15 07:50:15.110  1807 29864 I chatty  : uid=1000(system) Binder_10 expire 5 lines
08-15 07:50:15.830 14671 14671 W ActivityThread: ClassLoader.loadClass: The class loader returned by Thread.getContextClassLoader() may fail for processes that host multiple applications. You should explicitly specify a context class loader. For example: Thread.setContextClassLoader(getClass().getClassLoader());
08-15 07:50:18.292  1807  5002 I chatty  : uid=1000(system) Binder_B expire 4 lines
08-15 07:50:18.323  1807 16031 I chatty  : uid=1000(system) Binder_E expire 9 lines
08-15 07:50:18.427  1807  3123 I chatty  : uid=1000(system) Binder_4 expire 4 lines
08-15 07:50:20.532  1807  3194 I chatty  : uid=1000(system) Binder_8 expire 5 lines
08-15 07:50:24.404   336   371 I Ext4Crypt: ext4 crypto complete called on /data
08-15 07:50:24.405   336   371 I Ext4Crypt: No master key, so not ext4enc
08-15 07:50:24.408  1807  1903 I chatty  : uid=1000(system) Binder_1 expire 1 line
08-15 07:50:24.409   336   371 D VoldCryptCmdListener: cryptfs getpwtype
08-15 07:50:24.409   336   371 I Ext4Crypt: ext4 crypto complete called on /data
08-15 07:50:24.410   336   371 I Ext4Crypt: No master key, so not ext4enc
08-15 07:50:28.494  1807  3814 I chatty  : uid=1000(system) Binder_9 expire 2 lines
08-15 07:50:29.250   486   860 E NetlinkEvent: Unknown ifindex 164 in RTM_DELADDR
08-15 07:50:29.255  1807  2039 I chatty  : uid=1000(system) android.fg expire 2 lines
08-15 07:50:29.412  1807  3061 I chatty  : uid=1000(system) ConnectivitySer expire 3 lines
08-15 07:57:04.984 15638 15656 D ActivityThread: Loading provider com.google.android.gmail.provider;com.android.mail.notifier;com.google.android.gm.email.provider;com.google.android.gm.email.notifier: com.android.email.provider.EmailProvider
08-15 07:57:05.568  1807  8212 I chatty  : uid=1000(system) Binder_C expire 1 line
08-15 07:59:40.229  1807  3191 I chatty  : uid=1000(system) Binder_5 expire 11 lines
08-15 07:59:40.239  1807  3061 I chatty  : uid=1000(system) ConnectivitySer expire 60 lines
08-15 07:59:40.268  1807 29864 I chatty  : uid=1000(system) Binder_10 expire 9 lines
08-15 07:59:40.399  1807  3057 I chatty  : uid=1000(system) NetworkPolicy expire 5 lines
08-15 07:59:40.413  1807  3814 I chatty  : uid=1000(system) Binder_9 expire 6 lines
08-15 07:59:40.491  1807 24412 I chatty  : uid=1000(system) Binder_F expire 11 lines
08-15 07:59:40.889  1807  3192 I chatty  : uid=1000(system) Binder_6 expire 10 lines
08-15 07:59:41.895 15745 15745 W ActivityThread: ClassLoader.loadClass: The class loader returned by Thread.getContextClassLoader() may fail for processes that host multiple applications. You should explicitly specify a context class loader. For example: Thread.setContextClassLoader(getClass().getClassLoader());
08-15 07:59:42.010  1807  3194 I chatty  : uid=1000(system) Binder_8 expire 11 lines
08-15 07:59:42.801  1807  5002 I chatty  : uid=1000(system) Binder_B expire 11 lines
08-15 07:59:42.905  1807  3193 I chatty  : uid=1000(system) Binder_7 expire 12 lines
08-15 07:59:43.087  1807  2039 I chatty  : uid=1000(system) android.fg expire 3 lines
08-15 07:59:43.547  1807  8212 I chatty  : uid=1000(system) Binder_C expire 10 lines
08-15 07:59:46.018  1807 16031 I chatty  : uid=1000(system) Binder_E expire 10 lines
08-15 07:59:46.276  1807  3123 I chatty  : uid=1000(system) Binder_4 expire 9 lines
08-15 07:59:47.642  1807  1906 I chatty  : uid=1000(system) Binder_2 expire 14 lines
08-15 07:59:48.608  1807 12954 I chatty  : uid=1000(system) Binder_D expire 9 lines
08-15 07:59:48.615  1807  3059 I chatty  : uid=1000(system) WifiStateMachin expire 1 line
08-15 07:59:48.739 15938 15938 E ActivityThread: Service com.google.android.gms.car.CarService has leaked ServiceConnection fmj@dddecf1 that was originally bound here
08-15 07:59:48.739 15938 15938 E ActivityThread: android.app.ServiceConnectionLeaked: Service com.google.android.gms.car.CarService has leaked ServiceConnection fmj@dddecf1 that was originally bound here
08-15 07:59:48.739 15938 15938 E ActivityThread: 	at android.app.LoadedApk$ServiceDispatcher.<init>(LoadedApk.java:1092)
08-15 07:59:48.739 15938 15938 E ActivityThread: 	at android.app.LoadedApk.getServiceDispatcher(LoadedApk.java:986)
08-15 07:59:48.739 15938 15938 E ActivityThread: 	at android.app.ContextImpl.bindServiceCommon(ContextImpl.java:1303)
08-15 07:59:48.739 15938 15938 E ActivityThread: 	at android.app.ContextImpl.bindService(ContextImpl.java:1286)
08-15 07:59:48.739 15938 15938 E ActivityThread: 	at android.content.ContextWrapper.bindService(ContextWrapper.java:604)
08-15 07:59:48.739 15938 15938 E ActivityThread: 	at android.content.ContextWrapper.bindService(ContextWrapper.java:604)
08-15 07:59:48.739 15938 15938 E ActivityThread: 	at android.content.ContextWrapper.bindService(ContextWrapper.java:604)
08-15 07:59:48.739 15938 15938 E ActivityThread: 	at ivw.a(:com.google.android.gms:120)
08-15 07:59:48.739 15938 15938 E ActivityThread: 	at ivw.a(:com.google.android.gms:137)
08-15 07:59:48.739 15938 15938 E ActivityThread: 	at fmj.h(:com.google.android.gms:76)
08-15 07:59:48.739 15938 15938 E ActivityThread: 	at fmj.<init>(:com.google.android.gms:64)
08-15 07:59:48.739 15938 15938 E ActivityThread: 	at fpn.i(:com.google.android.gms:551)
08-15 07:59:48.739 15938 15938 E ActivityThread: 	at com.google.android.gms.car.CarChimeraService.onBind(:com.google.android.gms:165)
08-15 07:59:48.739 15938 15938 E ActivityThread: 	at com.google.android.chimera.container.ServiceProxy.onBind(:com.google.android.gms:165)
08-15 07:59:48.739 15938 15938 E ActivityThread: 	at android.app.ActivityThread.handleBindService(ActivityThread.java:2904)
08-15 07:59:48.739 15938 15938 E ActivityThread: 	at android.app.ActivityThread.-wrap2(ActivityThread.java)
08-15 07:59:48.739 15938 15938 E ActivityThread: 	at android.app.ActivityThread$H.handleMessage(ActivityThread.java:1432)
08-15 07:59:48.739 15938 15938 E ActivityThread: 	at android.os.Handler.dispatchMessage(Handler.java:102)
08-15 07:59:48.739 15938 15938 E ActivityThread: 	at android.os.Looper.loop(Looper.java:148)
08-15 07:59:48.739 15938 15938 E ActivityThread: 	at android.app.ActivityThread.main(ActivityThread.java:5422)
08-15 07:59:48.739 15938 15938 E ActivityThread: 	at java.lang.reflect.Method.invoke(Native Method)
08-15 07:59:48.739 15938 15938 E ActivityThread: 	at com.android.internal.os.ZygoteInit$MethodAndArgsCaller.run(ZygoteInit.java:726)
08-15 07:59:48.739 15938 15938 E ActivityThread: 	at com.android.internal.os.ZygoteInit.main(ZygoteInit.java:616)
08-15 07:59:49.145  1807  3060 I chatty  : uid=1000(system) WifiService expire 4 lines
08-15 07:59:50.310  1807  1903 I chatty  : uid=1000(system) Binder_1 expire 7 lines
08-15 07:59:50.935  1807  2032 I chatty  : uid=1000(system) ActivityManager expire 2 lines
08-15 07:59:55.054   336   371 I Ext4Crypt: ext4 crypto complete called on /data
08-15 07:59:55.055   336   371 I Ext4Crypt: No master key, so not ext4enc
08-15 07:59:55.058  1807  2710 I chatty  : uid=1000(system) CryptdConnector expire 6 lines
08-15 07:59:55.060   336   371 D VoldCryptCmdListener: cryptfs getpwtype
08-15 07:59:55.061   336   371 I Ext4Crypt: ext4 crypto complete called on /data
08-15 07:59:55.061   336   371 I Ext4Crypt: No master key, so not ext4enc
08-15 07:59:55.734 16720 16741 D ActivityThread: Loading provider com.google.android.gmail.provider;com.android.mail.notifier;com.google.android.gm.email.provider;com.google.android.gm.email.notifier: com.android.email.provider.EmailProvider
08-15 07:59:57.349  1807  3061 I chatty  : uid=1000(system) ConnectivitySer expire 6 lines
08-15 07:59:57.669 16792 16792 W ActivityThread: ClassLoader.loadClass: The class loader returned by Thread.getContextClassLoader() may fail for processes that host multiple applications. You should explicitly specify a context class loader. For example: Thread.setContextClassLoader(getClass().getClassLoader());
08-15 08:00:00.621  1807  2705 I chatty  : uid=1000(system) AlarmManager expire 1 line
08-15 08:00:00.692  1807  3122 I chatty  : uid=1000(system) Binder_3 expire 8 lines
08-15 08:00:03.018  1807  3815 I chatty  : uid=1000(system) Binder_A expire 7 lines
08-15 08:00:04.909   486 16930 W SocketClient: write error (Broken pipe)
08-15 08:00:06.820  1807  8212 I chatty  : uid=1000(system) Binder_C expire 4 lines
08-15 08:00:07.192   336   371 I Ext4Crypt: ext4 crypto complete called on /data
08-15 08:00:07.193   336   371 I Ext4Crypt: No master key, so not ext4enc
08-15 08:00:07.198   336   371 D VoldCryptCmdListener: cryptfs getpwtype
08-15 08:00:07.198   336   371 I Ext4Crypt: ext4 crypto complete called on /data
08-15 08:00:07.199   336   371 I Ext4Crypt: No master key, so not ext4enc
08-15 08:00:11.820 17479 17479 W ActivityThread: ClassLoader.loadClass: The class loader returned by Thread.getContextClassLoader() may fail for processes that host multiple applications. You should explicitly specify a context class loader. For example: Thread.setContextClassLoader(getClass().getClassLoader());
08-15 08:00:14.043  1807  3191 I chatty  : uid=1000(system) Binder_5 expire 2 lines
08-15 08:00:16.016  1807  3194 I chatty  : uid=1000(system) Binder_8 expire 1 line
08-15 08:00:19.878   336   371 I Ext4Crypt: ext4 crypto complete called on /data
08-15 08:00:19.879   336   371 I Ext4Crypt: No master key, so not ext4enc
08-15 08:00:19.883   336   371 D VoldCryptCmdListener: cryptfs getpwtype
08-15 08:00:19.883   336   371 I Ext4Crypt: ext4 crypto complete called on /data
08-15 08:00:19.884   336   371 I Ext4Crypt: No master key, so not ext4enc
08-15 08:00:19.904  1807  5002 I chatty  : uid=1000(system) Binder_B expire 2 lines
08-15 08:00:19.956  1807 16031 I chatty  : uid=1000(system) Binder_E expire 3 lines
08-15 08:00:19.957  1807  1906 I chatty  : uid=1000(system) Binder_2 expire 12 lines
08-15 08:00:21.677 17981 17981 W ActivityThread: ClassLoader.loadClass: The class loader returned by Thread.getContextClassLoader() may fail for processes that host multiple applications. You should explicitly specify a context class loader. For example: Thread.setContextClassLoader(getClass().getClassLoader());
08-15 08:00:24.853  1807  3061 I chatty  : uid=1000(system) ConnectivitySer expire 14 lines
08-15 08:00:24.918  1807  3815 I chatty  : uid=1000(system) Binder_A expire 7 lines
08-15 08:00:25.028  1807  1903 I chatty  : uid=1000(system) Binder_1 expire 5 lines
08-15 08:00:26.219  1807  3192 I chatty  : uid=1000(system) Binder_6 expire 11 lines
08-15 08:00:26.228  1807 16031 I chatty  : uid=1000(system) Binder_E expire 6 lines
08-15 08:00:26.328  1807  3122 I chatty  : uid=1000(system) Binder_3 expire 4 lines
08-15 08:00:26.396  1807  3191 I chatty  : uid=1000(system) Binder_5 expire 6 lines
08-15 08:00:26.511  1807  3194 I chatty  : uid=1000(system) Binder_8 expire 8 lines
08-15 08:00:26.710  1807  8212 I chatty  : uid=1000(system) Binder_C expire 5 lines
08-15 08:00:27.412  1807  2032 I chatty  : uid=1000(system) ActivityManager expire 6 lines
08-15 08:00:28.306  1807  3814 I chatty  : uid=1000(system) Binder_9 expire 8 lines
08-15 08:00:28.830  1807  3123 I chatty  : uid=1000(system) Binder_4 expire 4 lines
08-15 08:00:29.698  1807 12954 I chatty  : uid=1000(system) Binder_D expire 12 lines
08-15 08:00:30.020  1807  5002 I chatty  : uid=1000(system) Binder_B expire 7 lines
08-15 08:00:30.021   336   371 I Ext4Crypt: ext4 crypto complete called on /data
08-15 08:00:30.021   336   371 I Ext4Crypt: No master key, so not ext4enc
08-15 08:00:30.025  1807  2710 I chatty  : uid=1000(system) CryptdConnector expire 2 lines
08-15 08:00:30.027   336   371 D VoldCryptCmdListener: cryptfs getpwtype
08-15 08:00:30.028   336   371 I Ext4Crypt: ext4 crypto complete called on /data
08-15 08:00:30.028   336   371 I Ext4Crypt: No master key, so not ext4enc
08-15 08:00:30.030  1807  3193 I chatty  : uid=1000(system) Binder_7 expire 7 lines
08-15 08:00:30.074  1807 24412 I chatty  : uid=1000(system) Binder_F expire 6 lines
08-15 08:00:31.629 18529 18557 D ActivityThread: Loading provider com.google.android.gmail.provider;com.android.mail.notifier;com.google.android.gm.email.provider;com.google.android.gm.email.notifier: com.android.email.provider.EmailProvider
08-15 08:00:34.596   486   860 E NetlinkEvent: Unknown ifindex 165 in RTM_DELADDR
08-15 08:00:34.598  1807  2039 I chatty  : uid=1000(system) android.fg expire 5 lines
08-15 08:01:01.811  1807  2163 I chatty  : uid=1000(system) android.display expire 12 lines
08-15 08:01:01.840  1807  2176 I chatty  : uid=1000(system) PowerManagerSer expire 16 lines
08-15 08:01:03.193  1807  3060 I chatty  : uid=1000(system) WifiService expire 5 lines
08-15 08:01:07.582  1807  2707 I chatty  : uid=1000(system) InputReader expire 4 lines
08-15 08:01:10.627  1807  1807 I chatty  : uid=1000 system_server expire 3 lines
08-15 08:01:15.538  1807 29864 I chatty  : uid=1000(system) Binder_10 expire 4 lines
08-15 08:11:37.660 19598 19598 E ActivityThread: Failed to find provider info for com.facebook.katana.provider.AttributionIdProvider
08-15 08:11:37.690 19598 19643 E ActivityThread: Failed to find provider info for com.facebook.katana.provider.AttributionIdProvider
08-15 08:12:42.427  1807  3192 I chatty  : uid=1000(system) Binder_6 expire 7 lines
08-15 08:12:42.428  1807  3061 I chatty  : uid=1000(system) ConnectivitySer expire 10 lines
08-15 08:17:28.195 19819 19819 E ActivityThread: Failed to find provider info for com.facebook.katana.provider.AttributionIdProvider
08-15 08:17:28.229 19819 19841 E ActivityThread: Failed to find provider info for com.facebook.katana.provider.AttributionIdProvider
08-15 08:18:34.096  1807  3057 I chatty  : uid=1000(system) NetworkPolicy expire 4 lines
08-15 08:18:35.380 19888 19888 W ActivityThread: ClassLoader.loadClass: The class loader returned by Thread.getContextClassLoader() may fail for processes that host multiple applications. You should explicitly specify a context class loader. For example: Thread.setContextClassLoader(getClass().getClassLoader());
08-15 08:18:36.118  1807  3061 I chatty  : uid=1000(system) ConnectivitySer expire 53 lines
08-15 08:18:36.964  1807  3059 I chatty  : uid=1000(system) WifiStateMachin expire 1 line
08-15 08:18:39.527  1807  1906 I chatty  : uid=1000(system) Binder_2 expire 10 lines
08-15 08:18:41.610  1807 29864 I chatty  : uid=1000(system) Binder_10 expire 11 lines
08-15 08:18:41.897  1807  3193 I chatty  : uid=1000(system) Binder_7 expire 10 lines
08-15 08:18:41.923  1807  3060 I chatty  : uid=1000(system) WifiService expire 8 lines
08-15 08:18:41.961   486   863 E FrameworkListener: read() failed (Connection reset by peer)
08-15 08:18:41.962  1807  3123 I chatty  : uid=1000(system) Binder_4 expire 11 lines
08-15 08:18:42.031  1807  3194 I chatty  : uid=1000(system) Binder_8 expire 10 lines
08-15 08:18:42.073  1807  3122 I chatty  : uid=1000(system) Binder_3 expire 11 lines
08-15 08:18:42.315  1807  8212 I chatty  : uid=1000(system) Binder_C expire 11 lines
08-15 08:18:42.454  1807  3191 I chatty  : uid=1000(system) Binder_5 expire 10 lines
08-15 08:18:43.718  1807  5002 I chatty  : uid=1000(system) Binder_B expire 11 lines
08-15 08:18:44.015  1807 12954 I chatty  : uid=1000(system) Binder_D expire 10 lines
08-15 08:18:44.255  1807  3061 I chatty  : uid=1000(system) ConnectivitySer expire 12 lines
08-15 08:18:44.690  1807 16031 I chatty  : uid=1000(system) Binder_E expire 10 lines
08-15 08:18:45.407  1807  3192 I chatty  : uid=1000(system) Binder_6 expire 10 lines
08-15 08:18:46.816   336   371 I Ext4Crypt: ext4 crypto complete called on /data
08-15 08:18:46.816   336   371 I Ext4Crypt: No master key, so not ext4enc
08-15 08:18:46.821  1807  2710 I chatty  : uid=1000(system) CryptdConnector expire 8 lines
08-15 08:18:46.823   336   371 D VoldCryptCmdListener: cryptfs getpwtype
08-15 08:18:46.823   336   371 I Ext4Crypt: ext4 crypto complete called on /data
08-15 08:18:46.824   336   371 I Ext4Crypt: No master key, so not ext4enc
08-15 08:18:46.876  1807  3814 I chatty  : uid=1000(system) Binder_9 expire 11 lines
08-15 08:18:48.257 20946 20946 W ActivityThread: ClassLoader.loadClass: The class loader returned by Thread.getContextClassLoader() may fail for processes that host multiple applications. You should explicitly specify a context class loader. For example: Thread.setContextClassLoader(getClass().getClassLoader());
08-15 08:18:50.962  1807  1903 I chatty  : uid=1000(system) Binder_1 expire 11 lines
08-15 08:18:52.392  1807  3815 I chatty  : uid=1000(system) Binder_A expire 9 lines
08-15 08:18:52.515  1807 24412 I chatty  : uid=1000(system) Binder_F expire 5 lines
08-15 08:18:56.754   336   371 I Ext4Crypt: ext4 crypto complete called on /data
08-15 08:18:56.754   336   371 I Ext4Crypt: No master key, so not ext4enc
08-15 08:18:56.759   336   371 D VoldCryptCmdListener: cryptfs getpwtype
08-15 08:18:56.760   336   371 I Ext4Crypt: ext4 crypto complete called on /data
08-15 08:18:56.760   336   371 I Ext4Crypt: No master key, so not ext4enc
08-15 08:18:58.141 21502 21502 W ActivityThread: ClassLoader.loadClass: The class loader returned by Thread.getContextClassLoader() may fail for processes that host multiple applications. You should explicitly specify a context class loader. For example: Thread.setContextClassLoader(getClass().getClassLoader());
08-15 08:19:03.286  1807 16031 I chatty  : uid=1000(system) Binder_E expire 5 lines
08-15 08:19:05.458   486 21626 W SocketClient: write error (Broken pipe)
08-15 08:19:07.326   336   371 I Ext4Crypt: ext4 crypto complete called on /data
08-15 08:19:07.326   336   371 I Ext4Crypt: No master key, so not ext4enc
08-15 08:19:07.331   336   371 D VoldCryptCmdListener: cryptfs getpwtype
08-15 08:19:07.332   336   371 I Ext4Crypt: ext4 crypto complete called on /data
08-15 08:19:07.332   336   371 I Ext4Crypt: No master key, so not ext4enc
08-15 08:19:07.361  1807  3194 I chatty  : uid=1000(system) Binder_8 expire 2 lines
08-15 08:19:07.414  1807  3192 I chatty  : uid=1000(system) Binder_6 expire 11 lines
08-15 08:19:07.419  1807  3193 I chatty  : uid=1000(system) Binder_7 expire 10 lines
08-15 08:19:07.452  1807  1906 I chatty  : uid=1000(system) Binder_2 expire 7 lines
08-15 08:19:08.797  1807  8212 I chatty  : uid=1000(system) Binder_C expire 3 lines
08-15 08:19:08.858 22053 22053 W ActivityThread: ClassLoader.loadClass: The class loader returned by Thread.getContextClassLoader() may fail for processes that host multiple applications. You should explicitly specify a context class loader. For example: Thread.setContextClassLoader(getClass().getClassLoader());
08-15 08:19:15.103  1807  3191 I chatty  : uid=1000(system) Binder_5 expire 2 lines
08-15 08:19:17.687   336   371 I Ext4Crypt: ext4 crypto complete called on /data
08-15 08:19:17.687   336   371 I Ext4Crypt: No master key, so not ext4enc
08-15 08:19:17.691  1807 12954 I chatty  : uid=1000(system) Binder_D expire 3 lines
08-15 08:19:17.692   336   371 D VoldCryptCmdListener: cryptfs getpwtype
08-15 08:19:17.693   336   371 I Ext4Crypt: ext4 crypto complete called on /data
08-15 08:19:17.693   336   371 I Ext4Crypt: No master key, so not ext4enc
08-15 08:19:17.720  1807  3814 I chatty  : uid=1000(system) Binder_9 expire 1 line
08-15 08:19:17.765  1807  5002 I chatty  : uid=1000(system) Binder_B expire 4 lines
08-15 08:19:18.284  1807  1807 I chatty  : uid=1000 system_server expire 1 line
08-15 08:19:20.147   486   860 E NetlinkEvent: Unknown ifindex 166 in RTM_DELADDR
08-15 08:19:20.150  1807  2039 I chatty  : uid=1000(system) android.fg expire 2 lines
08-15 08:19:20.305  1807  3123 I chatty  : uid=1000(system) Binder_4 expire 1 line
08-15 08:19:20.391  1807  3061 I chatty  : uid=1000(system) ConnectivitySer expire 13 lines
08-15 08:19:36.167  1807  3122 I chatty  : uid=1000(system) Binder_3 expire 1 line
08-15 08:20:24.964 22553 22553 E ActivityThread: Failed to find provider info for com.facebook.katana.provider.AttributionIdProvider
08-15 08:20:24.989 22553 22589 E ActivityThread: Failed to find provider info for com.facebook.katana.provider.AttributionIdProvider
08-15 08:22:10.386  1807  3057 I chatty  : uid=1000(system) NetworkPolicy expire 1 line
08-15 08:22:11.209 22933 22933 W ActivityThread: ClassLoader.loadClass: The class loader returned by Thread.getContextClassLoader() may fail for processes that host multiple applications. You should explicitly specify a context class loader. For example: Thread.setContextClassLoader(getClass().getClassLoader());
08-15 08:22:13.182  1807  3059 I chatty  : uid=1000(system) WifiStateMachin expire 2 lines
08-15 08:22:13.845  1807  3061 I chatty  : uid=1000(system) ConnectivitySer expire 39 lines
08-15 08:22:13.968  1807  3057 I chatty  : uid=1000(system) NetworkPolicy expire 3 lines
08-15 08:22:14.067  1807  8212 I chatty  : uid=1000(system) Binder_C expire 10 lines
08-15 08:22:14.448  1807  3193 I chatty  : uid=1000(system) Binder_7 expire 8 lines
08-15 08:22:14.450  1807  5002 I chatty  : uid=1000(system) Binder_B expire 5 lines
08-15 08:22:14.993  1807  3814 I chatty  : uid=1000(system) Binder_9 expire 7 lines
08-15 08:22:15.027  1807  1903 I chatty  : uid=1000(system) Binder_1 expire 10 lines
08-15 08:22:15.601  1807 24412 I chatty  : uid=1000(system) Binder_F expire 8 lines
08-15 08:22:15.641  1807  3815 I chatty  : uid=1000(system) Binder_A expire 10 lines
08-15 08:22:15.724  1807  3123 I chatty  : uid=1000(system) Binder_4 expire 11 lines
08-15 08:22:15.726  1807 12954 I chatty  : uid=1000(system) Binder_D expire 10 lines
08-15 08:22:15.847  1807  3060 I chatty  : uid=1000(system) WifiService expire 4 lines
08-15 08:22:16.229  1807  3122 I chatty  : uid=1000(system) Binder_3 expire 9 lines
08-15 08:22:16.294  1807  3194 I chatty  : uid=1000(system) Binder_8 expire 11 lines
08-15 08:22:16.328  1807  3192 I chatty  : uid=1000(system) Binder_6 expire 5 lines
08-15 08:22:17.645  1807  3191 I chatty  : uid=1000(system) Binder_5 expire 11 lines
08-15 08:22:18.732  1807 16031 I chatty  : uid=1000(system) Binder_E expire 5 lines
08-15 08:22:18.831  1807 29864 I chatty  : uid=1000(system) Binder_10 expire 6 lines
08-15 08:22:20.359   336   371 I Ext4Crypt: ext4 crypto complete called on /data
08-15 08:22:20.360   336   371 I Ext4Crypt: No master key, so not ext4enc
08-15 08:22:20.363  1807  2710 I chatty  : uid=1000(system) CryptdConnector expire 6 lines
08-15 08:22:20.365   336   371 D VoldCryptCmdListener: cryptfs getpwtype
08-15 08:22:20.365   336   371 I Ext4Crypt: ext4 crypto complete called on /data
08-15 08:22:20.366   336   371 I Ext4Crypt: No master key, so not ext4enc
08-15 08:22:20.845   486 23306 W SocketClient: write error (Broken pipe)
08-15 08:22:21.917 23678 23678 W ActivityThread: ClassLoader.loadClass: The class loader returned by Thread.getContextClassLoader() may fail for processes that host multiple applications. You should explicitly specify a context class loader. For example: Thread.setContextClassLoader(getClass().getClassLoader());
08-15 08:22:26.646  1807  1906 I chatty  : uid=1000(system) Binder_2 expire 6 lines
08-15 08:22:30.609   336   371 I Ext4Crypt: ext4 crypto complete called on /data
08-15 08:22:30.609   336   371 I Ext4Crypt: No master key, so not ext4enc
08-15 08:22:30.614   336   371 D VoldCryptCmdListener: cryptfs getpwtype
08-15 08:22:30.614   336   371 I Ext4Crypt: ext4 crypto complete called on /data
08-15 08:22:30.615   336   371 I Ext4Crypt: No master key, so not ext4enc
08-15 08:22:31.306  1807  1903 I chatty  : uid=1000(system) Binder_1 expire 10 lines
08-15 08:22:32.766  1807  2032 I chatty  : uid=1000(system) ActivityManager expire 2 lines
08-15 08:22:34.093  1807  3061 I chatty  : uid=1000(system) ConnectivitySer expire 14 lines
08-15 08:33:37.136  1807  2705 I chatty  : uid=1000(system) AlarmManager expire 1 line
08-15 08:36:42.619 24661 24661 E ActivityThread: Service com.google.android.gms.car.CarService has leaked ServiceConnection fmj@dddecf1 that was originally bound here
08-15 08:36:42.619 24661 24661 E ActivityThread: android.app.ServiceConnectionLeaked: Service com.google.android.gms.car.CarService has leaked ServiceConnection fmj@dddecf1 that was originally bound here
08-15 08:36:42.619 24661 24661 E ActivityThread: 	at android.app.LoadedApk$ServiceDispatcher.<init>(LoadedApk.java:1092)
08-15 08:36:42.619 24661 24661 E ActivityThread: 	at android.app.LoadedApk.getServiceDispatcher(LoadedApk.java:986)
08-15 08:36:42.619 24661 24661 E ActivityThread: 	at android.app.ContextImpl.bindServiceCommon(ContextImpl.java:1303)
08-15 08:36:42.619 24661 24661 E ActivityThread: 	at android.app.ContextImpl.bindService(ContextImpl.java:1286)
08-15 08:36:42.619 24661 24661 E ActivityThread: 	at android.content.ContextWrapper.bindService(ContextWrapper.java:604)
08-15 08:36:42.619 24661 24661 E ActivityThread: 	at android.content.ContextWrapper.bindService(ContextWrapper.java:604)
08-15 08:36:42.619 24661 24661 E ActivityThread: 	at android.content.ContextWrapper.bindService(ContextWrapper.java:604)
08-15 08:36:42.619 24661 24661 E ActivityThread: 	at ivw.a(:com.google.android.gms:120)
08-15 08:36:42.619 24661 24661 E ActivityThread: 	at ivw.a(:com.google.android.gms:137)
08-15 08:36:42.619 24661 24661 E ActivityThread: 	at fmj.h(:com.google.android.gms:76)
08-15 08:36:42.619 24661 24661 E ActivityThread: 	at fmj.<init>(:com.google.android.gms:64)
08-15 08:36:42.619 24661 24661 E ActivityThread: 	at fpn.i(:com.google.android.gms:551)
08-15 08:36:42.619 24661 24661 E ActivityThread: 	at com.google.android.gms.car.CarChimeraService.onBind(:com.google.android.gms:165)
08-15 08:36:42.619 24661 24661 E ActivityThread: 	at com.google.android.chimera.container.ServiceProxy.onBind(:com.google.android.gms:165)
08-15 08:36:42.619 24661 24661 E ActivityThread: 	at android.app.ActivityThread.handleBindService(ActivityThread.java:2904)
08-15 08:36:42.619 24661 24661 E ActivityThread: 	at android.app.ActivityThread.-wrap2(ActivityThread.java)
08-15 08:36:42.619 24661 24661 E ActivityThread: 	at android.app.ActivityThread$H.handleMessage(ActivityThread.java:1432)
08-15 08:36:42.619 24661 24661 E ActivityThread: 	at android.os.Handler.dispatchMessage(Handler.java:102)
08-15 08:36:42.619 24661 24661 E ActivityThread: 	at android.os.Looper.loop(Looper.java:148)
08-15 08:36:42.619 24661 24661 E ActivityThread: 	at android.app.ActivityThread.main(ActivityThread.java:5422)
08-15 08:36:42.619 24661 24661 E ActivityThread: 	at java.lang.reflect.Method.invoke(Native Method)
08-15 08:36:42.619 24661 24661 E ActivityThread: 	at com.android.internal.os.ZygoteInit$MethodAndArgsCaller.run(ZygoteInit.java:726)
08-15 08:36:42.619 24661 24661 E ActivityThread: 	at com.android.internal.os.ZygoteInit.main(ZygoteInit.java:616)
08-15 08:36:42.621  1807  3194 I chatty  : uid=1000(system) Binder_8 expire 3 lines
08-15 08:39:10.079  1807  1807 I chatty  : uid=1000 system_server expire 1 line
08-15 08:39:11.235  1807  3123 I chatty  : uid=1000(system) Binder_4 expire 1 line
08-15 08:39:11.851 24871 24871 W ActivityThread: ClassLoader.loadClass: The class loader returned by Thread.getContextClassLoader() may fail for processes that host multiple applications. You should explicitly specify a context class loader. For example: Thread.setContextClassLoader(getClass().getClassLoader());
08-15 08:39:12.312  1807  3061 I chatty  : uid=1000(system) ConnectivitySer expire 26 lines
08-15 08:39:12.499  1807  2039 I chatty  : uid=1000(system) android.fg expire 6 lines
08-15 08:39:12.533  1807  2029 I chatty  : uid=1000(system) android.bg expire 1 line
08-15 08:39:13.413   336   371 I Ext4Crypt: ext4 crypto complete called on /data
08-15 08:39:13.414   336   371 I Ext4Crypt: No master key, so not ext4enc
08-15 08:39:13.420  1807  3815 I chatty  : uid=1000(system) Binder_A expire 1 line
08-15 08:39:13.421   336   371 D VoldCryptCmdListener: cryptfs getpwtype
08-15 08:39:13.421   336   371 I Ext4Crypt: ext4 crypto complete called on /data
08-15 08:39:13.422   336   371 I Ext4Crypt: No master key, so not ext4enc
08-15 08:39:13.581  1807  3191 I chatty  : uid=1000(system) Binder_5 expire 2 lines
08-15 08:39:13.671  1807  8212 I chatty  : uid=1000(system) Binder_C expire 1 line
08-15 08:39:14.867   486   863 E FrameworkListener: read() failed (Connection reset by peer)
08-15 08:39:15.732   486 24765 W SocketClient: write error (Broken pipe)
08-15 08:39:15.732   486 24766 W SocketClient: write error (Broken pipe)
08-15 08:39:16.787  1807 12954 I chatty  : uid=1000(system) Binder_D expire 13 lines
08-15 08:39:16.910  1807  3060 I chatty  : uid=1000(system) WifiService expire 10 lines
08-15 08:39:16.992  1807  3814 I chatty  : uid=1000(system) Binder_9 expire 8 lines
08-15 08:39:17.101  1807 29864 I chatty  : uid=1000(system) Binder_10 expire 11 lines
08-15 08:39:17.118  1807  8212 I chatty  : uid=1000(system) Binder_C expire 13 lines
08-15 08:39:17.350  1807  3061 I chatty  : uid=1000(system) ConnectivitySer expire 28 lines
08-15 08:39:17.520  1807  3192 I chatty  : uid=1000(system) Binder_6 expire 11 lines
08-15 08:39:17.643  1807  3057 I chatty  : uid=1000(system) NetworkPolicy expire 2 lines
08-15 08:39:20.092  1807 16031 I chatty  : uid=1000(system) Binder_E expire 11 lines
08-15 08:39:20.184  1807  3194 I chatty  : uid=1000(system) Binder_8 expire 9 lines
08-15 08:39:21.228  1807  5002 I chatty  : uid=1000(system) Binder_B expire 11 lines
08-15 08:39:21.834  1807  3193 I chatty  : uid=1000(system) Binder_7 expire 10 lines
08-15 08:39:22.143  1807  3122 I chatty  : uid=1000(system) Binder_3 expire 15 lines
08-15 08:39:22.638  1807  3815 I chatty  : uid=1000(system) Binder_A expire 10 lines
08-15 08:39:22.680  1807  1906 I chatty  : uid=1000(system) Binder_2 expire 12 lines
08-15 08:39:22.681   336   371 I Ext4Crypt: ext4 crypto complete called on /data
08-15 08:39:22.682   336   371 I Ext4Crypt: No master key, so not ext4enc
08-15 08:39:22.684  1807  2710 I chatty  : uid=1000(system) CryptdConnector expire 8 lines
08-15 08:39:22.686   336   371 D VoldCryptCmdListener: cryptfs getpwtype
08-15 08:39:22.687   336   371 I Ext4Crypt: ext4 crypto complete called on /data
08-15 08:39:22.687   336   371 I Ext4Crypt: No master key, so not ext4enc
08-15 08:39:22.708  1807  3191 I chatty  : uid=1000(system) Binder_5 expire 10 lines
08-15 08:39:22.719  1807 24412 I chatty  : uid=1000(system) Binder_F expire 9 lines
08-15 08:39:22.742  1807  1903 I chatty  : uid=1000(system) Binder_1 expire 9 lines
08-15 08:39:23.333  1807  3123 I chatty  : uid=1000(system) Binder_4 expire 13 lines
08-15 08:39:24.223 25747 25747 W ActivityThread: ClassLoader.loadClass: The class loader returned by Thread.getContextClassLoader() may fail for processes that host multiple applications. You should explicitly specify a context class loader. For example: Thread.setContextClassLoader(getClass().getClassLoader());
08-15 08:39:31.852   486   866 W SocketClient: write error (Broken pipe)
08-15 08:39:33.144   336   371 I Ext4Crypt: ext4 crypto complete called on /data
08-15 08:39:33.144   336   371 I Ext4Crypt: No master key, so not ext4enc
08-15 08:39:33.149   336   371 D VoldCryptCmdListener: cryptfs getpwtype
08-15 08:39:33.150   336   371 I Ext4Crypt: ext4 crypto complete called on /data
08-15 08:39:33.150   336   371 I Ext4Crypt: No master key, so not ext4enc
08-15 08:39:35.537  1807  3061 I chatty  : uid=1000(system) ConnectivitySer expire 10 lines
08-15 08:39:36.886 26362 26362 W ActivityThread: ClassLoader.loadClass: The class loader returned by Thread.getContextClassLoader() may fail for processes that host multiple applications. You should explicitly specify a context class loader. For example: Thread.setContextClassLoader(getClass().getClassLoader());
08-15 08:39:45.006   336   371 I Ext4Crypt: ext4 crypto complete called on /data
08-15 08:39:45.007   336   371 I Ext4Crypt: No master key, so not ext4enc
08-15 08:39:45.012   336   371 D VoldCryptCmdListener: cryptfs getpwtype
08-15 08:39:45.013   336   371 I Ext4Crypt: ext4 crypto complete called on /data
08-15 08:39:45.013   336   371 I Ext4Crypt: No master key, so not ext4enc
08-15 08:39:46.089  1807  3122 I chatty  : uid=1000(system) Binder_3 expire 3 lines
08-15 08:39:46.431 26870 26870 W ActivityThread: ClassLoader.loadClass: The class loader returned by Thread.getContextClassLoader() may fail for processes that host multiple applications. You should explicitly specify a context class loader. For example: Thread.setContextClassLoader(getClass().getClassLoader());
08-15 08:39:49.043  1807  3191 I chatty  : uid=1000(system) Binder_5 expire 4 lines
08-15 08:39:50.802  1807 12954 I chatty  : uid=1000(system) Binder_D expire 7 lines
08-15 08:39:50.953  1807 16031 I chatty  : uid=1000(system) Binder_E expire 1 line
08-15 08:39:53.789   486   863 E FrameworkListener: read() failed (Connection reset by peer)
08-15 08:39:54.345  1807 29864 I chatty  : uid=1000(system) Binder_10 expire 1 line
08-15 08:39:54.609  1807  5002 I chatty  : uid=1000(system) Binder_B expire 1 line
08-15 08:39:55.255   336   371 I Ext4Crypt: ext4 crypto complete called on /data
08-15 08:39:55.256   336   371 I Ext4Crypt: No master key, so not ext4enc
08-15 08:39:55.260   336   371 D VoldCryptCmdListener: cryptfs getpwtype
08-15 08:39:55.261   336   371 I Ext4Crypt: ext4 crypto complete called on /data
08-15 08:39:55.261   336   371 I Ext4Crypt: No master key, so not ext4enc
08-15 08:39:55.334  1807  1906 I chatty  : uid=1000(system) Binder_2 expire 2 lines
08-15 08:39:55.368  1807  3193 I chatty  : uid=1000(system) Binder_7 expire 2 lines
08-15 08:39:57.937  1807  3123 I chatty  : uid=1000(system) Binder_4 expire 1 line
08-15 08:39:58.964  1807  2039 I chatty  : uid=1000(system) android.fg expire 7 lines
08-15 08:39:58.965   486   860 E NetlinkEvent: Unknown ifindex 167 in RTM_DELADDR
08-15 08:39:59.108  1807  3061 I chatty  : uid=1000(system) ConnectivitySer expire 15 lines
08-15 08:44:31.125  1807  3193 I chatty  : uid=1000(system) Binder_7 expire 11 lines
08-15 08:44:31.179  1807  1903 I chatty  : uid=1000(system) Binder_1 expire 10 lines
08-15 08:44:32.317  1807  3814 I chatty  : uid=1000(system) Binder_9 expire 7 lines
08-15 08:44:37.545  1807  8212 I chatty  : uid=1000(system) Binder_C expire 8 lines
08-15 08:46:01.106  1807  2032 I chatty  : uid=1000(system) ActivityManager expire 7 lines
08-15 08:49:42.125  1807  3191 I chatty  : uid=1000(system) Binder_5 expire 8 lines
08-15 08:49:42.189  1807 24412 I chatty  : uid=1000(system) Binder_F expire 11 lines
08-15 08:49:42.211  1807  3122 I chatty  : uid=1000(system) Binder_3 expire 9 lines
08-15 08:49:42.758  1807  3123 I chatty  : uid=1000(system) Binder_4 expire 11 lines
08-15 08:52:10.181  1807 29864 I chatty  : uid=1000(system) Binder_10 expire 12 lines
08-15 08:52:11.133  1807  3060 I chatty  : uid=1000(system) WifiService expire 7 lines
08-15 08:52:13.241  1807 12954 I chatty  : uid=1000(system) Binder_D expire 10 lines
08-15 08:52:15.242 27804 27804 E ActivityThread: Failed to find provider info for com.facebook.katana.provider.AttributionIdProvider
08-15 08:52:15.296 27804 27824 E ActivityThread: Failed to find provider info for com.facebook.katana.provider.AttributionIdProvider
08-15 08:52:15.332   486   863 E FrameworkListener: read() failed (Connection reset by peer)
08-15 08:52:22.177  1807  3815 I chatty  : uid=1000(system) Binder_A expire 12 lines
08-15 08:54:14.328  1807  5002 I chatty  : uid=1000(system) Binder_B expire 9 lines
08-15 08:54:14.366  1807  3057 I chatty  : uid=1000(system) NetworkPolicy expire 4 lines
08-15 08:54:15.250 28052 28052 W ActivityThread: ClassLoader.loadClass: The class loader returned by Thread.getContextClassLoader() may fail for processes that host multiple applications. You should explicitly specify a context class loader. For example: Thread.setContextClassLoader(getClass().getClassLoader());
08-15 08:54:16.065  1807  3061 I chatty  : uid=1000(system) ConnectivitySer expire 53 lines
08-15 08:54:17.168  1807  3059 I chatty  : uid=1000(system) WifiStateMachin expire 1 line
08-15 08:54:20.140  1807  3192 I chatty  : uid=1000(system) Binder_6 expire 9 lines
08-15 08:54:20.220  1807 16031 I chatty  : uid=1000(system) Binder_E expire 8 lines
08-15 08:54:24.185  1807  3194 I chatty  : uid=1000(system) Binder_8 expire 5 lines
08-15 08:54:25.490   336   371 I Ext4Crypt: ext4 crypto complete called on /data
08-15 08:54:25.491   336   371 I Ext4Crypt: No master key, so not ext4enc
08-15 08:54:25.494  1807  2710 I chatty  : uid=1000(system) CryptdConnector expire 4 lines
08-15 08:54:25.496   336   371 D VoldCryptCmdListener: cryptfs getpwtype
08-15 08:54:25.497   336   371 I Ext4Crypt: ext4 crypto complete called on /data
08-15 08:54:25.497   336   371 I Ext4Crypt: No master key, so not ext4enc
08-15 08:54:25.597  1807  1906 I chatty  : uid=1000(system) Binder_2 expire 4 lines
08-15 08:54:27.242 28996 28996 W ActivityThread: ClassLoader.loadClass: The class loader returned by Thread.getContextClassLoader() may fail for processes that host multiple applications. You should explicitly specify a context class loader. For example: Thread.setContextClassLoader(getClass().getClassLoader());
08-15 08:54:28.091  1807  3061 I chatty  : uid=1000(system) ConnectivitySer expire 4 lines
08-15 08:54:29.469   486   863 E FrameworkListener: read() failed (Connection reset by peer)
08-15 08:54:35.821   336   371 I Ext4Crypt: ext4 crypto complete called on /data
08-15 08:54:35.822   336   371 I Ext4Crypt: No master key, so not ext4enc
08-15 08:54:35.826  1807  3123 I chatty  : uid=1000(system) Binder_4 expire 1 line
08-15 08:54:35.827   336   371 D VoldCryptCmdListener: cryptfs getpwtype
08-15 08:54:35.827   336   371 I Ext4Crypt: ext4 crypto complete called on /data
08-15 08:54:35.828   336   371 I Ext4Crypt: No master key, so not ext4enc
08-15 08:54:36.491  1807 24412 I chatty  : uid=1000(system) Binder_F expire 5 lines
08-15 08:54:36.526  1807 12954 I chatty  : uid=1000(system) Binder_D expire 11 lines
08-15 08:54:37.332 29528 29528 W ActivityThread: ClassLoader.loadClass: The class loader returned by Thread.getContextClassLoader() may fail for processes that host multiple applications. You should explicitly specify a context class loader. For example: Thread.setContextClassLoader(getClass().getClassLoader());
08-15 08:54:44.724  1807  5002 I chatty  : uid=1000(system) Binder_B expire 8 lines
08-15 08:54:45.083  1807  3194 I chatty  : uid=1000(system) Binder_8 expire 10 lines
08-15 08:54:45.644  1807  8212 I chatty  : uid=1000(system) Binder_C expire 11 lines
08-15 08:54:45.649  1807  3192 I chatty  : uid=1000(system) Binder_6 expire 11 lines
08-15 08:54:46.212  1807  1906 I chatty  : uid=1000(system) Binder_2 expire 10 lines
08-15 08:54:46.214   336   371 I Ext4Crypt: ext4 crypto complete called on /data
08-15 08:54:46.214   336   371 I Ext4Crypt: No master key, so not ext4enc
08-15 08:54:46.217  1807  2710 I chatty  : uid=1000(system) CryptdConnector expire 6 lines
08-15 08:54:46.219   336   371 D VoldCryptCmdListener: cryptfs getpwtype
08-15 08:54:46.219   336   371 I Ext4Crypt: ext4 crypto complete called on /data
08-15 08:54:46.220   336   371 I Ext4Crypt: No master key, so not ext4enc
08-15 08:54:46.257  1807  3191 I chatty  : uid=1000(system) Binder_5 expire 8 lines
08-15 08:54:46.274  1807  3814 I chatty  : uid=1000(system) Binder_9 expire 6 lines
08-15 08:54:46.276  1807  3060 I chatty  : uid=1000(system) WifiService expire 9 lines
08-15 08:54:46.278  1807  3193 I chatty  : uid=1000(system) Binder_7 expire 13 lines
08-15 08:54:46.926  1807  3123 I chatty  : uid=1000(system) Binder_4 expire 10 lines
08-15 08:54:47.752 30073 30073 W ActivityThread: ClassLoader.loadClass: The class loader returned by Thread.getContextClassLoader() may fail for processes that host multiple applications. You should explicitly specify a context class loader. For example: Thread.setContextClassLoader(getClass().getClassLoader());
08-15 08:54:48.589  1807 24412 I chatty  : uid=1000(system) Binder_F expire 10 lines
08-15 08:54:48.590  1807  3061 I chatty  : uid=1000(system) ConnectivitySer expire 41 lines
08-15 08:54:49.282  1807  3122 I chatty  : uid=1000(system) Binder_3 expire 6 lines
08-15 08:54:49.720  1807  3815 I chatty  : uid=1000(system) Binder_A expire 7 lines
08-15 08:54:50.723  1807 16031 I chatty  : uid=1000(system) Binder_E expire 8 lines
08-15 08:54:52.929  1807  1903 I chatty  : uid=1000(system) Binder_1 expire 7 lines
08-15 08:54:55.001   486 30204 W SocketClient: write error (Broken pipe)
08-15 08:54:57.023   336   371 I Ext4Crypt: ext4 crypto complete called on /data
08-15 08:54:57.023   336   371 I Ext4Crypt: No master key, so not ext4enc
08-15 08:54:57.028   336   371 D VoldCryptCmdListener: cryptfs getpwtype
08-15 08:54:57.028   336   371 I Ext4Crypt: ext4 crypto complete called on /data
08-15 08:54:57.029   336   371 I Ext4Crypt: No master key, so not ext4enc
08-15 08:54:57.080  1807 29864 I chatty  : uid=1000(system) Binder_10 expire 3 lines
08-15 08:54:57.617  1807  1807 I chatty  : uid=1000 system_server expire 6 lines
08-15 08:54:59.662   486   860 E NetlinkEvent: Unknown ifindex 168 in RTM_DELADDR
08-15 08:54:59.666  1807  2039 I chatty  : uid=1000(system) android.fg expire 7 lines
08-15 08:54:59.736  1807  2032 I chatty  : uid=1000(system) ActivityManager expire 6 lines
08-15 08:54:59.742  1807  1906 I chatty  : uid=1000(system) Binder_2 expire 7 lines
08-15 08:59:20.552  1807  2029 I chatty  : uid=1000(system) android.bg expire 3 lines
08-15 09:05:19.029  1807  3661 I chatty  : uid=1000(system) FLP Service Cal expire 1 line
08-15 09:05:22.329   486   860 E NetlinkEvent: Unknown ifindex 169 in RTM_DELADDR
08-15 09:05:22.453  1807  3061 I chatty  : uid=1000(system) ConnectivitySer expire 13 lines
08-15 09:09:19.821  1807  2176 I chatty  : uid=1000(system) PowerManagerSer expire 3 lines
08-15 09:09:19.828  1807  2163 I chatty  : uid=1000(system) android.display expire 2 lines
08-15 09:09:22.016   336   371 I Ext4Crypt: ext4 crypto complete called on /data
08-15 09:09:22.016   336   371 I Ext4Crypt: No master key, so not ext4enc
08-15 09:09:22.019   336   371 D VoldCryptCmdListener: cryptfs getpwtype
08-15 09:09:22.020   336   371 I Ext4Crypt: ext4 crypto complete called on /data
08-15 09:09:22.020   336   371 I Ext4Crypt: No master key, so not ext4enc
08-15 09:09:22.095  1807 12954 I chatty  : uid=1000(system) Binder_D expire 1 line
08-15 09:09:26.032  1807  2707 I chatty  : uid=1000(system) InputReader expire 1 line
08-15 09:09:30.569 31626 31642 D ActivityThread: Loading provider com.google.android.gmail.provider;com.android.mail.notifier;com.google.android.gm.email.provider;com.google.android.gm.email.notifier: com.android.email.provider.EmailProvider
08-15 09:09:31.972  1807  3194 I chatty  : uid=1000(system) Binder_8 expire 2 lines
08-15 09:09:32.162  1807  3123 I chatty  : uid=1000(system) Binder_4 expire 2 lines
08-15 09:13:21.787  1807  3057 I chatty  : uid=1000(system) NetworkPolicy expire 1 line
