08-15 09:13:22.723 31837 31837 W ActivityThread: ClassLoader.loadClass: The class loader returned by Thread.getContextClassLoader() may fail for processes that host multiple applications. You should explicitly specify a context class loader. For example: Thread.setContextClassLoader(getClass().getClassLoader());
08-15 09:13:23.568  1807  3193 I chatty  : uid=1000(system) Binder_7 expire 1 line
08-15 09:13:23.764  1807  3061 I chatty  : uid=1000(system) ConnectivitySer expire 7 lines
08-15 09:13:24.290  1807  3059 I chatty  : uid=1000(system) WifiStateMachin expire 1 line
08-15 09:13:24.539  1807  3061 I chatty  : uid=1000(system) ConnectivitySer expire 61 lines
08-15 09:13:24.543  1807  1903 I chatty  : uid=1000(system) Binder_1 expire 9 lines
08-15 09:13:24.619  1807  3057 I chatty  : uid=1000(system) NetworkPolicy expire 7 lines
08-15 09:13:24.692  1807  2039 I chatty  : uid=1000(system) android.fg expire 3 lines
08-15 09:13:24.781  1807 16031 I chatty  : uid=1000(system) Binder_E expire 13 lines
08-15 09:13:25.764  1807  2032 I chatty  : uid=1000(system) ActivityManager expire 1 line
08-15 09:13:27.445  1807  5002 I chatty  : uid=1000(system) Binder_B expire 7 lines
08-15 09:13:27.524  1807  3123 I chatty  : uid=1000(system) Binder_4 expire 8 lines
08-15 09:13:27.580   486 32387 W SocketClient: write error (Broken pipe)
08-15 09:13:27.896  1807  3194 I chatty  : uid=1000(system) Binder_8 expire 10 lines
08-15 09:13:28.931  1807  8212 I chatty  : uid=1000(system) Binder_C expire 9 lines
08-15 09:13:29.593  1807  3814 I chatty  : uid=1000(system) Binder_9 expire 12 lines
08-15 09:13:29.635  1807  3815 I chatty  : uid=1000(system) Binder_A expire 12 lines
08-15 09:13:29.869  1807 29864 I chatty  : uid=1000(system) Binder_10 expire 6 lines
08-15 09:13:29.877  1807  3060 I chatty  : uid=1000(system) WifiService expire 5 lines
08-15 09:13:29.914  1807  3192 I chatty  : uid=1000(system) Binder_6 expire 5 lines
08-15 09:13:30.301  1807  3193 I chatty  : uid=1000(system) Binder_7 expire 10 lines
08-15 09:13:31.426  1807  1906 I chatty  : uid=1000(system) Binder_2 expire 11 lines
08-15 09:13:31.561  1807 12954 I chatty  : uid=1000(system) Binder_D expire 8 lines
08-15 09:13:32.589  1807 24412 I chatty  : uid=1000(system) Binder_F expire 12 lines
08-15 09:13:35.178  1807  3122 I chatty  : uid=1000(system) Binder_3 expire 8 lines
08-15 09:13:35.194   336   371 I Ext4Crypt: ext4 crypto complete called on /data
08-15 09:13:35.196   336   371 I Ext4Crypt: No master key, so not ext4enc
08-15 09:13:35.198  1807  2710 I chatty  : uid=1000(system) CryptdConnector expire 6 lines
08-15 09:13:35.200   336   371 D VoldCryptCmdListener: cryptfs getpwtype
08-15 09:13:35.200   336   371 I Ext4Crypt: ext4 crypto complete called on /data
08-15 09:13:35.201   336   371 I Ext4Crypt: No master key, so not ext4enc
08-15 09:13:35.239  1807  3191 I chatty  : uid=1000(system) Binder_5 expire 8 lines
08-15 09:13:37.157   931   931 W ActivityThread: ClassLoader.loadClass: The class loader returned by Thread.getContextClassLoader() may fail for processes that host multiple applications. You should explicitly specify a context class loader. For example: Thread.setContextClassLoader(getClass().getClassLoader());
08-15 09:13:38.017  1807  3061 I chatty  : uid=1000(system) ConnectivitySer expire 6 lines
08-15 09:13:39.593   486   863 E FrameworkListener: read() failed (Connection reset by peer)
08-15 09:13:45.739   336   371 I Ext4Crypt: ext4 crypto complete called on /data
08-15 09:13:45.740   336   371 I Ext4Crypt: No master key, so not ext4enc
08-15 09:13:45.746   336   371 D VoldCryptCmdListener: cryptfs getpwtype
08-15 09:13:45.746   336   371 I Ext4Crypt: ext4 crypto complete called on /data
08-15 09:13:45.747   336   371 I Ext4Crypt: No master key, so not ext4enc
08-15 09:13:47.207  1455  1455 W ActivityThread: ClassLoader.loadClass: The class loader returned by Thread.getContextClassLoader() may fail for processes that host multiple applications. You should explicitly specify a context class loader. For example: Thread.setContextClassLoader(getClass().getClassLoader());
08-15 09:13:55.405   336   371 I Ext4Crypt: ext4 crypto complete called on /data
08-15 09:13:55.406   336   371 I Ext4Crypt: No master key, so not ext4enc
08-15 09:13:55.410   336   371 D VoldCryptCmdListener: cryptfs getpwtype
08-15 09:13:55.410   336   371 I Ext4Crypt: ext4 crypto complete called on /data
08-15 09:13:55.410   336   371 I Ext4Crypt: No master key, so not ext4enc
08-15 09:13:55.486  1807  1906 I chatty  : uid=1000(system) Binder_2 expire 5 lines
08-15 09:13:55.500  1807  3193 I chatty  : uid=1000(system) Binder_7 expire 3 lines
08-15 09:13:56.842  1807  3194 I chatty  : uid=1000(system) Binder_8 expire 5 lines
08-15 09:13:56.891  1807  3814 I chatty  : uid=1000(system) Binder_9 expire 1 line
08-15 09:13:57.020  1959  1959 W ActivityThread: ClassLoader.loadClass: The class loader returned by Thread.getContextClassLoader() may fail for processes that host multiple applications. You should explicitly specify a context class loader. For example: Thread.setContextClassLoader(getClass().getClassLoader());
08-15 09:13:58.511  1807  3815 I chatty  : uid=1000(system) Binder_A expire 12 lines
08-15 09:14:05.429   336   371 I Ext4Crypt: ext4 crypto complete called on /data
08-15 09:14:05.429   336   371 I Ext4Crypt: No master key, so not ext4enc
08-15 09:14:05.432  1807  2710 I chatty  : uid=1000(system) CryptdConnector expire 10 lines
08-15 09:14:05.433  1807  3122 I chatty  : uid=1000(system) Binder_3 expire 10 lines
08-15 09:14:05.434   336   371 D VoldCryptCmdListener: cryptfs getpwtype
08-15 09:14:05.434   336   371 I Ext4Crypt: ext4 crypto complete called on /data
08-15 09:14:05.434   336   371 I Ext4Crypt: No master key, so not ext4enc
08-15 09:14:05.459  1807 29864 I chatty  : uid=1000(system) Binder_10 expire 10 lines
08-15 09:14:05.505  1807 16031 I chatty  : uid=1000(system) Binder_E expire 10 lines
08-15 09:14:05.509  1807 12954 I chatty  : uid=1000(system) Binder_D expire 9 lines
08-15 09:14:05.514  1807  3123 I chatty  : uid=1000(system) Binder_4 expire 12 lines
08-15 09:14:05.528  1807  5002 I chatty  : uid=1000(system) Binder_B expire 10 lines
08-15 09:14:05.969  1807 24412 I chatty  : uid=1000(system) Binder_F expire 11 lines
08-15 09:14:06.752  1807  3193 I chatty  : uid=1000(system) Binder_7 expire 5 lines
08-15 09:14:06.756  2513  2513 W ActivityThread: ClassLoader.loadClass: The class loader returned by Thread.getContextClassLoader() may fail for processes that host multiple applications. You should explicitly specify a context class loader. For example: Thread.setContextClassLoader(getClass().getClassLoader());
08-15 09:14:07.446  1807  1903 I chatty  : uid=1000(system) Binder_1 expire 13 lines
08-15 09:14:07.556  1807  3814 I chatty  : uid=1000(system) Binder_9 expire 10 lines
08-15 09:14:08.127  1807  3061 I chatty  : uid=1000(system) ConnectivitySer expire 12 lines
08-15 09:14:08.142  1807  3194 I chatty  : uid=1000(system) Binder_8 expire 10 lines
08-15 09:14:09.541  1807  3192 I chatty  : uid=1000(system) Binder_6 expire 13 lines
08-15 09:14:09.804   486  2454 W SocketClient: write error (Broken pipe)
08-15 09:14:10.362  1807  8212 I chatty  : uid=1000(system) Binder_C expire 7 lines
08-15 09:14:11.131  1807  1906 I chatty  : uid=1000(system) Binder_2 expire 10 lines
08-15 09:14:11.212  1807  3060 I chatty  : uid=1000(system) WifiService expire 7 lines
08-15 09:14:15.349   336   371 I Ext4Crypt: ext4 crypto complete called on /data
08-15 09:14:15.349   336   371 I Ext4Crypt: No master key, so not ext4enc
08-15 09:14:15.355   336   371 D VoldCryptCmdListener: cryptfs getpwtype
08-15 09:14:15.355   336   371 I Ext4Crypt: ext4 crypto complete called on /data
08-15 09:14:15.356   336   371 I Ext4Crypt: No master key, so not ext4enc
08-15 09:14:16.534  3099  3171 D ActivityThread: Loading provider com.google.android.gmail.provider;com.android.mail.notifier;com.google.android.gm.email.provider;com.google.android.gm.email.notifier: com.android.email.provider.EmailProvider
08-15 09:14:17.056  1807  3191 I chatty  : uid=1000(system) Binder_5 expire 14 lines
08-15 09:14:17.313  3134  3134 W ActivityThread: ClassLoader.loadClass: The class loader returned by Thread.getContextClassLoader() may fail for processes that host multiple applications. You should explicitly specify a context class loader. For example: Thread.setContextClassLoader(getClass().getClassLoader());
08-15 09:14:26.829   336   371 I Ext4Crypt: ext4 crypto complete called on /data
08-15 09:14:26.830   336   371 I Ext4Crypt: No master key, so not ext4enc
08-15 09:14:26.854   336   371 D VoldCryptCmdListener: cryptfs getpwtype
08-15 09:14:26.855   336   371 I Ext4Crypt: ext4 crypto complete called on /data
08-15 09:14:26.855   336   371 I Ext4Crypt: No master key, so not ext4enc
08-15 09:14:26.924  1807  3123 I chatty  : uid=1000(system) Binder_4 expire 7 lines
08-15 09:14:26.944  1807  1906 I chatty  : uid=1000(system) Binder_2 expire 10 lines
08-15 09:14:28.150  3776  3776 W ActivityThread: ClassLoader.loadClass: The class loader returned by Thread.getContextClassLoader() may fail for processes that host multiple applications. You should explicitly specify a context class loader. For example: Thread.setContextClassLoader(getClass().getClassLoader());
08-15 09:14:28.882  1807  3815 I chatty  : uid=1000(system) Binder_A expire 11 lines
08-15 09:14:36.300   336   371 I Ext4Crypt: ext4 crypto complete called on /data
08-15 09:14:36.300   336   371 I Ext4Crypt: No master key, so not ext4enc
08-15 09:14:36.304  1807  3192 I chatty  : uid=1000(system) Binder_6 expire 5 lines
08-15 09:14:36.305   336   371 D VoldCryptCmdListener: cryptfs getpwtype
08-15 09:14:36.306   336   371 I Ext4Crypt: ext4 crypto complete called on /data
08-15 09:14:36.306   336   371 I Ext4Crypt: No master key, so not ext4enc
08-15 09:14:36.328  1807  5002 I chatty  : uid=1000(system) Binder_B expire 3 lines
08-15 09:14:36.370  1807 29864 I chatty  : uid=1000(system) Binder_10 expire 6 lines
08-15 09:14:37.233  1807 16031 I chatty  : uid=1000(system) Binder_E expire 3 lines
08-15 09:14:37.772  4371  4371 W ActivityThread: ClassLoader.loadClass: The class loader returned by Thread.getContextClassLoader() may fail for processes that host multiple applications. You should explicitly specify a context class loader. For example: Thread.setContextClassLoader(getClass().getClassLoader());
08-15 09:14:38.464  1807 24412 I chatty  : uid=1000(system) Binder_F expire 3 lines
08-15 09:14:38.812  1807  3122 I chatty  : uid=1000(system) Binder_3 expire 2 lines
08-15 09:14:40.751  4547  4591 D ActivityThread: Loading provider com.google.android.gmail.provider;com.android.mail.notifier;com.google.android.gm.email.provider;com.google.android.gm.email.notifier: com.android.email.provider.EmailProvider
08-15 09:14:43.249  1807  3815 I chatty  : uid=1000(system) Binder_A expire 2 lines
08-15 09:14:46.985   336   371 I Ext4Crypt: ext4 crypto complete called on /data
08-15 09:14:46.985   336   371 I Ext4Crypt: No master key, so not ext4enc
08-15 09:14:46.989  1807  3814 I chatty  : uid=1000(system) Binder_9 expire 2 lines
08-15 09:14:46.990   336   371 D VoldCryptCmdListener: cryptfs getpwtype
08-15 09:14:46.991   336   371 I Ext4Crypt: ext4 crypto complete called on /data
08-15 09:14:46.991   336   371 I Ext4Crypt: No master key, so not ext4enc
08-15 09:14:47.572  1807  3191 I chatty  : uid=1000(system) Binder_5 expire 1 line
08-15 09:14:47.617  1807  1807 I chatty  : uid=1000 system_server expire 1 line
08-15 09:14:49.838   486   860 E NetlinkEvent: Unknown ifindex 170 in RTM_DELADDR
08-15 09:14:49.840  1807  2039 I chatty  : uid=1000(system) android.fg expire 2 lines
08-15 09:14:50.078  1807  3061 I chatty  : uid=1000(system) ConnectivitySer expire 3 lines
08-15 09:14:50.493  1807  1906 I chatty  : uid=1000(system) Binder_2 expire 1 line
08-15 09:14:52.415  1807  1903 I chatty  : uid=1000(system) Binder_1 expire 1 line
08-15 09:14:52.420  1807  3194 I chatty  : uid=1000(system) Binder_8 expire 7 lines
08-15 09:14:52.742  1807  3193 I chatty  : uid=1000(system) Binder_7 expire 8 lines
08-15 09:14:53.954  1807  3814 I chatty  : uid=1000(system) Binder_9 expire 4 lines
08-15 09:14:55.530  1807  2032 I chatty  : uid=1000(system) ActivityManager expire 4 lines
08-15 09:14:55.560  1807  5002 I chatty  : uid=1000(system) Binder_B expire 10 lines
08-15 09:14:56.264  1807 29864 I chatty  : uid=1000(system) Binder_10 expire 10 lines
08-15 09:14:59.055  1807 16031 I chatty  : uid=1000(system) Binder_E expire 10 lines
08-15 09:15:01.782  1807  3122 I chatty  : uid=1000(system) Binder_3 expire 6 lines
08-15 09:15:01.833  1807 12954 I chatty  : uid=1000(system) Binder_D expire 10 lines
08-15 09:16:06.109  1807  3123 I chatty  : uid=1000(system) Binder_4 expire 10 lines
08-15 09:16:07.680  1807  3060 I chatty  : uid=1000(system) WifiService expire 9 lines
08-15 09:16:07.681  1807  3061 I chatty  : uid=1000(system) ConnectivitySer expire 10 lines
08-15 09:20:51.150  1807  3191 I chatty  : uid=1000(system) Binder_5 expire 11 lines
08-15 09:20:51.207  1807  3192 I chatty  : uid=1000(system) Binder_6 expire 15 lines
08-15 09:20:51.707  1807  8212 I chatty  : uid=1000(system) Binder_C expire 12 lines
08-15 09:20:51.916  1807  3815 I chatty  : uid=1000(system) Binder_A expire 7 lines
08-15 09:25:06.353  1807  3057 I chatty  : uid=1000(system) NetworkPolicy expire 4 lines
08-15 09:25:07.400  5470  5470 W ActivityThread: ClassLoader.loadClass: The class loader returned by Thread.getContextClassLoader() may fail for processes that host multiple applications. You should explicitly specify a context class loader. For example: Thread.setContextClassLoader(getClass().getClassLoader());
08-15 09:25:07.987  1807  1906 I chatty  : uid=1000(system) Binder_2 expire 12 lines
08-15 09:25:08.008  1807  3061 I chatty  : uid=1000(system) ConnectivitySer expire 51 lines
08-15 09:25:08.219  1807  2039 I chatty  : uid=1000(system) android.fg expire 3 lines
08-15 09:25:09.210  1807  3059 I chatty  : uid=1000(system) WifiStateMachin expire 1 line
08-15 09:25:09.711  1807 24412 I chatty  : uid=1000(system) Binder_F expire 11 lines
08-15 09:25:10.980  5820  5936 D ActivityThread: Loading provider com.google.android.gmail.provider;com.android.mail.notifier;com.google.android.gm.email.provider;com.google.android.gm.email.notifier: com.android.email.provider.EmailProvider
08-15 09:25:20.206  1807  1903 I chatty  : uid=1000(system) Binder_1 expire 5 lines
08-15 09:25:20.207   336   371 I Ext4Crypt: ext4 crypto complete called on /data
08-15 09:25:20.208   336   371 I Ext4Crypt: No master key, so not ext4enc
08-15 09:25:20.211  1807  2710 I chatty  : uid=1000(system) CryptdConnector expire 4 lines
08-15 09:25:20.213   336   371 D VoldCryptCmdListener: cryptfs getpwtype
08-15 09:25:20.213   336   371 I Ext4Crypt: ext4 crypto complete called on /data
08-15 09:25:20.214   336   371 I Ext4Crypt: No master key, so not ext4enc
08-15 09:25:22.890  6534  6534 W ActivityThread: ClassLoader.loadClass: The class loader returned by Thread.getContextClassLoader() may fail for processes that host multiple applications. You should explicitly specify a context class loader. For example: Thread.setContextClassLoader(getClass().getClassLoader());
08-15 09:25:23.561  1807  3061 I chatty  : uid=1000(system) ConnectivitySer expire 4 lines
08-15 09:25:29.973   486  6683 W SocketClient: write error (Broken pipe)
08-15 09:25:31.559  1807 12954 I chatty  : uid=1000(system) Binder_D expire 6 lines
08-15 09:25:32.490   336   371 I Ext4Crypt: ext4 crypto complete called on /data
08-15 09:25:32.490   336   371 I Ext4Crypt: No master key, so not ext4enc
08-15 09:25:32.495   336   371 D VoldCryptCmdListener: cryptfs getpwtype
08-15 09:25:32.496   336   371 I Ext4Crypt: ext4 crypto complete called on /data
08-15 09:25:32.496   336   371 I Ext4Crypt: No master key, so not ext4enc
08-15 09:25:32.556  1807  3123 I chatty  : uid=1000(system) Binder_4 expire 4 lines
08-15 09:25:34.017  1807  8212 I chatty  : uid=1000(system) Binder_C expire 3 lines
08-15 09:25:34.083  7159  7159 W ActivityThread: ClassLoader.loadClass: The class loader returned by Thread.getContextClassLoader() may fail for processes that host multiple applications. You should explicitly specify a context class loader. For example: Thread.setContextClassLoader(getClass().getClassLoader());
08-15 09:25:38.007  1807  3191 I chatty  : uid=1000(system) Binder_5 expire 4 lines
08-15 09:25:41.770   486   863 E FrameworkListener: read() failed (Connection reset by peer)
08-15 09:25:42.132  1807  5002 I chatty  : uid=1000(system) Binder_B expire 6 lines
08-15 09:25:42.952  1807 29864 I chatty  : uid=1000(system) Binder_10 expire 10 lines
08-15 09:25:42.953   336   371 I Ext4Crypt: ext4 crypto complete called on /data
08-15 09:25:42.953   336   371 I Ext4Crypt: No master key, so not ext4enc
08-15 09:25:42.956  1807  2710 I chatty  : uid=1000(system) CryptdConnector expire 8 lines
08-15 09:25:42.959   336   371 D VoldCryptCmdListener: cryptfs getpwtype
08-15 09:25:42.959   336   371 I Ext4Crypt: ext4 crypto complete called on /data
08-15 09:25:42.959   336   371 I Ext4Crypt: No master key, so not ext4enc
08-15 09:25:42.977  1807  3191 I chatty  : uid=1000(system) Binder_5 expire 10 lines
08-15 09:25:43.016  1807  3122 I chatty  : uid=1000(system) Binder_3 expire 9 lines
08-15 09:25:43.636  1807  1906 I chatty  : uid=1000(system) Binder_2 expire 7 lines
08-15 09:25:43.723  1807  3815 I chatty  : uid=1000(system) Binder_A expire 10 lines
08-15 09:25:44.491  1807  1903 I chatty  : uid=1000(system) Binder_1 expire 4 lines
08-15 09:25:44.567  7707  7707 W ActivityThread: ClassLoader.loadClass: The class loader returned by Thread.getContextClassLoader() may fail for processes that host multiple applications. You should explicitly specify a context class loader. For example: Thread.setContextClassLoader(getClass().getClassLoader());
08-15 09:25:45.079  1807  3123 I chatty  : uid=1000(system) Binder_4 expire 7 lines
08-15 09:25:45.377  1807 24412 I chatty  : uid=1000(system) Binder_F expire 8 lines
08-15 09:25:45.378  1807  3061 I chatty  : uid=1000(system) ConnectivitySer expire 11 lines
08-15 09:25:46.793   486   863 E FrameworkListener: read() failed (Connection reset by peer)
08-15 09:25:47.070  1807  3193 I chatty  : uid=1000(system) Binder_7 expire 11 lines
08-15 09:25:47.922  1807  3060 I chatty  : uid=1000(system) WifiService expire 9 lines
08-15 09:25:47.945  1807 12954 I chatty  : uid=1000(system) Binder_D expire 8 lines
08-15 09:25:48.462  1807  3814 I chatty  : uid=1000(system) Binder_9 expire 8 lines
08-15 09:25:48.596  1807 16031 I chatty  : uid=1000(system) Binder_E expire 8 lines
08-15 09:25:48.768  1807  3192 I chatty  : uid=1000(system) Binder_6 expire 7 lines
08-15 09:25:52.569   336   371 I Ext4Crypt: ext4 crypto complete called on /data
08-15 09:25:52.569   336   371 I Ext4Crypt: No master key, so not ext4enc
08-15 09:25:52.575   336   371 D VoldCryptCmdListener: cryptfs getpwtype
08-15 09:25:52.575   336   371 I Ext4Crypt: ext4 crypto complete called on /data
08-15 09:25:52.576   336   371 I Ext4Crypt: No master key, so not ext4enc
08-15 09:25:53.325  1807  8212 I chatty  : uid=1000(system) Binder_C expire 16 lines
08-15 09:25:53.600  1807  3194 I chatty  : uid=1000(system) Binder_8 expire 14 lines
08-15 09:25:53.832  8244  8289 D ActivityThread: Loading provider com.google.android.gmail.provider;com.android.mail.notifier;com.google.android.gm.email.provider;com.google.android.gm.email.notifier: com.android.email.provider.EmailProvider
08-15 09:25:54.193  1807  1807 I chatty  : uid=1000 system_server expire 25 lines
08-15 09:25:55.620   486   860 E NetlinkEvent: Unknown ifindex 171 in RTM_DELADDR
08-15 09:25:55.624  1807  2039 I chatty  : uid=1000(system) android.fg expire 2 lines
08-15 09:33:24.138  1807  3056 I chatty  : uid=1000(system) NetworkStats expire 1 line
08-15 09:33:24.756  1807  3191 I chatty  : uid=1000(system) Binder_5 expire 5 lines
08-15 09:33:25.974  1807  2032 I chatty  : uid=1000(system) ActivityManager expire 15 lines
08-15 09:34:33.079  8493  8493 E ActivityThread: Failed to find provider info for com.facebook.katana.provider.AttributionIdProvider
08-15 09:34:33.119  8493  8516 E ActivityThread: Failed to find provider info for com.facebook.katana.provider.AttributionIdProvider
08-15 09:50:05.197  1807  2029 I chatty  : uid=1000(system) android.bg expire 1 line
08-15 09:50:05.884   336   371 I Ext4Crypt: ext4 crypto complete called on /data
08-15 09:50:05.885   336   371 I Ext4Crypt: No master key, so not ext4enc
08-15 09:50:05.888  1807  3815 I chatty  : uid=1000(system) Binder_A expire 9 lines
08-15 09:50:05.889   336   371 D VoldCryptCmdListener: cryptfs getpwtype
08-15 09:50:05.890   336   371 I Ext4Crypt: ext4 crypto complete called on /data
08-15 09:50:05.891   336   371 I Ext4Crypt: No master key, so not ext4enc
08-15 09:50:46.527   336   371 I Ext4Crypt: ext4 crypto complete called on /data
08-15 09:50:46.528   336   371 I Ext4Crypt: No master key, so not ext4enc
08-15 09:50:46.533   336   371 D VoldCryptCmdListener: cryptfs getpwtype
08-15 09:50:46.533   336   371 I Ext4Crypt: ext4 crypto complete called on /data
08-15 09:50:46.534   336   371 I Ext4Crypt: No master key, so not ext4enc
08-15 09:51:11.074  1807  3242 I chatty  : uid=1000(system) AsyncQueryWorke expire 2 lines
08-15 09:51:11.463  1807 29864 I chatty  : uid=1000(system) Binder_10 expire 11 lines
08-15 09:51:11.518  1807  8943 I chatty  : uid=1000 system_server expire 3 lines
08-15 09:51:12.323  8916  8988 D ActivityThread: Loading provider com.google.android.gmail.provider;com.android.mail.notifier;com.google.android.gm.email.provider;com.google.android.gm.email.notifier: com.android.email.provider.EmailProvider
08-15 09:51:14.312  1807  2163 I chatty  : uid=1000(system) android.display expire 2 lines
08-15 09:51:14.520  1807  2176 I chatty  : uid=1000(system) PowerManagerSer expire 2 lines
08-15 09:51:14.636  1807  3061 I chatty  : uid=1000(system) ConnectivitySer expire 10 lines
08-15 09:51:16.103  9105  9105 D ActivityThread: Loading provider com.sina.weibo.spProvider: com.sina.weibo.provider.SinaWeiboSPProvider
08-15 09:51:17.392  1807  8212 I chatty  : uid=1000(system) Binder_C expire 12 lines
08-15 09:51:18.779  1807  3060 I chatty  : uid=1000(system) WifiService expire 6 lines
08-15 09:51:18.973  1807  3193 I chatty  : uid=1000(system) Binder_7 expire 11 lines
08-15 09:51:18.975  1807  2032 I chatty  : uid=1000(system) ActivityManager expire 11 lines
08-15 09:51:23.605  1807  5002 I chatty  : uid=1000(system) Binder_B expire 10 lines
08-15 09:51:27.391  1807  2163 I chatty  : uid=1000(system) android.display expire 3 lines
08-15 09:51:33.169  1807  1906 I chatty  : uid=1000(system) Binder_2 expire 10 lines
08-15 09:51:34.124  9332  9332 E ActivityThread: Failed to find provider info for com.tencent.mm.coolassist.debugprovider
08-15 09:51:53.616  1807  3192 I chatty  : uid=1000(system) Binder_6 expire 10 lines
08-15 09:52:16.688  1807 16031 I chatty  : uid=1000(system) Binder_E expire 22 lines
08-15 09:52:16.876  1807  3194 I chatty  : uid=1000(system) Binder_8 expire 9 lines
08-15 09:52:16.990  1807  1807 I chatty  : uid=1000 system_server expire 3 lines
08-15 09:52:17.331  1807  3122 I chatty  : uid=1000(system) Binder_3 expire 12 lines
08-15 09:52:20.318  1807  3815 I chatty  : uid=1000(system) Binder_A expire 10 lines
08-15 09:52:20.803  1807 29864 I chatty  : uid=1000(system) Binder_10 expire 9 lines
08-15 09:52:22.499  1807  3123 I chatty  : uid=1000(system) Binder_4 expire 7 lines
08-15 09:52:27.613  9452  9452 E ActivityThread: Failed to find provider info for com.facebook.katana.provider.AttributionIdProvider
08-15 09:52:27.665  9452  9517 E ActivityThread: Failed to find provider info for com.facebook.katana.provider.AttributionIdProvider
08-15 09:52:29.512   336   371 I Ext4Crypt: ext4 crypto complete called on /data
08-15 09:52:29.513   336   371 I Ext4Crypt: No master key, so not ext4enc
08-15 09:52:29.519  1807  2710 I chatty  : uid=1000(system) CryptdConnector expire 4 lines
08-15 09:52:29.521   336   371 D VoldCryptCmdListener: cryptfs getpwtype
08-15 09:52:29.521   336   371 I Ext4Crypt: ext4 crypto complete called on /data
08-15 09:52:29.522   336   371 I Ext4Crypt: No master key, so not ext4enc
08-15 09:52:29.625  1807 16031 I chatty  : uid=1000(system) Binder_E expire 7 lines
08-15 09:52:29.692  1807 24412 I chatty  : uid=1000(system) Binder_F expire 9 lines
08-15 09:52:48.626  1807  1903 I chatty  : uid=1000(system) Binder_1 expire 8 lines
08-15 09:52:59.801  1807  3191 I chatty  : uid=1000(system) Binder_5 expire 10 lines
08-15 09:53:05.980  1807 12954 I chatty  : uid=1000(system) Binder_D expire 9 lines
08-15 09:57:35.978 10878 10878 E ActivityThread: Failed to find provider info for com.facebook.katana.provider.AttributionIdProvider
08-15 09:57:36.017 10878 10905 E ActivityThread: Failed to find provider info for com.facebook.katana.provider.AttributionIdProvider
08-15 09:57:36.321  1807  3061 I chatty  : uid=1000(system) ConnectivitySer expire 7 lines
08-15 10:03:57.046  9332  9332 E ActivityThread: Failed to find provider info for com.huawei.android.launcher.settings
08-15 10:03:57.051  9332  9332 E ActivityThread: Failed to find provider info for com.android.badge
08-15 10:04:03.900  1807  2032 I chatty  : uid=1000(system) ActivityManager expire 11 lines
08-15 10:04:04.316 12127 12127 E ActivityThread: Failed to find provider info for com.tencent.mm.coolassist.debugprovider
08-15 10:04:10.779  1807  8212 I chatty  : uid=1000(system) Binder_C expire 6 lines
08-15 10:04:55.421  1807  2029 I chatty  : uid=1000(system) android.bg expire 2 lines
08-15 10:04:58.676  9105  9105 W ViewRootImpl: Cancelling event due to no window focus: KeyEvent { action=ACTION_UP, keyCode=KEYCODE_BACK, scanCode=0, metaState=0, flags=0x68, repeatCount=0, eventTime=463057986, downTime=463057872, deviceId=-1, source=0x101 }
08-15 10:04:58.677  9105  9105 W ViewRootImpl: Cancelling event due to no window focus: KeyEvent { action=ACTION_UP, keyCode=KEYCODE_BACK, scanCode=0, metaState=0, flags=0x68, repeatCount=0, eventTime=463057986, downTime=463057872, deviceId=-1, source=0x101 }
08-15 10:04:58.677  9105  9105 W ViewRootImpl: Cancelling event due to no window focus: KeyEvent { action=ACTION_UP, keyCode=KEYCODE_BACK, scanCode=0, metaState=0, flags=0x68, repeatCount=0, eventTime=463057986, downTime=463057872, deviceId=-1, source=0x101 }
08-15 10:04:58.678  9105  9105 W ViewRootImpl: Cancelling event due to no window focus: KeyEvent { action=ACTION_UP, keyCode=KEYCODE_BACK, scanCode=0, metaState=0, flags=0x68, repeatCount=0, eventTime=463057986, downTime=463057872, deviceId=-1, source=0x101 }
08-15 10:04:58.678  9105  9105 W ViewRootImpl: Cancelling event due to no window focus: KeyEvent { action=ACTION_UP, keyCode=KEYCODE_BACK, scanCode=0, metaState=0, flags=0x68, repeatCount=0, eventTime=463057986, downTime=463057872, deviceId=-1, source=0x101 }
08-15 10:04:58.679  9105  9105 W ViewRootImpl: Cancelling event due to no window focus: KeyEvent { action=ACTION_UP, keyCode=KEYCODE_BACK, scanCode=0, metaState=0, flags=0x68, repeatCount=0, eventTime=463057986, downTime=463057872, deviceId=-1, source=0x101 }
08-15 10:04:58.679  9105  9105 W ViewRootImpl: Cancelling event due to no window focus: KeyEvent { action=ACTION_UP, keyCode=KEYCODE_BACK, scanCode=0, metaState=0, flags=0x68, repeatCount=0, eventTime=463057986, downTime=463057872, deviceId=-1, source=0x101 }
08-15 10:04:58.680  9105  9105 W ViewRootImpl: Cancelling event due to no window focus: KeyEvent { action=ACTION_UP, keyCode=KEYCODE_BACK, scanCode=0, metaState=0, flags=0x68, repeatCount=0, eventTime=463057986, downTime=463057872, deviceId=-1, source=0x101 }
08-15 10:04:58.680  9105  9105 W ViewRootImpl: Cancelling event due to no window focus: KeyEvent { action=ACTION_UP, keyCode=KEYCODE_BACK, scanCode=0, metaState=0, flags=0x68, repeatCount=0, eventTime=463057986, downTime=463057872, deviceId=-1, source=0x101 }
08-15 10:06:39.282   336   371 I Ext4Crypt: ext4 crypto complete called on /data
08-15 10:06:39.290   336   371 I Ext4Crypt: No master key, so not ext4enc
08-15 10:06:39.295   336   371 D VoldCryptCmdListener: cryptfs getpwtype
08-15 10:06:39.296   336   371 I Ext4Crypt: ext4 crypto complete called on /data
08-15 10:06:39.296   336   371 I Ext4Crypt: No master key, so not ext4enc
08-15 10:07:13.264  1807  2035 I chatty  : uid=1000(system) android.ui expire 1 line
08-15 10:07:16.823  1807  5002 I chatty  : uid=1000(system) Binder_B expire 5 lines
08-15 10:08:36.097  1807  2705 I chatty  : uid=1000(system) AlarmManager expire 1 line
08-15 10:08:36.314  1807  3814 I chatty  : uid=1000(system) Binder_9 expire 8 lines
08-15 10:09:33.360  9105  9105 W ViewRootImpl: Cancelling event due to no window focus: KeyEvent { action=ACTION_UP, keyCode=KEYCODE_BACK, scanCode=0, metaState=0, flags=0x68, repeatCount=0, eventTime=463332487, downTime=463332431, deviceId=-1, source=0x101 }
08-15 10:09:33.361  9105  9105 W ViewRootImpl: Cancelling event due to no window focus: KeyEvent { action=ACTION_UP, keyCode=KEYCODE_BACK, scanCode=0, metaState=0, flags=0x68, repeatCount=0, eventTime=463332487, downTime=463332431, deviceId=-1, source=0x101 }
08-15 10:09:33.361  9105  9105 W ViewRootImpl: Cancelling event due to no window focus: KeyEvent { action=ACTION_UP, keyCode=KEYCODE_BACK, scanCode=0, metaState=0, flags=0x68, repeatCount=0, eventTime=463332487, downTime=463332431, deviceId=-1, source=0x101 }
08-15 10:09:33.364  9105  9105 W ViewRootImpl: Cancelling event due to no window focus: KeyEvent { action=ACTION_UP, keyCode=KEYCODE_BACK, scanCode=0, metaState=0, flags=0x68, repeatCount=0, eventTime=463332487, downTime=463332431, deviceId=-1, source=0x101 }
08-15 10:09:33.364  9105  9105 W ViewRootImpl: Cancelling event due to no window focus: KeyEvent { action=ACTION_UP, keyCode=KEYCODE_BACK, scanCode=0, metaState=0, flags=0x68, repeatCount=0, eventTime=463332487, downTime=463332431, deviceId=-1, source=0x101 }
08-15 10:09:33.365  9105  9105 W ViewRootImpl: Cancelling event due to no window focus: KeyEvent { action=ACTION_UP, keyCode=KEYCODE_BACK, scanCode=0, metaState=0, flags=0x68, repeatCount=0, eventTime=463332487, downTime=463332431, deviceId=-1, source=0x101 }
08-15 10:09:33.365  9105  9105 W ViewRootImpl: Cancelling event due to no window focus: KeyEvent { action=ACTION_UP, keyCode=KEYCODE_BACK, scanCode=0, metaState=0, flags=0x68, repeatCount=0, eventTime=463332487, downTime=463332431, deviceId=-1, source=0x101 }
08-15 10:09:33.366  9105  9105 W ViewRootImpl: Cancelling event due to no window focus: KeyEvent { action=ACTION_UP, keyCode=KEYCODE_BACK, scanCode=0, metaState=0, flags=0x68, repeatCount=0, eventTime=463332487, downTime=463332431, deviceId=-1, source=0x101 }
08-15 10:09:33.366  9105  9105 W ViewRootImpl: Cancelling event due to no window focus: KeyEvent { action=ACTION_UP, keyCode=KEYCODE_BACK, scanCode=0, metaState=0, flags=0x68, repeatCount=0, eventTime=463332487, downTime=463332431, deviceId=-1, source=0x101 }
08-15 10:13:18.640  1807  3192 I chatty  : uid=1000(system) Binder_6 expire 3 lines
08-15 10:15:43.100  9105  9105 W ViewRootImpl: Cancelling event due to no window focus: KeyEvent { action=ACTION_UP, keyCode=KEYCODE_BACK, scanCode=0, metaState=0, flags=0x68, repeatCount=0, eventTime=463702370, downTime=463702295, deviceId=-1, source=0x101 }
08-15 10:15:43.100  9105  9105 W ViewRootImpl: Cancelling event due to no window focus: KeyEvent { action=ACTION_UP, keyCode=KEYCODE_BACK, scanCode=0, metaState=0, flags=0x68, repeatCount=0, eventTime=463702370, downTime=463702295, deviceId=-1, source=0x101 }
08-15 10:15:43.101  9105  9105 W ViewRootImpl: Cancelling event due to no window focus: KeyEvent { action=ACTION_UP, keyCode=KEYCODE_BACK, scanCode=0, metaState=0, flags=0x68, repeatCount=0, eventTime=463702370, downTime=463702295, deviceId=-1, source=0x101 }
08-15 10:15:43.102  9105  9105 W ViewRootImpl: Cancelling event due to no window focus: KeyEvent { action=ACTION_UP, keyCode=KEYCODE_BACK, scanCode=0, metaState=0, flags=0x68, repeatCount=0, eventTime=463702370, downTime=463702295, deviceId=-1, source=0x101 }
08-15 10:15:43.102  9105  9105 W ViewRootImpl: Cancelling event due to no window focus: KeyEvent { action=ACTION_UP, keyCode=KEYCODE_BACK, scanCode=0, metaState=0, flags=0x68, repeatCount=0, eventTime=463702370, downTime=463702295, deviceId=-1, source=0x101 }
08-15 10:15:43.102  9105  9105 W ViewRootImpl: Cancelling event due to no window focus: KeyEvent { action=ACTION_UP, keyCode=KEYCODE_BACK, scanCode=0, metaState=0, flags=0x68, repeatCount=0, eventTime=463702370, downTime=463702295, deviceId=-1, source=0x101 }
08-15 10:15:43.103  9105  9105 W ViewRootImpl: Cancelling event due to no window focus: KeyEvent { action=ACTION_UP, keyCode=KEYCODE_BACK, scanCode=0, metaState=0, flags=0x68, repeatCount=0, eventTime=463702370, downTime=463702295, deviceId=-1, source=0x101 }
08-15 10:15:43.103  9105  9105 W ViewRootImpl: Cancelling event due to no window focus: KeyEvent { action=ACTION_UP, keyCode=KEYCODE_BACK, scanCode=0, metaState=0, flags=0x68, repeatCount=0, eventTime=463702370, downTime=463702295, deviceId=-1, source=0x101 }
08-15 10:15:43.104  9105  9105 W ViewRootImpl: Cancelling event due to no window focus: KeyEvent { action=ACTION_UP, keyCode=KEYCODE_BACK, scanCode=0, metaState=0, flags=0x68, repeatCount=0, eventTime=463702370, downTime=463702295, deviceId=-1, source=0x101 }
08-15 10:16:41.022  1807  3122 I chatty  : uid=1000(system) Binder_3 expire 2 lines
08-15 10:16:42.889 15385 15402 D ActivityThread: Loading provider com.google.android.gmail.provider;com.android.mail.notifier;com.google.android.gm.email.provider;com.google.android.gm.email.notifier: com.android.email.provider.EmailProvider
08-15 10:16:43.134  1807  1906 I chatty  : uid=1000(system) Binder_2 expire 2 lines
08-15 10:16:43.384  1807  3193 I chatty  : uid=1000(system) Binder_7 expire 3 lines
08-15 10:16:43.586  1807  3815 I chatty  : uid=1000(system) Binder_A expire 4 lines
08-15 10:18:42.173  9105  9105 W ViewRootImpl: Cancelling event due to no window focus: KeyEvent { action=ACTION_UP, keyCode=KEYCODE_BACK, scanCode=0, metaState=0, flags=0x68, repeatCount=0, eventTime=463881519, downTime=463881405, deviceId=-1, source=0x101 }
08-15 10:18:42.173  9105  9105 W ViewRootImpl: Cancelling event due to no window focus: KeyEvent { action=ACTION_UP, keyCode=KEYCODE_BACK, scanCode=0, metaState=0, flags=0x68, repeatCount=0, eventTime=463881519, downTime=463881405, deviceId=-1, source=0x101 }
08-15 10:18:42.174  9105  9105 W ViewRootImpl: Cancelling event due to no window focus: KeyEvent { action=ACTION_UP, keyCode=KEYCODE_BACK, scanCode=0, metaState=0, flags=0x68, repeatCount=0, eventTime=463881519, downTime=463881405, deviceId=-1, source=0x101 }
08-15 10:18:42.175  9105  9105 W ViewRootImpl: Cancelling event due to no window focus: KeyEvent { action=ACTION_UP, keyCode=KEYCODE_BACK, scanCode=0, metaState=0, flags=0x68, repeatCount=0, eventTime=463881519, downTime=463881405, deviceId=-1, source=0x101 }
08-15 10:18:42.175  9105  9105 W ViewRootImpl: Cancelling event due to no window focus: KeyEvent { action=ACTION_UP, keyCode=KEYCODE_BACK, scanCode=0, metaState=0, flags=0x68, repeatCount=0, eventTime=463881519, downTime=463881405, deviceId=-1, source=0x101 }
08-15 10:18:42.176  9105  9105 W ViewRootImpl: Cancelling event due to no window focus: KeyEvent { action=ACTION_UP, keyCode=KEYCODE_BACK, scanCode=0, metaState=0, flags=0x68, repeatCount=0, eventTime=463881519, downTime=463881405, deviceId=-1, source=0x101 }
08-15 10:18:42.176  9105  9105 W ViewRootImpl: Cancelling event due to no window focus: KeyEvent { action=ACTION_UP, keyCode=KEYCODE_BACK, scanCode=0, metaState=0, flags=0x68, repeatCount=0, eventTime=463881519, downTime=463881405, deviceId=-1, source=0x101 }
08-15 10:18:42.177  9105  9105 W ViewRootImpl: Cancelling event due to no window focus: KeyEvent { action=ACTION_UP, keyCode=KEYCODE_BACK, scanCode=0, metaState=0, flags=0x68, repeatCount=0, eventTime=463881519, downTime=463881405, deviceId=-1, source=0x101 }
08-15 10:18:42.177  9105  9105 W ViewRootImpl: Cancelling event due to no window focus: KeyEvent { action=ACTION_UP, keyCode=KEYCODE_BACK, scanCode=0, metaState=0, flags=0x68, repeatCount=0, eventTime=463881519, downTime=463881405, deviceId=-1, source=0x101 }
08-15 10:20:08.379  1807  2032 I chatty  : uid=1000(system) ActivityManager expire 3 lines
08-15 10:22:06.152 16431 16446 D ActivityThread: Loading provider com.google.android.gmail.provider;com.android.mail.notifier;com.google.android.gm.email.provider;com.google.android.gm.email.notifier: com.android.email.provider.EmailProvider
08-15 10:22:06.440  1807  3191 I chatty  : uid=1000(system) Binder_5 expire 10 lines
08-15 10:22:33.263  9105  9105 W ViewRootImpl: Cancelling event due to no window focus: KeyEvent { action=ACTION_UP, keyCode=KEYCODE_BACK, scanCode=0, metaState=0, flags=0x68, repeatCount=0, eventTime=464112548, downTime=464112441, deviceId=-1, source=0x101 }
08-15 10:22:33.264  9105  9105 W ViewRootImpl: Cancelling event due to no window focus: KeyEvent { action=ACTION_UP, keyCode=KEYCODE_BACK, scanCode=0, metaState=0, flags=0x68, repeatCount=0, eventTime=464112548, downTime=464112441, deviceId=-1, source=0x101 }
08-15 10:22:33.264  9105  9105 W ViewRootImpl: Cancelling event due to no window focus: KeyEvent { action=ACTION_UP, keyCode=KEYCODE_BACK, scanCode=0, metaState=0, flags=0x68, repeatCount=0, eventTime=464112548, downTime=464112441, deviceId=-1, source=0x101 }
08-15 10:22:33.265  9105  9105 W ViewRootImpl: Cancelling event due to no window focus: KeyEvent { action=ACTION_UP, keyCode=KEYCODE_BACK, scanCode=0, metaState=0, flags=0x68, repeatCount=0, eventTime=464112548, downTime=464112441, deviceId=-1, source=0x101 }
08-15 10:22:33.265  9105  9105 W ViewRootImpl: Cancelling event due to no window focus: KeyEvent { action=ACTION_UP, keyCode=KEYCODE_BACK, scanCode=0, metaState=0, flags=0x68, repeatCount=0, eventTime=464112548, downTime=464112441, deviceId=-1, source=0x101 }
08-15 10:22:33.266  9105  9105 W ViewRootImpl: Cancelling event due to no window focus: KeyEvent { action=ACTION_UP, keyCode=KEYCODE_BACK, scanCode=0, metaState=0, flags=0x68, repeatCount=0, eventTime=464112548, downTime=464112441, deviceId=-1, source=0x101 }
08-15 10:22:33.266  9105  9105 W ViewRootImpl: Cancelling event due to no window focus: KeyEvent { action=ACTION_UP, keyCode=KEYCODE_BACK, scanCode=0, metaState=0, flags=0x68, repeatCount=0, eventTime=464112548, downTime=464112441, deviceId=-1, source=0x101 }
08-15 10:22:33.266  9105  9105 W ViewRootImpl: Cancelling event due to no window focus: KeyEvent { action=ACTION_UP, keyCode=KEYCODE_BACK, scanCode=0, metaState=0, flags=0x68, repeatCount=0, eventTime=464112548, downTime=464112441, deviceId=-1, source=0x101 }
08-15 10:22:33.267  9105  9105 W ViewRootImpl: Cancelling event due to no window focus: KeyEvent { action=ACTION_UP, keyCode=KEYCODE_BACK, scanCode=0, metaState=0, flags=0x68, repeatCount=0, eventTime=464112548, downTime=464112441, deviceId=-1, source=0x101 }
08-15 10:23:36.355  1807  5002 I chatty  : uid=1000(system) Binder_B expire 10 lines
08-15 10:23:47.335  1807  2032 I chatty  : uid=1000(system) ActivityManager expire 10 lines
08-15 10:23:48.125  1807  3060 I chatty  : uid=1000(system) WifiService expire 9 lines
08-15 10:23:57.584  1807 16031 I chatty  : uid=1000(system) Binder_E expire 8 lines
08-15 10:23:57.873 16919 16936 W ActivityThread: ClassLoader.loadClass: The class loader returned by Thread.getContextClassLoader() may fail for processes that host multiple applications. You should explicitly specify a context class loader. For example: Thread.setContextClassLoader(getClass().getClassLoader());
08-15 10:24:58.654  1807  2029 I chatty  : uid=1000(system) android.bg expire 1 line
08-15 10:25:09.998  1807  3061 I chatty  : uid=1000(system) ConnectivitySer expire 5 lines
08-15 10:27:14.866  1807  3194 I chatty  : uid=1000(system) Binder_8 expire 7 lines
08-15 10:27:14.953  1807  1906 I chatty  : uid=1000(system) Binder_2 expire 11 lines
08-15 10:27:16.110   336   371 I Ext4Crypt: ext4 crypto complete called on /data
08-15 10:27:16.113   336   371 I Ext4Crypt: No master key, so not ext4enc
08-15 10:27:16.118  1807  2710 I chatty  : uid=1000(system) CryptdConnector expire 2 lines
08-15 10:27:16.119   336   371 D VoldCryptCmdListener: cryptfs getpwtype
08-15 10:27:16.120   336   371 I Ext4Crypt: ext4 crypto complete called on /data
08-15 10:27:16.120   336   371 I Ext4Crypt: No master key, so not ext4enc
08-15 10:27:16.165  1807 29864 I chatty  : uid=1000(system) Binder_10 expire 28 lines
08-15 10:28:08.683  1807  1807 I chatty  : uid=1000 system_server expire 24 lines
08-15 10:28:33.041  1807  3814 I chatty  : uid=1000(system) Binder_9 expire 5 lines
08-15 10:28:33.095  1807  3122 I chatty  : uid=1000(system) Binder_3 expire 7 lines
08-15 10:28:41.245 18007 18007 E ActivityThread: Failed to find provider info for com.facebook.katana.provider.AttributionIdProvider
08-15 10:28:41.268 18007 18033 E ActivityThread: Failed to find provider info for com.facebook.katana.provider.AttributionIdProvider
08-15 10:29:22.351  1807  8212 I chatty  : uid=1000(system) Binder_C expire 30 lines
08-15 10:29:28.032  1807  3192 I chatty  : uid=1000(system) Binder_6 expire 4 lines
08-15 10:30:06.666  1807  3123 I chatty  : uid=1000(system) Binder_4 expire 4 lines
08-15 10:30:23.155  1807 12954 I chatty  : uid=1000(system) Binder_D expire 8 lines
08-15 10:30:39.640  1807  3815 I chatty  : uid=1000(system) Binder_A expire 5 lines
08-15 10:30:42.552  1807  1903 I chatty  : uid=1000(system) Binder_1 expire 10 lines
08-15 10:30:56.890  1807  3193 I chatty  : uid=1000(system) Binder_7 expire 7 lines
08-15 10:32:07.453  9105  9105 W ViewRootImpl: Cancelling event due to no window focus: KeyEvent { action=ACTION_UP, keyCode=KEYCODE_BACK, scanCode=0, metaState=0, flags=0x68, repeatCount=0, eventTime=464686717, downTime=464686640, deviceId=-1, source=0x101 }
08-15 10:32:07.454  9105  9105 W ViewRootImpl: Cancelling event due to no window focus: KeyEvent { action=ACTION_UP, keyCode=KEYCODE_BACK, scanCode=0, metaState=0, flags=0x68, repeatCount=0, eventTime=464686717, downTime=464686640, deviceId=-1, source=0x101 }
08-15 10:32:07.454  9105  9105 W ViewRootImpl: Cancelling event due to no window focus: KeyEvent { action=ACTION_UP, keyCode=KEYCODE_BACK, scanCode=0, metaState=0, flags=0x68, repeatCount=0, eventTime=464686717, downTime=464686640, deviceId=-1, source=0x101 }
08-15 10:33:36.315  1807 24412 I chatty  : uid=1000(system) Binder_F expire 8 lines
08-15 10:33:41.728 19194 19194 E ActivityThread: Failed to find provider info for com.facebook.katana.provider.AttributionIdProvider
08-15 10:33:41.766 19194 19231 E ActivityThread: Failed to find provider info for com.facebook.katana.provider.AttributionIdProvider
08-15 10:33:51.643  1807  2032 I chatty  : uid=1000(system) ActivityManager expire 16 lines
08-15 10:35:06.547  1807  3242 I chatty  : uid=1000(system) AsyncQueryWorke expire 2 lines
08-15 10:35:07.145  1807 19682 I chatty  : uid=1000 system_server expire 4 lines
08-15 10:35:07.751 19652 19743 D ActivityThread: Loading provider com.google.android.gmail.provider;com.android.mail.notifier;com.google.android.gm.email.provider;com.google.android.gm.email.notifier: com.android.email.provider.EmailProvider
08-15 10:35:07.751  1807  1807 I chatty  : uid=1000 system_server expire 4 lines
08-15 10:35:12.272  1807  2163 I chatty  : uid=1000(system) android.display expire 2 lines
08-15 10:36:33.771  9105  9105 W ViewRootImpl: Cancelling event due to no window focus: KeyEvent { action=ACTION_UP, keyCode=KEYCODE_BACK, scanCode=0, metaState=0, flags=0x68, repeatCount=0, eventTime=464952976, downTime=464952829, deviceId=-1, source=0x101 }
08-15 10:36:33.772  9105  9105 W ViewRootImpl: Cancelling event due to no window focus: KeyEvent { action=ACTION_UP, keyCode=KEYCODE_BACK, scanCode=0, metaState=0, flags=0x68, repeatCount=0, eventTime=464952976, downTime=464952829, deviceId=-1, source=0x101 }
08-15 10:36:33.772  9105  9105 W ViewRootImpl: Cancelling event due to no window focus: KeyEvent { action=ACTION_UP, keyCode=KEYCODE_BACK, scanCode=0, metaState=0, flags=0x68, repeatCount=0, eventTime=464952976, downTime=464952829, deviceId=-1, source=0x101 }
08-15 10:36:33.773  9105  9105 W ViewRootImpl: Cancelling event due to no window focus: KeyEvent { action=ACTION_UP, keyCode=KEYCODE_BACK, scanCode=0, metaState=0, flags=0x68, repeatCount=0, eventTime=464952976, downTime=464952829, deviceId=-1, source=0x101 }
08-15 10:36:33.773  9105  9105 W ViewRootImpl: Cancelling event due to no window focus: KeyEvent { action=ACTION_UP, keyCode=KEYCODE_BACK, scanCode=0, metaState=0, flags=0x68, repeatCount=0, eventTime=464952976, downTime=464952829, deviceId=-1, source=0x101 }
08-15 10:36:33.774  9105  9105 W ViewRootImpl: Cancelling event due to no window focus: KeyEvent { action=ACTION_UP, keyCode=KEYCODE_BACK, scanCode=0, metaState=0, flags=0x68, repeatCount=0, eventTime=464952976, downTime=464952829, deviceId=-1, source=0x101 }
08-15 10:36:33.774  9105  9105 W ViewRootImpl: Cancelling event due to no window focus: KeyEvent { action=ACTION_UP, keyCode=KEYCODE_BACK, scanCode=0, metaState=0, flags=0x68, repeatCount=0, eventTime=464952976, downTime=464952829, deviceId=-1, source=0x101 }
08-15 10:36:33.775  9105  9105 W ViewRootImpl: Cancelling event due to no window focus: KeyEvent { action=ACTION_UP, keyCode=KEYCODE_BACK, scanCode=0, metaState=0, flags=0x68, repeatCount=0, eventTime=464952976, downTime=464952829, deviceId=-1, source=0x101 }
08-15 10:36:33.775  9105  9105 W ViewRootImpl: Cancelling event due to no window focus: KeyEvent { action=ACTION_UP, keyCode=KEYCODE_BACK, scanCode=0, metaState=0, flags=0x68, repeatCount=0, eventTime=464952976, downTime=464952829, deviceId=-1, source=0x101 }
08-15 10:36:34.871  1807  2032 I chatty  : uid=1000(system) ActivityManager expire 13 lines
08-15 10:36:39.691  1807 29864 I chatty  : uid=1000(system) Binder_10 expire 2 lines
08-15 10:38:28.958  9105  9105 W ViewRootImpl: Cancelling event due to no window focus: KeyEvent { action=ACTION_UP, keyCode=KEYCODE_BACK, scanCode=0, metaState=0, flags=0x68, repeatCount=0, eventTime=465068269, downTime=465068171, deviceId=-1, source=0x101 }
08-15 10:38:28.959  9105  9105 W ViewRootImpl: Cancelling event due to no window focus: KeyEvent { action=ACTION_UP, keyCode=KEYCODE_BACK, scanCode=0, metaState=0, flags=0x68, repeatCount=0, eventTime=465068269, downTime=465068171, deviceId=-1, source=0x101 }
08-15 10:38:28.959  9105  9105 W ViewRootImpl: Cancelling event due to no window focus: KeyEvent { action=ACTION_UP, keyCode=KEYCODE_BACK, scanCode=0, metaState=0, flags=0x68, repeatCount=0, eventTime=465068269, downTime=465068171, deviceId=-1, source=0x101 }
08-15 10:38:28.961  9105  9105 W ViewRootImpl: Cancelling event due to no window focus: KeyEvent { action=ACTION_UP, keyCode=KEYCODE_BACK, scanCode=0, metaState=0, flags=0x68, repeatCount=0, eventTime=465068269, downTime=465068171, deviceId=-1, source=0x101 }
08-15 10:38:28.962  9105  9105 W ViewRootImpl: Cancelling event due to no window focus: KeyEvent { action=ACTION_UP, keyCode=KEYCODE_BACK, scanCode=0, metaState=0, flags=0x68, repeatCount=0, eventTime=465068269, downTime=465068171, deviceId=-1, source=0x101 }
08-15 10:38:28.962  9105  9105 W ViewRootImpl: Cancelling event due to no window focus: KeyEvent { action=ACTION_UP, keyCode=KEYCODE_BACK, scanCode=0, metaState=0, flags=0x68, repeatCount=0, eventTime=465068269, downTime=465068171, deviceId=-1, source=0x101 }
08-15 10:38:28.963  9105  9105 W ViewRootImpl: Cancelling event due to no window focus: KeyEvent { action=ACTION_UP, keyCode=KEYCODE_BACK, scanCode=0, metaState=0, flags=0x68, repeatCount=0, eventTime=465068269, downTime=465068171, deviceId=-1, source=0x101 }
08-15 10:38:28.963  9105  9105 W ViewRootImpl: Cancelling event due to no window focus: KeyEvent { action=ACTION_UP, keyCode=KEYCODE_BACK, scanCode=0, metaState=0, flags=0x68, repeatCount=0, eventTime=465068269, downTime=465068171, deviceId=-1, source=0x101 }
08-15 10:38:28.963  9105  9105 W ViewRootImpl: Cancelling event due to no window focus: KeyEvent { action=ACTION_UP, keyCode=KEYCODE_BACK, scanCode=0, metaState=0, flags=0x68, repeatCount=0, eventTime=465068269, downTime=465068171, deviceId=-1, source=0x101 }
08-15 10:38:44.007 20590 20590 E ActivityThread: Failed to find provider info for com.facebook.katana.provider.AttributionIdProvider
08-15 10:38:44.038 20590 20614 E ActivityThread: Failed to find provider info for com.facebook.katana.provider.AttributionIdProvider
08-15 10:39:13.983  9105  9105 W ViewRootImpl: Cancelling event due to no window focus: KeyEvent { action=ACTION_UP, keyCode=KEYCODE_BACK, scanCode=0, metaState=0, flags=0x68, repeatCount=0, eventTime=465113312, downTime=465113222, deviceId=-1, source=0x101 }
08-15 10:39:13.985  9105  9105 W ViewRootImpl: Cancelling event due to no window focus: KeyEvent { action=ACTION_UP, keyCode=KEYCODE_BACK, scanCode=0, metaState=0, flags=0x68, repeatCount=0, eventTime=465113312, downTime=465113222, deviceId=-1, source=0x101 }
