08-15 06:12:27.904  1807  5002 I chatty  : uid=1000(system) Binder_B expire 10 lines
08-15 06:12:28.233   486 23331 W SocketClient: write error (Broken pipe)
08-15 06:12:28.882  1807  3815 I chatty  : uid=1000(system) Binder_A expire 6 lines
08-15 06:12:29.161  1807  8212 I chatty  : uid=1000(system) Binder_C expire 8 lines
08-15 06:12:29.539  1807 23709 I chatty  : uid=1000 system_server expire 3 lines
08-15 06:12:30.021  1807  1903 I chatty  : uid=1000(system) Binder_1 expire 7 lines
08-15 06:12:30.022   336   371 I Ext4Crypt: ext4 crypto complete called on /data
08-15 06:12:30.023   336   371 I Ext4Crypt: No master key, so not ext4enc
08-15 06:12:30.026  1807  2710 I chatty  : uid=1000(system) CryptdConnector expire 4 lines
08-15 06:12:30.028   336   371 D VoldCryptCmdListener: cryptfs getpwtype
08-15 06:12:30.028   336   371 I Ext4Crypt: ext4 crypto complete called on /data
08-15 06:12:30.029   336   371 I Ext4Crypt: No master key, so not ext4enc
08-15 06:12:30.056  1807  3123 I chatty  : uid=1000(system) Binder_4 expire 8 lines
08-15 06:12:31.493 23786 23786 W ActivityThread: ClassLoader.loadClass: The class loader returned by Thread.getContextClassLoader() may fail for processes that host multiple applications. You should explicitly specify a context class loader. For example: Thread.setContextClassLoader(getClass().getClassLoader());
08-15 06:12:32.099  1807 23846 I chatty  : uid=1000 system_server expire 3 lines
08-15 06:12:32.412  1807  3061 I chatty  : uid=1000(system) ConnectivitySer expire 15 lines
08-15 06:12:34.806  1807  2029 I chatty  : uid=1000(system) android.bg expire 1 line
08-15 06:12:40.547   336   371 I Ext4Crypt: ext4 crypto complete called on /data
08-15 06:12:40.547   336   371 I Ext4Crypt: No master key, so not ext4enc
08-15 06:12:40.552  1807 16031 I chatty  : uid=1000(system) Binder_E expire 5 lines
08-15 06:12:40.553   336   371 D VoldCryptCmdListener: cryptfs getpwtype
08-15 06:12:40.553   336   371 I Ext4Crypt: ext4 crypto complete called on /data
08-15 06:12:40.554   336   371 I Ext4Crypt: No master key, so not ext4enc
08-15 06:12:42.068  1807  3191 I chatty  : uid=1000(system) Binder_5 expire 5 lines
08-15 06:12:43.788   486   860 E NetlinkEvent: Unknown ifindex 158 in RTM_DELADDR
08-15 06:12:43.791  1807  2039 I chatty  : uid=1000(system) android.fg expire 2 lines
08-15 06:16:08.038  1807  2705 I chatty  : uid=1000(system) AlarmManager expire 1 line
08-15 06:16:08.056  1807 24712 I chatty  : uid=1000 system_server expire 3 lines
08-15 06:16:16.932  1807  2032 I chatty  : uid=1000(system) ActivityManager expire 3 lines
08-15 06:16:16.940  1807 24795 I chatty  : uid=1000 system_server expire 3 lines
08-15 06:16:33.277  1807 24837 I chatty  : uid=1000 system_server expire 3 lines
08-15 06:16:35.844  1807 24841 I chatty  : uid=1000 system_server expire 3 lines
08-15 06:16:38.391  1807 24854 I chatty  : uid=1000 system_server expire 3 lines
08-15 06:16:55.404  1807 24859 I chatty  : uid=1000 system_server expire 3 lines
08-15 06:17:08.898  1807 24869 I chatty  : uid=1000 system_server expire 3 lines
08-15 06:17:13.487  1807 24871 I chatty  : uid=1000 system_server expire 3 lines
08-15 06:17:24.891  1807 24874 I chatty  : uid=1000 system_server expire 3 lines
08-15 06:17:27.475  1807 24876 I chatty  : uid=1000 system_server expire 3 lines
08-15 06:17:31.127  1807 24879 I chatty  : uid=1000 system_server expire 3 lines
08-15 06:17:40.254  1807 24882 I chatty  : uid=1000 system_server expire 3 lines
08-15 06:17:46.636  1807 24886 I chatty  : uid=1000 system_server expire 5 lines
08-15 06:17:46.766  1807 24887 I chatty  : uid=1000 system_server expire 4 lines
08-15 06:18:01.880  1807 24905 I chatty  : uid=1000 system_server expire 3 lines
08-15 06:18:04.415  1807 24906 I chatty  : uid=1000 system_server expire 3 lines
08-15 06:18:06.991  1807 24908 I chatty  : uid=1000 system_server expire 3 lines
08-15 06:18:19.751  1807 24912 I chatty  : uid=1000 system_server expire 3 lines
08-15 06:18:42.788  1807 24917 I chatty  : uid=1000 system_server expire 3 lines
08-15 06:18:45.122  1807  3057 I chatty  : uid=1000(system) NetworkPolicy expire 1 line
08-15 06:18:45.954 24977 24977 W ActivityThread: ClassLoader.loadClass: The class loader returned by Thread.getContextClassLoader() may fail for processes that host multiple applications. You should explicitly specify a context class loader. For example: Thread.setContextClassLoader(getClass().getClassLoader());
08-15 06:18:46.678  1807  3061 I chatty  : uid=1000(system) ConnectivitySer expire 52 lines
08-15 06:18:47.446  1807  3057 I chatty  : uid=1000(system) NetworkPolicy expire 3 lines
08-15 06:18:47.495  1807  2039 I chatty  : uid=1000(system) android.fg expire 3 lines
08-15 06:18:47.762  1807 29864 I chatty  : uid=1000(system) Binder_10 expire 10 lines
08-15 06:18:48.905  1807  3815 I chatty  : uid=1000(system) Binder_A expire 14 lines
08-15 06:18:49.105  1807  3194 I chatty  : uid=1000(system) Binder_8 expire 4 lines
08-15 06:18:49.107  1807 12954 I chatty  : uid=1000(system) Binder_D expire 5 lines
08-15 06:18:49.752  1807  1903 I chatty  : uid=1000(system) Binder_1 expire 10 lines
08-15 06:18:49.803  1807  3814 I chatty  : uid=1000(system) Binder_9 expire 11 lines
08-15 06:18:49.808  1807 16031 I chatty  : uid=1000(system) Binder_E expire 8 lines
08-15 06:18:49.812  1807  3193 I chatty  : uid=1000(system) Binder_7 expire 12 lines
08-15 06:18:49.858   486 24968 W SocketClient: write error (Broken pipe)
08-15 06:18:49.859   486 24971 W SocketClient: write error (Broken pipe)
08-15 06:18:49.973  1807  3059 I chatty  : uid=1000(system) WifiStateMachin expire 1 line
08-15 06:18:50.495  1807  3192 I chatty  : uid=1000(system) Binder_6 expire 12 lines
08-15 06:18:50.640  1807  3060 I chatty  : uid=1000(system) WifiService expire 5 lines
08-15 06:18:51.058  1807  3122 I chatty  : uid=1000(system) Binder_3 expire 4 lines
08-15 06:18:51.346  1807 24412 I chatty  : uid=1000(system) Binder_F expire 11 lines
08-15 06:18:51.699  1807  1807 I chatty  : uid=1000 system_server expire 9 lines
08-15 06:18:51.701  1807 25601 I chatty  : uid=1000 system_server expire 3 lines
08-15 06:18:51.794  1807  8212 I chatty  : uid=1000(system) Binder_C expire 9 lines
08-15 06:18:54.256  1807 25851 I chatty  : uid=1000 system_server expire 3 lines
08-15 06:18:55.373  1807  1906 I chatty  : uid=1000(system) Binder_2 expire 2 lines
08-15 06:18:55.899   336   371 I Ext4Crypt: ext4 crypto complete called on /data
08-15 06:18:55.900   336   371 I Ext4Crypt: No master key, so not ext4enc
08-15 06:18:55.903  1807  2710 I chatty  : uid=1000(system) CryptdConnector expire 4 lines
08-15 06:18:55.905   336   371 D VoldCryptCmdListener: cryptfs getpwtype
08-15 06:18:55.905   336   371 I Ext4Crypt: ext4 crypto complete called on /data
08-15 06:18:55.905   336   371 I Ext4Crypt: No master key, so not ext4enc
08-15 06:18:55.994  1807  3191 I chatty  : uid=1000(system) Binder_5 expire 10 lines
08-15 06:18:56.814  1807 26039 I chatty  : uid=1000 system_server expire 3 lines
08-15 06:18:57.338  1807  5002 I chatty  : uid=1000(system) Binder_B expire 6 lines
08-15 06:18:57.480 26008 26008 W ActivityThread: ClassLoader.loadClass: The class loader returned by Thread.getContextClassLoader() may fail for processes that host multiple applications. You should explicitly specify a context class loader. For example: Thread.setContextClassLoader(getClass().getClassLoader());
08-15 06:18:58.212  1807  3061 I chatty  : uid=1000(system) ConnectivitySer expire 5 lines
08-15 06:18:59.367  1807 26125 I chatty  : uid=1000 system_server expire 5 lines
08-15 06:18:59.443  1807 26127 I chatty  : uid=1000 system_server expire 4 lines
08-15 06:19:02.110  1807 26308 I chatty  : uid=1000 system_server expire 3 lines
08-15 06:19:02.163  1807 26328 I chatty  : uid=1000 system_server expire 5 lines
08-15 06:19:02.380  1807 26362 I chatty  : uid=1000 system_server expire 1 line
08-15 06:19:03.443  1807  3123 I chatty  : uid=1000(system) Binder_4 expire 4 lines
08-15 06:19:05.949  1807 26546 I chatty  : uid=1000 system_server expire 3 lines
08-15 06:19:05.993  1807 26548 I chatty  : uid=1000 system_server expire 5 lines
08-15 06:19:06.162  1807 26563 I chatty  : uid=1000 system_server expire 1 line
08-15 06:19:06.389   336   371 I Ext4Crypt: ext4 crypto complete called on /data
08-15 06:19:06.389   336   371 I Ext4Crypt: No master key, so not ext4enc
08-15 06:19:06.394   336   371 D VoldCryptCmdListener: cryptfs getpwtype
08-15 06:19:06.395   336   371 I Ext4Crypt: ext4 crypto complete called on /data
08-15 06:19:06.395   336   371 I Ext4Crypt: No master key, so not ext4enc
08-15 06:19:09.824  1807  3815 I chatty  : uid=1000(system) Binder_A expire 1 line
08-15 06:19:10.102  1807 26725 I chatty  : uid=1000 system_server expire 3 lines
08-15 06:19:10.358 26710 26710 W ActivityThread: ClassLoader.loadClass: The class loader returned by Thread.getContextClassLoader() may fail for processes that host multiple applications. You should explicitly specify a context class loader. For example: Thread.setContextClassLoader(getClass().getClassLoader());
08-15 06:19:12.634  1807 26816 I chatty  : uid=1000 system_server expire 3 lines
08-15 06:19:15.168  1807  1807 I chatty  : uid=1000 system_server expire 1 line
08-15 06:19:15.170  1807 26994 I chatty  : uid=1000 system_server expire 3 lines
08-15 06:19:16.078  1807  8212 I chatty  : uid=1000(system) Binder_C expire 7 lines
08-15 06:19:16.263  1807  3814 I chatty  : uid=1000(system) Binder_9 expire 11 lines
08-15 06:19:16.421  1807 12954 I chatty  : uid=1000(system) Binder_D expire 11 lines
08-15 06:19:17.268  1807  3123 I chatty  : uid=1000(system) Binder_4 expire 10 lines
08-15 06:19:17.322  1807  5002 I chatty  : uid=1000(system) Binder_B expire 5 lines
08-15 06:19:17.815  1807  3191 I chatty  : uid=1000(system) Binder_5 expire 6 lines
08-15 06:19:18.191  1807  3192 I chatty  : uid=1000(system) Binder_6 expire 10 lines
08-15 06:19:18.621  1807  3194 I chatty  : uid=1000(system) Binder_8 expire 13 lines
08-15 06:19:18.622   336   371 I Ext4Crypt: ext4 crypto complete called on /data
08-15 06:19:18.622   336   371 I Ext4Crypt: No master key, so not ext4enc
08-15 06:19:18.625  1807  2710 I chatty  : uid=1000(system) CryptdConnector expire 9 lines
08-15 06:19:18.627   336   371 D VoldCryptCmdListener: cryptfs getpwtype
08-15 06:19:18.628   336   371 I Ext4Crypt: ext4 crypto complete called on /data
08-15 06:19:18.628   336   371 I Ext4Crypt: No master key, so not ext4enc
08-15 06:19:18.653  1807  3193 I chatty  : uid=1000(system) Binder_7 expire 7 lines
08-15 06:19:18.726  1807 16031 I chatty  : uid=1000(system) Binder_E expire 10 lines
08-15 06:19:19.176  1807 29864 I chatty  : uid=1000(system) Binder_10 expire 11 lines
08-15 06:19:19.840  1807  3122 I chatty  : uid=1000(system) Binder_3 expire 10 lines
08-15 06:19:20.077 27198 27198 W ActivityThread: ClassLoader.loadClass: The class loader returned by Thread.getContextClassLoader() may fail for processes that host multiple applications. You should explicitly specify a context class loader. For example: Thread.setContextClassLoader(getClass().getClassLoader());
08-15 06:19:20.970  1807  1906 I chatty  : uid=1000(system) Binder_2 expire 10 lines
08-15 06:19:20.976  1807  3061 I chatty  : uid=1000(system) ConnectivitySer expire 13 lines
08-15 06:19:21.447  1807 24412 I chatty  : uid=1000(system) Binder_F expire 5 lines
08-15 06:19:22.450  1807  1903 I chatty  : uid=1000(system) Binder_1 expire 6 lines
08-15 06:19:23.280  1807  3060 I chatty  : uid=1000(system) WifiService expire 6 lines
08-15 06:19:23.821  1807  3815 I chatty  : uid=1000(system) Binder_A expire 5 lines
08-15 06:19:27.308   486 26805 W SocketClient: write error (Broken pipe)
08-15 06:19:28.303   336   371 I Ext4Crypt: ext4 crypto complete called on /data
08-15 06:19:28.303   336   371 I Ext4Crypt: No master key, so not ext4enc
08-15 06:19:28.309   336   371 D VoldCryptCmdListener: cryptfs getpwtype
08-15 06:19:28.309   336   371 I Ext4Crypt: ext4 crypto complete called on /data
08-15 06:19:28.310   336   371 I Ext4Crypt: No master key, so not ext4enc
08-15 06:19:32.706   486   860 E NetlinkEvent: Unknown ifindex 159 in RTM_DELADDR
08-15 06:19:32.710  1807  2039 I chatty  : uid=1000(system) android.fg expire 5 lines
08-15 06:19:34.754 27713 27713 E ActivityThread: Failed to find provider info for com.facebook.katana.provider.AttributionIdProvider
08-15 06:19:34.795 27713 27730 E ActivityThread: Failed to find provider info for com.facebook.katana.provider.AttributionIdProvider
08-15 06:20:04.781  1807  2032 I chatty  : uid=1000(system) ActivityManager expire 3 lines
08-15 06:20:05.735   336   371 I Ext4Crypt: ext4 crypto complete called on /data
08-15 06:20:05.736   336   371 I Ext4Crypt: No master key, so not ext4enc
08-15 06:20:05.739   336   371 D VoldCryptCmdListener: cryptfs getpwtype
08-15 06:20:05.740   336   371 I Ext4Crypt: ext4 crypto complete called on /data
08-15 06:20:05.740   336   371 I Ext4Crypt: No master key, so not ext4enc
08-15 06:32:25.504 28449 28449 E ActivityThread: Failed to find provider info for com.facebook.katana.provider.AttributionIdProvider
08-15 06:32:25.527 28449 28472 E ActivityThread: Failed to find provider info for com.facebook.katana.provider.AttributionIdProvider
08-15 06:32:52.395  1807  3061 I chatty  : uid=1000(system) ConnectivitySer expire 33 lines
08-15 06:35:30.664  1807  3057 I chatty  : uid=1000(system) NetworkPolicy expire 4 lines
08-15 06:35:31.626 28597 28597 W ActivityThread: ClassLoader.loadClass: The class loader returned by Thread.getContextClassLoader() may fail for processes that host multiple applications. You should explicitly specify a context class loader. For example: Thread.setContextClassLoader(getClass().getClassLoader());
08-15 06:35:32.701  1807  2029 I chatty  : uid=1000(system) android.bg expire 1 line
08-15 06:35:33.454  1807  3059 I chatty  : uid=1000(system) WifiStateMachin expire 1 line
08-15 06:35:33.651   336   371 I Ext4Crypt: ext4 crypto complete called on /data
08-15 06:35:33.651   336   371 I Ext4Crypt: No master key, so not ext4enc
08-15 06:35:33.661   336   371 D VoldCryptCmdListener: cryptfs getpwtype
08-15 06:35:33.662   336   371 I Ext4Crypt: ext4 crypto complete called on /data
08-15 06:35:33.663   336   371 I Ext4Crypt: No master key, so not ext4enc
08-15 06:35:34.096  1807  3061 I chatty  : uid=1000(system) ConnectivitySer expire 26 lines
08-15 06:35:34.735  1807  3123 I chatty  : uid=1000(system) Binder_4 expire 5 lines
08-15 06:35:34.770  1807  3192 I chatty  : uid=1000(system) Binder_6 expire 2 lines
08-15 06:35:36.524  1807  3122 I chatty  : uid=1000(system) Binder_3 expire 4 lines
08-15 06:35:38.172  1807 12954 I chatty  : uid=1000(system) Binder_D expire 1 line
08-15 06:35:42.509   336   371 I Ext4Crypt: ext4 crypto complete called on /data
08-15 06:35:42.509   336   371 I Ext4Crypt: No master key, so not ext4enc
08-15 06:35:42.514  1807  1906 I chatty  : uid=1000(system) Binder_2 expire 7 lines
08-15 06:35:42.516   336   371 D VoldCryptCmdListener: cryptfs getpwtype
08-15 06:35:42.517   336   371 I Ext4Crypt: ext4 crypto complete called on /data
08-15 06:35:42.518   336   371 I Ext4Crypt: No master key, so not ext4enc
08-15 06:35:42.519  1807  2710 I chatty  : uid=1000(system) CryptdConnector expire 7 lines
08-15 06:35:42.530  1807  5002 I chatty  : uid=1000(system) Binder_B expire 10 lines
08-15 06:35:42.559  1807 29864 I chatty  : uid=1000(system) Binder_10 expire 10 lines
08-15 06:35:42.589  1807  1903 I chatty  : uid=1000(system) Binder_1 expire 10 lines
08-15 06:35:43.182  1807  3815 I chatty  : uid=1000(system) Binder_A expire 11 lines
08-15 06:35:43.215  1807  3814 I chatty  : uid=1000(system) Binder_9 expire 11 lines
08-15 06:35:43.636  1807  3123 I chatty  : uid=1000(system) Binder_4 expire 11 lines
08-15 06:35:44.073  1807  3122 I chatty  : uid=1000(system) Binder_3 expire 12 lines
08-15 06:35:44.119 29622 29622 W ActivityThread: ClassLoader.loadClass: The class loader returned by Thread.getContextClassLoader() may fail for processes that host multiple applications. You should explicitly specify a context class loader. For example: Thread.setContextClassLoader(getClass().getClassLoader());
08-15 06:35:44.820  1807  3192 I chatty  : uid=1000(system) Binder_6 expire 8 lines
08-15 06:35:44.930  1807  3061 I chatty  : uid=1000(system) ConnectivitySer expire 10 lines
08-15 06:35:44.935  1807 24412 I chatty  : uid=1000(system) Binder_F expire 8 lines
08-15 06:35:45.350  1807 16031 I chatty  : uid=1000(system) Binder_E expire 9 lines
08-15 06:35:46.654  1807  3193 I chatty  : uid=1000(system) Binder_7 expire 7 lines
08-15 06:35:47.718  1807  3194 I chatty  : uid=1000(system) Binder_8 expire 11 lines
08-15 06:35:48.950  1807  3191 I chatty  : uid=1000(system) Binder_5 expire 12 lines
08-15 06:35:52.336  1807 12954 I chatty  : uid=1000(system) Binder_D expire 10 lines
08-15 06:35:52.603   336   371 I Ext4Crypt: ext4 crypto complete called on /data
08-15 06:35:52.604   336   371 I Ext4Crypt: No master key, so not ext4enc
08-15 06:35:52.609   336   371 D VoldCryptCmdListener: cryptfs getpwtype
08-15 06:35:52.609   336   371 I Ext4Crypt: ext4 crypto complete called on /data
08-15 06:35:52.610   336   371 I Ext4Crypt: No master key, so not ext4enc
08-15 06:35:54.476 30115 30115 W ActivityThread: ClassLoader.loadClass: The class loader returned by Thread.getContextClassLoader() may fail for processes that host multiple applications. You should explicitly specify a context class loader. For example: Thread.setContextClassLoader(getClass().getClassLoader());
08-15 06:35:55.414  1807  8212 I chatty  : uid=1000(system) Binder_C expire 11 lines
08-15 06:35:56.124   486 29742 W SocketClient: write error (Broken pipe)
08-15 06:36:03.437   336   371 I Ext4Crypt: ext4 crypto complete called on /data
08-15 06:36:03.437   336   371 I Ext4Crypt: No master key, so not ext4enc
08-15 06:36:03.441   336   371 D VoldCryptCmdListener: cryptfs getpwtype
08-15 06:36:03.442   336   371 I Ext4Crypt: ext4 crypto complete called on /data
08-15 06:36:03.442   336   371 I Ext4Crypt: No master key, so not ext4enc
08-15 06:36:04.982 30650 30650 W ActivityThread: ClassLoader.loadClass: The class loader returned by Thread.getContextClassLoader() may fail for processes that host multiple applications. You should explicitly specify a context class loader. For example: Thread.setContextClassLoader(getClass().getClassLoader());
08-15 06:36:09.753  1807  3060 I chatty  : uid=1000(system) WifiService expire 3 lines
08-15 06:36:13.615   336   371 I Ext4Crypt: ext4 crypto complete called on /data
08-15 06:36:13.615   336   371 I Ext4Crypt: No master key, so not ext4enc
08-15 06:36:13.620  1807 12954 I chatty  : uid=1000(system) Binder_D expire 3 lines
08-15 06:36:13.621   336   371 D VoldCryptCmdListener: cryptfs getpwtype
08-15 06:36:13.621   336   371 I Ext4Crypt: ext4 crypto complete called on /data
08-15 06:36:13.622   336   371 I Ext4Crypt: No master key, so not ext4enc
08-15 06:36:13.647  1807  3122 I chatty  : uid=1000(system) Binder_3 expire 3 lines
08-15 06:36:14.253  1807  1807 I chatty  : uid=1000 system_server expire 1 line
08-15 06:36:14.332  1807  3815 I chatty  : uid=1000(system) Binder_A expire 1 line
08-15 06:36:14.563  1807  3191 I chatty  : uid=1000(system) Binder_5 expire 2 lines
08-15 06:36:14.926  1807  8212 I chatty  : uid=1000(system) Binder_C expire 2 lines
08-15 06:36:15.088  1807  3123 I chatty  : uid=1000(system) Binder_4 expire 1 line
08-15 06:36:15.645   486   860 E NetlinkEvent: Unknown ifindex 160 in RTM_DELADDR
08-15 06:36:15.648  1807  2039 I chatty  : uid=1000(system) android.fg expire 5 lines
08-15 06:36:15.832  1807  3061 I chatty  : uid=1000(system) ConnectivitySer expire 49 lines
08-15 06:36:15.855  1807  2032 I chatty  : uid=1000(system) ActivityManager expire 3 lines
08-15 06:37:05.610  1807  3814 I chatty  : uid=1000(system) Binder_9 expire 2 lines
08-15 06:40:45.436  1807  1903 I chatty  : uid=1000(system) Binder_1 expire 3 lines
08-15 06:40:45.496  1807  3057 I chatty  : uid=1000(system) NetworkPolicy expire 2 lines
08-15 06:40:46.286 31547 31547 W ActivityThread: ClassLoader.loadClass: The class loader returned by Thread.getContextClassLoader() may fail for processes that host multiple applications. You should explicitly specify a context class loader. For example: Thread.setContextClassLoader(getClass().getClassLoader());
08-15 06:40:48.312  1807  3059 I chatty  : uid=1000(system) WifiStateMachin expire 1 line
08-15 06:40:49.108  1807  3061 I chatty  : uid=1000(system) ConnectivitySer expire 13 lines
08-15 06:40:49.118  1807  1903 I chatty  : uid=1000(system) Binder_1 expire 10 lines
08-15 06:40:49.137  1807  3057 I chatty  : uid=1000(system) NetworkPolicy expire 2 lines
08-15 06:40:49.458  1807  3122 I chatty  : uid=1000(system) Binder_3 expire 14 lines
08-15 06:40:49.813   486   866 W SocketClient: write error (Broken pipe)
08-15 06:40:49.818  1807  3193 I chatty  : uid=1000(system) Binder_7 expire 12 lines
08-15 06:40:49.936  1807 12954 I chatty  : uid=1000(system) Binder_D expire 10 lines
08-15 06:40:49.967  1807  1906 I chatty  : uid=1000(system) Binder_2 expire 10 lines
08-15 06:40:49.996  1807  3191 I chatty  : uid=1000(system) Binder_5 expire 8 lines
08-15 06:40:51.597  1807 24412 I chatty  : uid=1000(system) Binder_F expire 10 lines
08-15 06:40:51.612  1807  3815 I chatty  : uid=1000(system) Binder_A expire 10 lines
08-15 06:40:51.841  1807  3060 I chatty  : uid=1000(system) WifiService expire 8 lines
08-15 06:40:51.951  1807  8212 I chatty  : uid=1000(system) Binder_C expire 10 lines
08-15 06:40:51.959  1807 29864 I chatty  : uid=1000(system) Binder_10 expire 12 lines
08-15 06:40:52.370  1807 16031 I chatty  : uid=1000(system) Binder_E expire 11 lines
08-15 06:40:53.473  1807  3192 I chatty  : uid=1000(system) Binder_6 expire 6 lines
08-15 06:40:55.537  1807  3814 I chatty  : uid=1000(system) Binder_9 expire 10 lines
08-15 06:40:56.398   336   371 I Ext4Crypt: ext4 crypto complete called on /data
08-15 06:40:56.399   336   371 I Ext4Crypt: No master key, so not ext4enc
08-15 06:40:56.403  1807  2710 I chatty  : uid=1000(system) CryptdConnector expire 8 lines
08-15 06:40:56.405   336   371 D VoldCryptCmdListener: cryptfs getpwtype
08-15 06:40:56.406   336   371 I Ext4Crypt: ext4 crypto complete called on /data
08-15 06:40:56.406   336   371 I Ext4Crypt: No master key, so not ext4enc
08-15 06:40:56.440  1807  3123 I chatty  : uid=1000(system) Binder_4 expire 10 lines
08-15 06:40:58.072  1807  3194 I chatty  : uid=1000(system) Binder_8 expire 9 lines
08-15 06:40:58.150 32532 32532 W ActivityThread: ClassLoader.loadClass: The class loader returned by Thread.getContextClassLoader() may fail for processes that host multiple applications. You should explicitly specify a context class loader. For example: Thread.setContextClassLoader(getClass().getClassLoader());
08-15 06:40:59.448  1807  5002 I chatty  : uid=1000(system) Binder_B expire 12 lines
08-15 06:41:06.445   486   866 W SocketClient: write error (Broken pipe)
08-15 06:41:06.674   336   371 I Ext4Crypt: ext4 crypto complete called on /data
08-15 06:41:06.674   336   371 I Ext4Crypt: No master key, so not ext4enc
08-15 06:41:06.680   336   371 D VoldCryptCmdListener: cryptfs getpwtype
08-15 06:41:06.680   336   371 I Ext4Crypt: ext4 crypto complete called on /data
08-15 06:41:06.681   336   371 I Ext4Crypt: No master key, so not ext4enc
08-15 06:41:08.482   777   777 W ActivityThread: ClassLoader.loadClass: The class loader returned by Thread.getContextClassLoader() may fail for processes that host multiple applications. You should explicitly specify a context class loader. For example: Thread.setContextClassLoader(getClass().getClassLoader());
08-15 06:41:09.709  1807  3061 I chatty  : uid=1000(system) ConnectivitySer expire 11 lines
08-15 06:41:10.130   486 32674 W SocketClient: write error (Broken pipe)
08-15 06:41:12.859  1807 12954 I chatty  : uid=1000(system) Binder_D expire 6 lines
08-15 06:41:16.676   336   371 I Ext4Crypt: ext4 crypto complete called on /data
08-15 06:41:16.677   336   371 I Ext4Crypt: No master key, so not ext4enc
08-15 06:41:16.682   336   371 D VoldCryptCmdListener: cryptfs getpwtype
08-15 06:41:16.682   336   371 I Ext4Crypt: ext4 crypto complete called on /data
08-15 06:41:16.683   336   371 I Ext4Crypt: No master key, so not ext4enc
08-15 06:41:16.779  1807  3123 I chatty  : uid=1000(system) Binder_4 expire 6 lines
08-15 06:41:18.432  1307  1307 W ActivityThread: ClassLoader.loadClass: The class loader returned by Thread.getContextClassLoader() may fail for processes that host multiple applications. You should explicitly specify a context class loader. For example: Thread.setContextClassLoader(getClass().getClassLoader());
08-15 06:41:19.554  1807  1903 I chatty  : uid=1000(system) Binder_1 expire 4 lines
08-15 06:41:20.668  1807  8212 I chatty  : uid=1000(system) Binder_C expire 6 lines
08-15 06:41:22.661  1807 29864 I chatty  : uid=1000(system) Binder_10 expire 6 lines
08-15 06:41:26.471   336   371 I Ext4Crypt: ext4 crypto complete called on /data
08-15 06:41:26.471   336   371 I Ext4Crypt: No master key, so not ext4enc
08-15 06:41:26.475   336   371 D VoldCryptCmdListener: cryptfs getpwtype
08-15 06:41:26.476   336   371 I Ext4Crypt: ext4 crypto complete called on /data
08-15 06:41:26.476   336   371 I Ext4Crypt: No master key, so not ext4enc
08-15 06:41:27.092  1807 16031 I chatty  : uid=1000(system) Binder_E expire 4 lines
08-15 06:41:27.104  1807  3815 I chatty  : uid=1000(system) Binder_A expire 5 lines
08-15 06:41:28.595   486   860 E NetlinkEvent: Unknown ifindex 161 in RTM_DELADDR
08-15 06:41:28.598  1807  2039 I chatty  : uid=1000(system) android.fg expire 2 lines
08-15 06:41:28.655  1807  2032 I chatty  : uid=1000(system) ActivityManager expire 2 lines
08-15 06:41:30.028  1807  5002 I chatty  : uid=1000(system) Binder_B expire 1 line
08-15 06:41:30.894  1807  3193 I chatty  : uid=1000(system) Binder_7 expire 2 lines
08-15 06:42:10.196  1807  3814 I chatty  : uid=1000(system) Binder_9 expire 2 lines
08-15 06:46:09.603  1807  2705 I chatty  : uid=1000(system) AlarmManager expire 1 line
08-15 06:46:36.492  2275  2308 D ActivityThread: Loading provider com.google.android.gmail.provider;com.android.mail.notifier;com.google.android.gm.email.provider;com.google.android.gm.email.notifier: com.android.email.provider.EmailProvider
08-15 06:46:36.939  1807  1906 I chatty  : uid=1000(system) Binder_2 expire 9 lines
08-15 06:46:37.296  2348  2364 D ActivityThread: Loading provider com.google.android.gmail.provider;com.android.mail.notifier;com.google.android.gm.email.provider;com.google.android.gm.email.notifier: com.android.email.provider.EmailProvider
08-15 06:47:21.050  1807  3122 I chatty  : uid=1000(system) Binder_3 expire 12 lines
08-15 06:47:31.073  1807  3194 I chatty  : uid=1000(system) Binder_8 expire 11 lines
08-15 06:47:33.419  1807 12954 I chatty  : uid=1000(system) Binder_D expire 13 lines
08-15 06:47:36.067  1807  1903 I chatty  : uid=1000(system) Binder_1 expire 12 lines
08-15 06:47:36.715  1807  3060 I chatty  : uid=1000(system) WifiService expire 11 lines
08-15 06:47:37.380  1807  3192 I chatty  : uid=1000(system) Binder_6 expire 10 lines
08-15 06:47:46.756  2440  2440 E ActivityThread: Failed to find provider info for com.facebook.katana.provider.AttributionIdProvider
08-15 06:47:46.785  2440  2464 E ActivityThread: Failed to find provider info for com.facebook.katana.provider.AttributionIdProvider
08-15 06:48:51.095  1807  8212 I chatty  : uid=1000(system) Binder_C expire 7 lines
08-15 06:48:51.096  1807  3061 I chatty  : uid=1000(system) ConnectivitySer expire 13 lines
08-15 06:48:51.101  1807 29864 I chatty  : uid=1000(system) Binder_10 expire 7 lines
08-15 06:52:38.667  1807  3814 I chatty  : uid=1000(system) Binder_9 expire 11 lines
08-15 06:52:39.305  1807  3191 I chatty  : uid=1000(system) Binder_5 expire 11 lines
08-15 06:52:52.555  2610  2610 E ActivityThread: Failed to find provider info for com.facebook.katana.provider.AttributionIdProvider
08-15 06:52:52.599  2610  2628 E ActivityThread: Failed to find provider info for com.facebook.katana.provider.AttributionIdProvider
08-15 06:53:10.031  1807 16031 I chatty  : uid=1000(system) Binder_E expire 9 lines
08-15 06:53:10.785  2743  2759 D ActivityThread: Loading provider com.google.android.gmail.provider;com.android.mail.notifier;com.google.android.gm.email.provider;com.google.android.gm.email.notifier: com.android.email.provider.EmailProvider
08-15 06:53:11.275  1807  3193 I chatty  : uid=1000(system) Binder_7 expire 10 lines
08-15 06:53:57.496  1807  3057 I chatty  : uid=1000(system) NetworkPolicy expire 2 lines
08-15 06:53:57.506  1807  2032 I chatty  : uid=1000(system) ActivityManager expire 8 lines
08-15 06:53:58.072  1807  2029 I chatty  : uid=1000(system) android.bg expire 1 line
08-15 06:53:58.824  2825  2825 W ActivityThread: ClassLoader.loadClass: The class loader returned by Thread.getContextClassLoader() may fail for processes that host multiple applications. You should explicitly specify a context class loader. For example: Thread.setContextClassLoader(getClass().getClassLoader());
08-15 06:53:58.970  1807  5002 I chatty  : uid=1000(system) Binder_B expire 7 lines
08-15 06:53:58.970  1807  3061 I chatty  : uid=1000(system) ConnectivitySer expire 30 lines
08-15 06:53:59.273  1807  2039 I chatty  : uid=1000(system) android.fg expire 3 lines
08-15 06:54:00.354  1807  3059 I chatty  : uid=1000(system) WifiStateMachin expire 1 line
08-15 06:54:02.233  1807  3815 I chatty  : uid=1000(system) Binder_A expire 9 lines
08-15 06:54:03.722  1807  3123 I chatty  : uid=1000(system) Binder_4 expire 12 lines
08-15 06:54:04.556  1807 24412 I chatty  : uid=1000(system) Binder_F expire 10 lines
08-15 06:54:10.453   336   371 I Ext4Crypt: ext4 crypto complete called on /data
08-15 06:54:10.453   336   371 I Ext4Crypt: No master key, so not ext4enc
08-15 06:54:10.457  1807  2710 I chatty  : uid=1000(system) CryptdConnector expire 4 lines
08-15 06:54:10.459   336   371 D VoldCryptCmdListener: cryptfs getpwtype
08-15 06:54:10.460   336   371 I Ext4Crypt: ext4 crypto complete called on /data
08-15 06:54:10.460   336   371 I Ext4Crypt: No master key, so not ext4enc
08-15 06:54:12.207  3768  3768 W ActivityThread: ClassLoader.loadClass: The class loader returned by Thread.getContextClassLoader() may fail for processes that host multiple applications. You should explicitly specify a context class loader. For example: Thread.setContextClassLoader(getClass().getClassLoader());
08-15 06:54:13.238  1807  3061 I chatty  : uid=1000(system) ConnectivitySer expire 10 lines
08-15 06:54:21.476   336   371 I Ext4Crypt: ext4 crypto complete called on /data
08-15 06:54:21.476   336   371 I Ext4Crypt: No master key, so not ext4enc
08-15 06:54:21.481   336   371 D VoldCryptCmdListener: cryptfs getpwtype
08-15 06:54:21.481   336   371 I Ext4Crypt: ext4 crypto complete called on /data
08-15 06:54:21.482   336   371 I Ext4Crypt: No master key, so not ext4enc
08-15 06:54:21.508  1807 12954 I chatty  : uid=1000(system) Binder_D expire 3 lines
08-15 06:54:22.041  1807  1807 I chatty  : uid=1000 system_server expire 1 line
08-15 06:54:23.779  1807  3122 I chatty  : uid=1000(system) Binder_3 expire 5 lines
08-15 07:00:16.247  4834  4834 E ActivityThread: Failed to find provider info for com.facebook.katana.provider.AttributionIdProvider
08-15 07:00:16.270  4834  4847 E ActivityThread: Failed to find provider info for com.facebook.katana.provider.AttributionIdProvider
08-15 07:01:29.733  1807  2705 I chatty  : uid=1000(system) AlarmManager expire 1 line
08-15 07:02:39.142  1807  3191 I chatty  : uid=1000(system) Binder_5 expire 2 lines
08-15 07:05:29.837  5227  5227 E ActivityThread: Failed to find provider info for com.facebook.katana.provider.AttributionIdProvider
08-15 07:05:29.861  5227  5247 E ActivityThread: Failed to find provider info for com.facebook.katana.provider.AttributionIdProvider
08-15 07:08:11.665  1807  3192 I chatty  : uid=1000(system) Binder_6 expire 8 lines
08-15 07:10:50.515  5443  5443 E ActivityThread: Failed to find provider info for com.facebook.katana.provider.AttributionIdProvider
08-15 07:10:50.555  5443  5462 E ActivityThread: Failed to find provider info for com.facebook.katana.provider.AttributionIdProvider
08-15 07:11:52.001  1807  2029 I chatty  : uid=1000(system) android.bg expire 1 line
08-15 07:11:52.713  1807  3060 I chatty  : uid=1000(system) WifiService expire 10 lines
08-15 07:11:52.718  1807  1903 I chatty  : uid=1000(system) Binder_1 expire 9 lines
08-15 07:12:32.361  1807  3123 I chatty  : uid=1000(system) Binder_4 expire 11 lines
08-15 07:12:32.900  1807  3122 I chatty  : uid=1000(system) Binder_3 expire 11 lines
08-15 07:12:33.318  5576  5594 D ActivityThread: Loading provider com.google.android.gmail.provider;com.android.mail.notifier;com.google.android.gm.email.provider;com.google.android.gm.email.notifier: com.android.email.provider.EmailProvider
08-15 07:12:33.580  1807 29864 I chatty  : uid=1000(system) Binder_10 expire 8 lines
08-15 07:12:33.816  1807  3061 I chatty  : uid=1000(system) ConnectivitySer expire 35 lines
08-15 07:12:33.819  1807  3191 I chatty  : uid=1000(system) Binder_5 expire 8 lines
08-15 07:12:33.853  1807  1906 I chatty  : uid=1000(system) Binder_2 expire 10 lines
08-15 07:12:33.930  1807  3815 I chatty  : uid=1000(system) Binder_A expire 13 lines
08-15 07:12:34.268  1807 16031 I chatty  : uid=1000(system) Binder_E expire 6 lines
08-15 07:13:32.586  1807  3193 I chatty  : uid=1000(system) Binder_7 expire 13 lines
08-15 07:16:23.916  1807  2032 I chatty  : uid=1000(system) ActivityManager expire 10 lines
08-15 07:16:31.646  1807  2705 I chatty  : uid=1000(system) AlarmManager expire 1 line
08-15 07:16:42.171  1807  3814 I chatty  : uid=1000(system) Binder_9 expire 12 lines
08-15 07:16:51.318  1807 12954 I chatty  : uid=1000(system) Binder_D expire 7 lines
08-15 07:16:56.698  1807  5002 I chatty  : uid=1000(system) Binder_B expire 9 lines
08-15 07:17:35.797  1807  3194 I chatty  : uid=1000(system) Binder_8 expire 7 lines
08-15 07:17:52.313  5872  5872 E ActivityThread: Failed to find provider info for com.facebook.katana.provider.AttributionIdProvider
08-15 07:17:52.363  5872  5894 E ActivityThread: Failed to find provider info for com.facebook.katana.provider.AttributionIdProvider
08-15 07:18:45.387  1807 24412 I chatty  : uid=1000(system) Binder_F expire 10 lines
08-15 07:18:45.395  1807  8212 I chatty  : uid=1000(system) Binder_C expire 8 lines
08-15 07:18:45.597   486  5968 W SocketClient: write error (Broken pipe)
08-15 07:23:57.042  6203  6203 E ActivityThread: Failed to find provider info for com.facebook.katana.provider.AttributionIdProvider
08-15 07:23:57.061  6203  6217 E ActivityThread: Failed to find provider info for com.facebook.katana.provider.AttributionIdProvider
08-15 07:30:01.710  1807  2163 I chatty  : uid=1000(system) android.display expire 2 lines
08-15 07:30:01.715  1807  2176 I chatty  : uid=1000(system) PowerManagerSer expire 2 lines
08-15 07:30:05.329  1807  3059 I chatty  : uid=1000(system) WifiStateMachin expire 1 line
08-15 07:30:06.450  1807  3057 I chatty  : uid=1000(system) NetworkPolicy expire 2 lines
08-15 07:30:08.938  6604  6604 W ActivityThread: ClassLoader.loadClass: The class loader returned by Thread.getContextClassLoader() may fail for processes that host multiple applications. You should explicitly specify a context class loader. For example: Thread.setContextClassLoader(getClass().getClassLoader());
08-15 07:30:09.937  1807  3061 I chatty  : uid=1000(system) ConnectivitySer expire 12 lines
08-15 07:30:20.488   336   371 I Ext4Crypt: ext4 crypto complete called on /data
08-15 07:30:20.501   336   371 I Ext4Crypt: No master key, so not ext4enc
08-15 07:30:20.508  1807  2710 I chatty  : uid=1000(system) CryptdConnector expire 6 lines
08-15 07:30:20.509   336   371 D VoldCryptCmdListener: cryptfs getpwtype
08-15 07:30:20.509   336   371 I Ext4Crypt: ext4 crypto complete called on /data
08-15 07:30:20.510   336   371 I Ext4Crypt: No master key, so not ext4enc
08-15 07:30:22.144  7346  7346 W ActivityThread: ClassLoader.loadClass: The class loader returned by Thread.getContextClassLoader() may fail for processes that host multiple applications. You should explicitly specify a context class loader. For example: Thread.setContextClassLoader(getClass().getClassLoader());
08-15 07:30:26.963  1807  3815 I chatty  : uid=1000(system) Binder_A expire 7 lines
08-15 07:30:31.855   336   371 I Ext4Crypt: ext4 crypto complete called on /data
08-15 07:30:31.856   336   371 I Ext4Crypt: No master key, so not ext4enc
08-15 07:30:31.859   336   371 D VoldCryptCmdListener: cryptfs getpwtype
08-15 07:30:31.860   336   371 I Ext4Crypt: ext4 crypto complete called on /data
08-15 07:30:31.860   336   371 I Ext4Crypt: No master key, so not ext4enc
08-15 07:30:31.887  1807  3814 I chatty  : uid=1000(system) Binder_9 expire 2 lines
08-15 07:30:32.716  1807  3060 I chatty  : uid=1000(system) WifiService expire 1 line
08-15 07:30:32.740  1807  3122 I chatty  : uid=1000(system) Binder_3 expire 2 lines
08-15 07:30:32.799  1807 24412 I chatty  : uid=1000(system) Binder_F expire 4 lines
08-15 07:30:36.568  1807  2039 I chatty  : uid=1000(system) android.fg expire 4 lines
08-15 07:30:36.677   486   860 E NetlinkEvent: Unknown ifindex 162 in RTM_DELADDR
08-15 07:30:36.834  1807  2032 I chatty  : uid=1000(system) ActivityManager expire 2 lines
08-15 07:30:37.945  1807  3123 I chatty  : uid=1000(system) Binder_4 expire 1 line
08-15 07:30:38.338  1807  3193 I chatty  : uid=1000(system) Binder_7 expire 1 line
08-15 07:30:38.478   336   371 I Ext4Crypt: ext4 crypto complete called on /data
08-15 07:30:38.479   336   371 I Ext4Crypt: No master key, so not ext4enc
08-15 07:30:38.484   336   371 D VoldCryptCmdListener: cryptfs getpwtype
08-15 07:30:38.485   336   371 I Ext4Crypt: ext4 crypto complete called on /data
08-15 07:30:38.485   336   371 I Ext4Crypt: No master key, so not ext4enc
08-15 07:30:38.640  1807  1906 I chatty  : uid=1000(system) Binder_2 expire 10 lines
08-15 07:30:39.233  1807  1903 I chatty  : uid=1000(system) Binder_1 expire 10 lines
08-15 07:30:39.287  1807  3192 I chatty  : uid=1000(system) Binder_6 expire 10 lines
08-15 07:30:40.281  1807  3815 I chatty  : uid=1000(system) Binder_A expire 8 lines
08-15 07:30:41.055  1807 12954 I chatty  : uid=1000(system) Binder_D expire 11 lines
08-15 07:30:49.066  1807  3060 I chatty  : uid=1000(system) WifiService expire 10 lines
08-15 07:30:49.256  1807  3193 I chatty  : uid=1000(system) Binder_7 expire 10 lines
08-15 07:30:58.687  1807  2176 I chatty  : uid=1000(system) PowerManagerSer expire 6 lines
08-15 07:30:59.299  1807  2163 I chatty  : uid=1000(system) android.display expire 3 lines
08-15 07:31:01.464  1807  1807 I chatty  : uid=1000 system_server expire 2 lines
08-15 07:31:01.471  1807  5002 I chatty  : uid=1000(system) Binder_B expire 13 lines
08-15 07:31:01.969  8320  8384 D ActivityThread: Loading provider com.google.android.gmail.provider;com.android.mail.notifier;com.google.android.gm.email.provider;com.google.android.gm.email.notifier: com.android.email.provider.EmailProvider
08-15 07:31:02.202  1807  2032 I chatty  : uid=1000(system) ActivityManager expire 8 lines
08-15 07:31:03.207  1807  3123 I chatty  : uid=1000(system) Binder_4 expire 10 lines
08-15 07:31:03.608  1807  3122 I chatty  : uid=1000(system) Binder_3 expire 11 lines
08-15 07:31:43.081  1807  2705 I chatty  : uid=1000(system) AlarmManager expire 1 line
08-15 07:32:08.191  1807 24412 I chatty  : uid=1000(system) Binder_F expire 6 lines
08-15 07:32:08.650  1807 16031 I chatty  : uid=1000(system) Binder_E expire 8 lines
08-15 07:32:14.511  8648  8664 D ActivityThread: Loading provider com.google.android.gmail.provider;com.android.mail.notifier;com.google.android.gm.email.provider;com.google.android.gm.email.notifier: com.android.email.provider.EmailProvider
08-15 07:32:15.036  1807  3191 I chatty  : uid=1000(system) Binder_5 expire 3 lines
08-15 07:32:16.344  1807  3061 I chatty  : uid=1000(system) ConnectivitySer expire 63 lines
08-15 07:33:55.142  1807 29864 I chatty  : uid=1000(system) Binder_10 expire 9 lines
08-15 07:35:33.151  1807  8212 I chatty  : uid=1000(system) Binder_C expire 8 lines
08-15 07:35:40.303  8746  8746 E ActivityThread: Failed to find provider info for com.facebook.katana.provider.AttributionIdProvider
08-15 07:35:40.458  8746  8768 E ActivityThread: Failed to find provider info for com.facebook.katana.provider.AttributionIdProvider
08-15 07:36:34.603  1807  3814 I chatty  : uid=1000(system) Binder_9 expire 7 lines
08-15 07:36:34.827  1807  2029 I chatty  : uid=1000(system) android.bg expire 3 lines
08-15 07:36:35.703   336   371 I Ext4Crypt: ext4 crypto complete called on /data
08-15 07:36:35.704   336   371 I Ext4Crypt: No master key, so not ext4enc
08-15 07:36:35.734  1807  2710 I chatty  : uid=1000(system) CryptdConnector expire 4 lines
08-15 07:36:35.736   336   371 D VoldCryptCmdListener: cryptfs getpwtype
08-15 07:36:35.736   336   371 I Ext4Crypt: ext4 crypto complete called on /data
08-15 07:36:35.737   336   371 I Ext4Crypt: No master key, so not ext4enc
08-15 07:40:38.492  1807  3194 I chatty  : uid=1000(system) Binder_8 expire 3 lines
08-15 07:40:42.309  8994  8994 E ActivityThread: Failed to find provider info for com.facebook.katana.provider.AttributionIdProvider
08-15 07:40:42.351  8994  9018 E ActivityThread: Failed to find provider info for com.facebook.katana.provider.AttributionIdProvider
08-15 07:41:43.062  1807  3057 I chatty  : uid=1000(system) NetworkPolicy expire 5 lines
08-15 07:41:44.266  9059  9059 W ActivityThread: ClassLoader.loadClass: The class loader returned by Thread.getContextClassLoader() may fail for processes that host multiple applications. You should explicitly specify a context class loader. For example: Thread.setContextClassLoader(getClass().getClassLoader());
08-15 07:41:44.795  1807  2039 I chatty  : uid=1000(system) android.fg expire 3 lines
08-15 07:41:45.764  1807  3059 I chatty  : uid=1000(system) WifiStateMachin expire 1 line
08-15 07:41:55.851   336   371 I Ext4Crypt: ext4 crypto complete called on /data
08-15 07:41:55.852   336   371 I Ext4Crypt: No master key, so not ext4enc
08-15 07:41:55.857   336   371 D VoldCryptCmdListener: cryptfs getpwtype
08-15 07:41:55.857   336   371 I Ext4Crypt: ext4 crypto complete called on /data
08-15 07:41:55.858   336   371 I Ext4Crypt: No master key, so not ext4enc
08-15 07:41:57.974 10059 10059 W ActivityThread: ClassLoader.loadClass: The class loader returned by Thread.getContextClassLoader() may fail for processes that host multiple applications. You should explicitly specify a context class loader. For example: Thread.setContextClassLoader(getClass().getClassLoader());
08-15 07:41:58.601  1807  1906 I chatty  : uid=1000(system) Binder_2 expire 3 lines
08-15 07:41:59.036  1807 12954 I chatty  : uid=1000(system) Binder_D expire 3 lines
08-15 07:41:59.037  1807  3061 I chatty  : uid=1000(system) ConnectivitySer expire 2 lines
08-15 07:41:59.252  1807  3060 I chatty  : uid=1000(system) WifiService expire 1 line
08-15 07:42:01.940  1807  3193 I chatty  : uid=1000(system) Binder_7 expire 9 lines
08-15 07:42:06.279  1807  3814 I chatty  : uid=1000(system) Binder_9 expire 12 lines
08-15 07:42:06.627  1807 16031 I chatty  : uid=1000(system) Binder_E expire 11 lines
08-15 07:42:06.637  1807  5002 I chatty  : uid=1000(system) Binder_B expire 7 lines
08-15 07:42:07.056  1807 12954 I chatty  : uid=1000(system) Binder_D expire 11 lines
08-15 07:42:07.057   336   371 I Ext4Crypt: ext4 crypto complete called on /data
08-15 07:42:07.058   336   371 I Ext4Crypt: No master key, so not ext4enc
08-15 07:42:07.061  1807  2710 I chatty  : uid=1000(system) CryptdConnector expire 6 lines
08-15 07:42:07.063   336   371 D VoldCryptCmdListener: cryptfs getpwtype
08-15 07:42:07.063   336   371 I Ext4Crypt: ext4 crypto complete called on /data
08-15 07:42:07.064   336   371 I Ext4Crypt: No master key, so not ext4enc
08-15 07:42:07.123  1807  8212 I chatty  : uid=1000(system) Binder_C expire 5 lines
08-15 07:42:07.125  1807 29864 I chatty  : uid=1000(system) Binder_10 expire 14 lines
08-15 07:42:07.154  1807  3122 I chatty  : uid=1000(system) Binder_3 expire 8 lines
08-15 07:42:07.159  1807  3192 I chatty  : uid=1000(system) Binder_6 expire 10 lines
08-15 07:42:07.162  1807  3191 I chatty  : uid=1000(system) Binder_5 expire 10 lines
08-15 07:42:07.735  1807  3815 I chatty  : uid=1000(system) Binder_A expire 11 lines
08-15 07:42:07.761  1807  1906 I chatty  : uid=1000(system) Binder_2 expire 10 lines
08-15 07:42:08.115  1807  1903 I chatty  : uid=1000(system) Binder_1 expire 6 lines
08-15 07:42:08.561 10624 10624 W ActivityThread: ClassLoader.loadClass: The class loader returned by Thread.getContextClassLoader() may fail for processes that host multiple applications. You should explicitly specify a context class loader. For example: Thread.setContextClassLoader(getClass().getClassLoader());
08-15 07:42:09.342  1807  3061 I chatty  : uid=1000(system) ConnectivitySer expire 15 lines
08-15 07:42:09.713  1807  3123 I chatty  : uid=1000(system) Binder_4 expire 8 lines
08-15 07:42:11.261  1807 24412 I chatty  : uid=1000(system) Binder_F expire 7 lines
08-15 07:42:12.036  1807  2032 I chatty  : uid=1000(system) ActivityManager expire 7 lines
08-15 07:42:14.234  1807  3194 I chatty  : uid=1000(system) Binder_8 expire 4 lines
08-15 07:42:15.229  1807  3060 I chatty  : uid=1000(system) WifiService expire 5 lines
08-15 07:42:17.077   336   371 I Ext4Crypt: ext4 crypto complete called on /data
08-15 07:42:17.078   336   371 I Ext4Crypt: No master key, so not ext4enc
08-15 07:42:17.083   336   371 D VoldCryptCmdListener: cryptfs getpwtype
08-15 07:42:17.083   336   371 I Ext4Crypt: ext4 crypto complete called on /data
08-15 07:42:17.084   336   371 I Ext4Crypt: No master key, so not ext4enc
08-15 07:42:18.435 11152 11152 W ActivityThread: ClassLoader.loadClass: The class loader returned by Thread.getContextClassLoader() may fail for processes that host multiple applications. You should explicitly specify a context class loader. For example: Thread.setContextClassLoader(getClass().getClassLoader());
08-15 07:42:27.112   336   371 I Ext4Crypt: ext4 crypto complete called on /data
08-15 07:42:27.113   336   371 I Ext4Crypt: No master key, so not ext4enc
08-15 07:42:27.117   336   371 D VoldCryptCmdListener: cryptfs getpwtype
08-15 07:42:27.117   336   371 I Ext4Crypt: ext4 crypto complete called on /data
08-15 07:42:27.118   336   371 I Ext4Crypt: No master key, so not ext4enc
08-15 07:42:27.214  1807  3815 I chatty  : uid=1000(system) Binder_A expire 5 lines
08-15 07:42:27.938  1807  1807 I chatty  : uid=1000 system_server expire 1 line
08-15 07:42:30.147  1807 29864 I chatty  : uid=1000(system) Binder_10 expire 4 lines
08-15 07:42:31.470   486   860 E NetlinkEvent: Unknown ifindex 163 in RTM_DELADDR
08-15 07:42:31.475  1807  2039 I chatty  : uid=1000(system) android.fg expire 5 lines
08-15 07:42:32.340  1807  3814 I chatty  : uid=1000(system) Binder_9 expire 5 lines
08-15 07:45:01.892  1807  2163 I chatty  : uid=1000(system) android.display expire 5 lines
08-15 07:45:01.933  1807  2176 I chatty  : uid=1000(system) PowerManagerSer expire 8 lines
08-15 07:47:16.698  1807  2707 I chatty  : uid=1000(system) InputReader expire 1 line
08-15 07:48:28.046 12387 12387 E ActivityThread: Failed to find provider info for com.facebook.katana.provider.AttributionIdProvider
08-15 07:48:30.480 12387 12411 E ActivityThread: Failed to find provider info for com.facebook.katana.provider.AttributionIdProvider
08-15 07:49:37.093  1807  2705 I chatty  : uid=1000(system) AlarmManager expire 1 line
08-15 07:49:37.519  1807  3061 I chatty  : uid=1000(system) ConnectivitySer expire 36 lines
08-15 07:49:37.657  1807  3057 I chatty  : uid=1000(system) NetworkPolicy expire 3 lines
08-15 07:49:39.187 12506 12506 W ActivityThread: ClassLoader.loadClass: The class loader returned by Thread.getContextClassLoader() may fail for processes that host multiple applications. You should explicitly specify a context class loader. For example: Thread.setContextClassLoader(getClass().getClassLoader());
08-15 07:49:39.213  1807  3192 I chatty  : uid=1000(system) Binder_6 expire 2 lines
08-15 07:49:41.335  1807 16031 I chatty  : uid=1000(system) Binder_E expire 2 lines
08-15 07:49:42.356   486 12458 W SocketClient: write error (Broken pipe)
08-15 07:49:43.567  1807  3059 I chatty  : uid=1000(system) WifiStateMachin expire 1 line
08-15 07:49:43.808  1807 12954 I chatty  : uid=1000(system) Binder_D expire 9 lines
08-15 07:49:44.274  1807  3061 I chatty  : uid=1000(system) ConnectivitySer expire 25 lines
08-15 07:49:44.365  1807  3194 I chatty  : uid=1000(system) Binder_8 expire 10 lines
08-15 07:49:44.419  1807  3057 I chatty  : uid=1000(system) NetworkPolicy expire 2 lines
08-15 07:49:45.501  1807  2032 I chatty  : uid=1000(system) ActivityManager expire 5 lines
08-15 07:49:45.784  1807 29864 I chatty  : uid=1000(system) Binder_10 expire 10 lines
08-15 07:49:45.828  1807  5002 I chatty  : uid=1000(system) Binder_B expire 10 lines
08-15 07:49:46.456  1807  3815 I chatty  : uid=1000(system) Binder_A expire 10 lines
