08-15 04:31:30.057  1807  3194 I chatty  : uid=1000(system) Binder_8 expire 10 lines
08-15 04:31:30.165  1807  3191 I chatty  : uid=1000(system) Binder_5 expire 11 lines
08-15 04:31:30.700   486  2723 W SocketClient: write error (Broken pipe)
08-15 04:31:30.700   486  2721 W SocketClient: write error (Broken pipe)
08-15 04:31:30.863  1807  8212 I chatty  : uid=1000(system) Binder_C expire 10 lines
08-15 04:31:30.964  1807  3193 I chatty  : uid=1000(system) Binder_7 expire 12 lines
08-15 04:31:34.253  1807  3122 I chatty  : uid=1000(system) Binder_3 expire 9 lines
08-15 04:31:34.936   336   371 I Ext4Crypt: ext4 crypto complete called on /data
08-15 04:31:34.937   336   371 I Ext4Crypt: No master key, so not ext4enc
08-15 04:31:34.941   336   371 D VoldCryptCmdListener: cryptfs getpwtype
08-15 04:31:34.942   336   371 I Ext4Crypt: ext4 crypto complete called on /data
08-15 04:31:34.942   336   371 I Ext4Crypt: No master key, so not ext4enc
08-15 04:31:37.535  3376  3376 W ActivityThread: ClassLoader.loadClass: The class loader returned by Thread.getContextClassLoader() may fail for processes that host multiple applications. You should explicitly specify a context class loader. For example: Thread.setContextClassLoader(getClass().getClassLoader());
08-15 04:31:39.318  1807  3061 I chatty  : uid=1000(system) ConnectivitySer expire 6 lines
08-15 04:31:46.429  1807  1903 I chatty  : uid=1000(system) Binder_1 expire 8 lines
08-15 04:31:47.058   336   371 I Ext4Crypt: ext4 crypto complete called on /data
08-15 04:31:47.059   336   371 I Ext4Crypt: No master key, so not ext4enc
08-15 04:31:47.063   336   371 D VoldCryptCmdListener: cryptfs getpwtype
08-15 04:31:47.064   336   371 I Ext4Crypt: ext4 crypto complete called on /data
08-15 04:31:47.064   336   371 I Ext4Crypt: No master key, so not ext4enc
08-15 04:31:47.105  1807  3123 I chatty  : uid=1000(system) Binder_4 expire 6 lines
08-15 04:31:48.646  4014  4014 W ActivityThread: ClassLoader.loadClass: The class loader returned by Thread.getContextClassLoader() may fail for processes that host multiple applications. You should explicitly specify a context class loader. For example: Thread.setContextClassLoader(getClass().getClassLoader());
08-15 04:31:52.979  1807  3815 I chatty  : uid=1000(system) Binder_A expire 3 lines
08-15 04:31:57.699   336   371 I Ext4Crypt: ext4 crypto complete called on /data
08-15 04:31:57.699   336   371 I Ext4Crypt: No master key, so not ext4enc
08-15 04:31:57.704   336   371 D VoldCryptCmdListener: cryptfs getpwtype
08-15 04:31:57.704   336   371 I Ext4Crypt: ext4 crypto complete called on /data
08-15 04:31:57.705   336   371 I Ext4Crypt: No master key, so not ext4enc
08-15 04:31:57.754  1807  3192 I chatty  : uid=1000(system) Binder_6 expire 1 line
08-15 04:31:57.826  1807 12954 I chatty  : uid=1000(system) Binder_D expire 4 lines
08-15 04:31:59.199  4637  4637 W ActivityThread: ClassLoader.loadClass: The class loader returned by Thread.getContextClassLoader() may fail for processes that host multiple applications. You should explicitly specify a context class loader. For example: Thread.setContextClassLoader(getClass().getClassLoader());
08-15 04:32:00.560  1807  3191 I chatty  : uid=1000(system) Binder_5 expire 11 lines
08-15 04:32:03.973  1807  3060 I chatty  : uid=1000(system) WifiService expire 9 lines
08-15 04:32:04.006  1807  3814 I chatty  : uid=1000(system) Binder_9 expire 10 lines
08-15 04:32:04.199  1807 12954 I chatty  : uid=1000(system) Binder_D expire 6 lines
08-15 04:32:04.296  1807 16031 I chatty  : uid=1000(system) Binder_E expire 5 lines
08-15 04:32:04.305  1807 29864 I chatty  : uid=1000(system) Binder_10 expire 10 lines
08-15 04:32:04.408  1807  3815 I chatty  : uid=1000(system) Binder_A expire 10 lines
08-15 04:32:05.474  1807  3122 I chatty  : uid=1000(system) Binder_3 expire 10 lines
08-15 04:32:05.557  1807  1903 I chatty  : uid=1000(system) Binder_1 expire 10 lines
08-15 04:32:06.599  1807 24412 I chatty  : uid=1000(system) Binder_F expire 13 lines
08-15 04:32:06.696  1807  8212 I chatty  : uid=1000(system) Binder_C expire 10 lines
08-15 04:32:06.785   486   863 E FrameworkListener: read() failed (Connection reset by peer)
08-15 04:32:07.553  1807  5002 I chatty  : uid=1000(system) Binder_B expire 9 lines
08-15 04:32:08.059   336   371 I Ext4Crypt: ext4 crypto complete called on /data
08-15 04:32:08.060   336   371 I Ext4Crypt: No master key, so not ext4enc
08-15 04:32:08.062  1807  2710 I chatty  : uid=1000(system) CryptdConnector expire 6 lines
08-15 04:32:08.064   336   371 D VoldCryptCmdListener: cryptfs getpwtype
08-15 04:32:08.065   336   371 I Ext4Crypt: ext4 crypto complete called on /data
08-15 04:32:08.065   336   371 I Ext4Crypt: No master key, so not ext4enc
08-15 04:32:08.093  1807  3193 I chatty  : uid=1000(system) Binder_7 expire 10 lines
08-15 04:32:09.127  1807  1807 I chatty  : uid=1000 system_server expire 1 line
08-15 04:32:10.006  1807  3061 I chatty  : uid=1000(system) ConnectivitySer expire 13 lines
08-15 04:32:11.916   486   860 E NetlinkEvent: Unknown ifindex 152 in RTM_DELADDR
08-15 04:32:11.935  1807  2039 I chatty  : uid=1000(system) android.fg expire 5 lines
08-15 04:32:12.346  1807  3192 I chatty  : uid=1000(system) Binder_6 expire 12 lines
08-15 04:33:30.087  1807  3057 I chatty  : uid=1000(system) NetworkPolicy expire 4 lines
08-15 04:33:30.102  1807  2032 I chatty  : uid=1000(system) ActivityManager expire 1 line
08-15 04:33:30.937  5435  5435 W ActivityThread: ClassLoader.loadClass: The class loader returned by Thread.getContextClassLoader() may fail for processes that host multiple applications. You should explicitly specify a context class loader. For example: Thread.setContextClassLoader(getClass().getClassLoader());
08-15 04:33:32.388  1807  3123 I chatty  : uid=1000(system) Binder_4 expire 5 lines
08-15 04:33:32.389  1807  3061 I chatty  : uid=1000(system) ConnectivitySer expire 50 lines
08-15 04:33:34.534  1807  3059 I chatty  : uid=1000(system) WifiStateMachin expire 1 line
08-15 04:33:36.861  1807  3194 I chatty  : uid=1000(system) Binder_8 expire 6 lines
08-15 04:33:40.735  1807  1906 I chatty  : uid=1000(system) Binder_2 expire 4 lines
08-15 04:33:40.981   336   371 I Ext4Crypt: ext4 crypto complete called on /data
08-15 04:33:40.981   336   371 I Ext4Crypt: No master key, so not ext4enc
08-15 04:33:40.985  1807  3122 I chatty  : uid=1000(system) Binder_3 expire 6 lines
08-15 04:33:40.986   336   371 D VoldCryptCmdListener: cryptfs getpwtype
08-15 04:33:40.987   336   371 I Ext4Crypt: ext4 crypto complete called on /data
08-15 04:33:40.987   336   371 I Ext4Crypt: No master key, so not ext4enc
08-15 04:33:40.987  1807  1903 I chatty  : uid=1000(system) Binder_1 expire 6 lines
08-15 04:33:42.536  6458  6458 W ActivityThread: ClassLoader.loadClass: The class loader returned by Thread.getContextClassLoader() may fail for processes that host multiple applications. You should explicitly specify a context class loader. For example: Thread.setContextClassLoader(getClass().getClassLoader());
08-15 04:33:43.272  1807  3061 I chatty  : uid=1000(system) ConnectivitySer expire 5 lines
08-15 04:33:51.679   336   371 I Ext4Crypt: ext4 crypto complete called on /data
08-15 04:33:51.679   336   371 I Ext4Crypt: No master key, so not ext4enc
08-15 04:33:51.683  1807  3814 I chatty  : uid=1000(system) Binder_9 expire 2 lines
08-15 04:33:51.684   336   371 D VoldCryptCmdListener: cryptfs getpwtype
08-15 04:33:51.684   336   371 I Ext4Crypt: ext4 crypto complete called on /data
08-15 04:33:51.685   336   371 I Ext4Crypt: No master key, so not ext4enc
08-15 04:33:51.779  1807 29864 I chatty  : uid=1000(system) Binder_10 expire 3 lines
08-15 04:33:52.758  1807  3193 I chatty  : uid=1000(system) Binder_7 expire 2 lines
08-15 04:33:55.456  7186  7186 W ActivityThread: ClassLoader.loadClass: The class loader returned by Thread.getContextClassLoader() may fail for processes that host multiple applications. You should explicitly specify a context class loader. For example: Thread.setContextClassLoader(getClass().getClassLoader());
08-15 04:33:56.146  1807  3192 I chatty  : uid=1000(system) Binder_6 expire 2 lines
08-15 04:33:58.239  1807  8212 I chatty  : uid=1000(system) Binder_C expire 7 lines
08-15 04:33:58.240  1807  3122 I chatty  : uid=1000(system) Binder_3 expire 10 lines
08-15 04:33:58.447  1807  3192 I chatty  : uid=1000(system) Binder_6 expire 10 lines
08-15 04:33:58.484  1807  3191 I chatty  : uid=1000(system) Binder_5 expire 10 lines
08-15 04:33:59.170  1807  1903 I chatty  : uid=1000(system) Binder_1 expire 7 lines
08-15 04:33:59.829  1807  3815 I chatty  : uid=1000(system) Binder_A expire 12 lines
08-15 04:33:59.846  1807 16031 I chatty  : uid=1000(system) Binder_E expire 9 lines
08-15 04:34:00.179  1807  3123 I chatty  : uid=1000(system) Binder_4 expire 6 lines
08-15 04:34:00.461  1807  3814 I chatty  : uid=1000(system) Binder_9 expire 8 lines
08-15 04:34:00.582  1807 24412 I chatty  : uid=1000(system) Binder_F expire 12 lines
08-15 04:34:03.140  1807 29864 I chatty  : uid=1000(system) Binder_10 expire 10 lines
08-15 04:34:04.223  1807 12954 I chatty  : uid=1000(system) Binder_D expire 10 lines
08-15 04:34:04.662   336   371 I Ext4Crypt: ext4 crypto complete called on /data
08-15 04:34:04.663   336   371 I Ext4Crypt: No master key, so not ext4enc
08-15 04:34:04.691  1807  2710 I chatty  : uid=1000(system) CryptdConnector expire 6 lines
08-15 04:34:04.693   336   371 D VoldCryptCmdListener: cryptfs getpwtype
08-15 04:34:04.693   336   371 I Ext4Crypt: ext4 crypto complete called on /data
08-15 04:34:04.694   336   371 I Ext4Crypt: No master key, so not ext4enc
08-15 04:34:04.753  1807  1906 I chatty  : uid=1000(system) Binder_2 expire 10 lines
08-15 04:34:04.762  1807  3060 I chatty  : uid=1000(system) WifiService expire 2 lines
08-15 04:34:04.794  1807  5002 I chatty  : uid=1000(system) Binder_B expire 4 lines
08-15 04:34:06.129  7726  7726 W ActivityThread: ClassLoader.loadClass: The class loader returned by Thread.getContextClassLoader() may fail for processes that host multiple applications. You should explicitly specify a context class loader. For example: Thread.setContextClassLoader(getClass().getClassLoader());
08-15 04:34:07.364  1807  3061 I chatty  : uid=1000(system) ConnectivitySer expire 11 lines
08-15 04:34:07.599  1807  3193 I chatty  : uid=1000(system) Binder_7 expire 9 lines
08-15 04:34:11.210  1807  3194 I chatty  : uid=1000(system) Binder_8 expire 3 lines
08-15 04:34:14.645   486   866 W SocketClient: write error (Broken pipe)
08-15 04:34:15.015   336   371 I Ext4Crypt: ext4 crypto complete called on /data
08-15 04:34:15.015   336   371 I Ext4Crypt: No master key, so not ext4enc
08-15 04:34:15.020   336   371 D VoldCryptCmdListener: cryptfs getpwtype
08-15 04:34:15.020   336   371 I Ext4Crypt: ext4 crypto complete called on /data
08-15 04:34:15.020   336   371 I Ext4Crypt: No master key, so not ext4enc
08-15 04:34:18.557   486   860 E NetlinkEvent: Unknown ifindex 153 in RTM_DELADDR
08-15 04:34:18.562  1807  2039 I chatty  : uid=1000(system) android.fg expire 5 lines
08-15 04:34:50.508  1807 24412 I chatty  : uid=1000(system) Binder_F expire 2 lines
08-15 04:34:55.402  8482  8497 D ActivityThread: Loading provider com.google.android.gmail.provider;com.android.mail.notifier;com.google.android.gm.email.provider;com.google.android.gm.email.notifier: com.android.email.provider.EmailProvider
08-15 04:34:56.677  1807  3122 I chatty  : uid=1000(system) Binder_3 expire 5 lines
08-15 04:38:42.107  1807  2032 I chatty  : uid=1000(system) ActivityManager expire 6 lines
08-15 04:40:26.084  8650  8650 E ActivityThread: Failed to find provider info for com.facebook.katana.provider.AttributionIdProvider
08-15 04:40:26.125  8650  8674 E ActivityThread: Failed to find provider info for com.facebook.katana.provider.AttributionIdProvider
08-15 04:40:40.001  1807  2029 I chatty  : uid=1000(system) android.bg expire 1 line
08-15 04:45:24.076  1807  1807 I chatty  : uid=1000 system_server expire 4 lines
08-15 04:45:24.296  8810  8839 D DownloadManager: Removed 0 stale downloads
08-15 04:45:24.345  8810  8839 D DownloadManager: Found 10 files in database
08-15 04:45:24.346  8810  8839 D DownloadManager: Found 0 files on disk
08-15 04:45:24.364  1807  2708 I chatty  : uid=1000(system) MountService expire 3 lines
08-15 04:45:24.382  1807  2709 I chatty  : uid=1000(system) VoldConnector expire 3 lines
08-15 04:45:24.388   336  8841 D vold    : Starting trim of /data
08-15 04:45:25.349   336   371 I Ext4Crypt: ext4 crypto complete called on /data
08-15 04:45:25.351   336   371 I Ext4Crypt: No master key, so not ext4enc
08-15 04:45:25.356   336   371 D VoldCryptCmdListener: cryptfs getpwtype
08-15 04:45:25.356   336   371 I Ext4Crypt: ext4 crypto complete called on /data
08-15 04:45:25.357   336   371 I Ext4Crypt: No master key, so not ext4enc
08-15 04:45:25.493  1807  3061 I chatty  : uid=1000(system) ConnectivitySer expire 58 lines
08-15 04:45:25.711   336  8841 I vold    : Trimmed 3042684928 bytes on /data in 1322ms
08-15 04:45:25.713   336  8841 D vold    : Starting trim of /cache
08-15 04:45:25.754   336  8841 I vold    : Trimmed 75821056 bytes on /cache in 40ms
08-15 04:47:39.657  9023  9039 D ActivityThread: Loading provider com.google.android.gmail.provider;com.android.mail.notifier;com.google.android.gm.email.provider;com.google.android.gm.email.notifier: com.android.email.provider.EmailProvider
08-15 04:48:46.288  1807 12954 I chatty  : uid=1000(system) Binder_D expire 1 line
08-15 04:49:10.278  1807  3057 I chatty  : uid=1000(system) NetworkPolicy expire 5 lines
08-15 04:49:10.801  1807 29864 I chatty  : uid=1000(system) Binder_10 expire 2 lines
08-15 04:49:11.211  1807  3192 I chatty  : uid=1000(system) Binder_6 expire 2 lines
08-15 04:49:11.875  9135  9135 W ActivityThread: ClassLoader.loadClass: The class loader returned by Thread.getContextClassLoader() may fail for processes that host multiple applications. You should explicitly specify a context class loader. For example: Thread.setContextClassLoader(getClass().getClassLoader());
08-15 04:49:12.308  1807  1906 I chatty  : uid=1000(system) Binder_2 expire 2 lines
08-15 04:49:14.210  1807  3059 I chatty  : uid=1000(system) WifiStateMachin expire 1 line
08-15 04:49:17.239  1807  3194 I chatty  : uid=1000(system) Binder_8 expire 10 lines
08-15 04:49:17.444  1807  1906 I chatty  : uid=1000(system) Binder_2 expire 10 lines
08-15 04:49:17.454  1807  3191 I chatty  : uid=1000(system) Binder_5 expire 10 lines
08-15 04:49:18.569  1807 29864 I chatty  : uid=1000(system) Binder_10 expire 10 lines
08-15 04:49:18.653  1807  3060 I chatty  : uid=1000(system) WifiService expire 9 lines
08-15 04:49:18.657  1807  3193 I chatty  : uid=1000(system) Binder_7 expire 12 lines
08-15 04:49:19.600  1807  3122 I chatty  : uid=1000(system) Binder_3 expire 8 lines
08-15 04:49:19.608  1807  3814 I chatty  : uid=1000(system) Binder_9 expire 11 lines
08-15 04:49:19.906  1807 24412 I chatty  : uid=1000(system) Binder_F expire 12 lines
08-15 04:49:19.951  1807 12954 I chatty  : uid=1000(system) Binder_D expire 6 lines
08-15 04:49:20.071  1807  3192 I chatty  : uid=1000(system) Binder_6 expire 10 lines
08-15 04:49:20.436  1807  3061 I chatty  : uid=1000(system) ConnectivitySer expire 12 lines
08-15 04:49:20.493  1807  1903 I chatty  : uid=1000(system) Binder_1 expire 11 lines
08-15 04:49:24.871  1807  8212 I chatty  : uid=1000(system) Binder_C expire 9 lines
08-15 04:49:25.494  1807  3123 I chatty  : uid=1000(system) Binder_4 expire 10 lines
08-15 04:49:26.610  1807  3815 I chatty  : uid=1000(system) Binder_A expire 10 lines
08-15 04:49:26.611   336   371 I Ext4Crypt: ext4 crypto complete called on /data
08-15 04:49:26.612   336   371 I Ext4Crypt: No master key, so not ext4enc
08-15 04:49:26.616  1807  2710 I chatty  : uid=1000(system) CryptdConnector expire 8 lines
08-15 04:49:26.618   336   371 D VoldCryptCmdListener: cryptfs getpwtype
08-15 04:49:26.618   336   371 I Ext4Crypt: ext4 crypto complete called on /data
08-15 04:49:26.619   336   371 I Ext4Crypt: No master key, so not ext4enc
08-15 04:49:26.695  1807 16031 I chatty  : uid=1000(system) Binder_E expire 12 lines
08-15 04:49:27.888  1807  1807 I chatty  : uid=1000 system_server expire 3 lines
08-15 04:49:29.167 10160 10160 W ActivityThread: ClassLoader.loadClass: The class loader returned by Thread.getContextClassLoader() may fail for processes that host multiple applications. You should explicitly specify a context class loader. For example: Thread.setContextClassLoader(getClass().getClassLoader());
08-15 04:49:29.309  1807  5002 I chatty  : uid=1000(system) Binder_B expire 10 lines
08-15 04:49:42.085   486 10299 W SocketClient: write error (Broken pipe)
08-15 04:49:44.809   336   371 I Ext4Crypt: ext4 crypto complete called on /data
08-15 04:49:44.810   336   371 I Ext4Crypt: No master key, so not ext4enc
08-15 04:49:44.814  1807 24412 I chatty  : uid=1000(system) Binder_F expire 5 lines
08-15 04:49:44.815   336   371 D VoldCryptCmdListener: cryptfs getpwtype
08-15 04:49:44.815   336   371 I Ext4Crypt: ext4 crypto complete called on /data
08-15 04:49:44.815   336   371 I Ext4Crypt: No master key, so not ext4enc
08-15 04:49:47.391 10763 10763 W ActivityThread: ClassLoader.loadClass: The class loader returned by Thread.getContextClassLoader() may fail for processes that host multiple applications. You should explicitly specify a context class loader. For example: Thread.setContextClassLoader(getClass().getClassLoader());
08-15 04:50:00.871 11225 11247 I ActivityThread: Removing dead content provider:android.content.ContentProviderProxy@2bc49b9
08-15 04:50:00.897  1807  3815 I chatty  : uid=1000(system) Binder_A expire 5 lines
08-15 04:50:01.413   336   371 I Ext4Crypt: ext4 crypto complete called on /data
08-15 04:50:01.413   336   371 I Ext4Crypt: No master key, so not ext4enc
08-15 04:50:01.419   336   371 D VoldCryptCmdListener: cryptfs getpwtype
08-15 04:50:01.420   336   371 I Ext4Crypt: ext4 crypto complete called on /data
08-15 04:50:01.420   336   371 I Ext4Crypt: No master key, so not ext4enc
08-15 04:50:02.144  1807  3191 I chatty  : uid=1000(system) Binder_5 expire 5 lines
08-15 04:50:02.537  1807  3193 I chatty  : uid=1000(system) Binder_7 expire 7 lines
08-15 04:50:03.706 11314 11314 W ActivityThread: ClassLoader.loadClass: The class loader returned by Thread.getContextClassLoader() may fail for processes that host multiple applications. You should explicitly specify a context class loader. For example: Thread.setContextClassLoader(getClass().getClassLoader());
08-15 04:50:04.947  1807  3192 I chatty  : uid=1000(system) Binder_6 expire 5 lines
08-15 04:50:09.111  1807  1906 I chatty  : uid=1000(system) Binder_2 expire 5 lines
08-15 04:50:17.457   336   371 I Ext4Crypt: ext4 crypto complete called on /data
08-15 04:50:17.458   336   371 I Ext4Crypt: No master key, so not ext4enc
08-15 04:50:17.461  1807  1903 I chatty  : uid=1000(system) Binder_1 expire 4 lines
08-15 04:50:17.462   336   371 D VoldCryptCmdListener: cryptfs getpwtype
08-15 04:50:17.463   336   371 I Ext4Crypt: ext4 crypto complete called on /data
08-15 04:50:17.463   336   371 I Ext4Crypt: No master key, so not ext4enc
08-15 04:50:17.471  1807  3123 I chatty  : uid=1000(system) Binder_4 expire 4 lines
08-15 04:50:17.657  1807 16031 I chatty  : uid=1000(system) Binder_E expire 4 lines
08-15 04:50:18.602  1807  3814 I chatty  : uid=1000(system) Binder_9 expire 1 line
08-15 04:50:19.036  1807 29864 I chatty  : uid=1000(system) Binder_10 expire 4 lines
08-15 04:50:21.080   486   860 E NetlinkEvent: Unknown ifindex 154 in RTM_DELADDR
08-15 04:50:21.083  1807  2039 I chatty  : uid=1000(system) android.fg expire 2 lines
08-15 04:50:21.335  1807  3061 I chatty  : uid=1000(system) ConnectivitySer expire 7 lines
08-15 04:50:59.773  1807  5002 I chatty  : uid=1000(system) Binder_B expire 1 line
08-15 04:54:28.016  1807  2032 I chatty  : uid=1000(system) ActivityManager expire 9 lines
08-15 04:55:33.748 12289 12289 E ActivityThread: Failed to find provider info for com.facebook.katana.provider.AttributionIdProvider
08-15 04:55:33.796 12289 12308 E ActivityThread: Failed to find provider info for com.facebook.katana.provider.AttributionIdProvider
08-15 04:59:11.177  1807 12412 I chatty  : uid=1000 system_server expire 3 lines
08-15 04:59:11.358  1807 29864 I chatty  : uid=1000(system) Binder_10 expire 5 lines
08-15 04:59:11.451  1807  3123 I chatty  : uid=1000(system) Binder_4 expire 5 lines
08-15 04:59:11.454  1807  3192 I chatty  : uid=1000(system) Binder_6 expire 7 lines
08-15 04:59:11.464  1807 12954 I chatty  : uid=1000(system) Binder_D expire 11 lines
08-15 04:59:11.951  1807 24412 I chatty  : uid=1000(system) Binder_F expire 9 lines
08-15 04:59:12.090  1807  3194 I chatty  : uid=1000(system) Binder_8 expire 7 lines
08-15 04:59:13.749  1807  1807 I chatty  : uid=1000 system_server expire 12 lines
08-15 04:59:13.754  1807 12464 I chatty  : uid=1000 system_server expire 3 lines
08-15 05:00:52.860 12486 12486 E ActivityThread: Failed to find provider info for com.facebook.katana.provider.AttributionIdProvider
08-15 05:00:52.883 12486 12505 E ActivityThread: Failed to find provider info for com.facebook.katana.provider.AttributionIdProvider
08-15 05:05:15.378  1807  3122 I chatty  : uid=1000(system) Binder_3 expire 10 lines
08-15 05:05:15.915  1807  3060 I chatty  : uid=1000(system) WifiService expire 6 lines
08-15 05:05:16.165  1807  1906 I chatty  : uid=1000(system) Binder_2 expire 4 lines
08-15 05:05:19.050  1807  3193 I chatty  : uid=1000(system) Binder_7 expire 5 lines
08-15 05:05:40.402  1807  3061 I chatty  : uid=1000(system) ConnectivitySer expire 10 lines
08-15 05:05:40.407  1807  3814 I chatty  : uid=1000(system) Binder_9 expire 4 lines
08-15 05:09:13.129  1807  3815 I chatty  : uid=1000(system) Binder_A expire 5 lines
08-15 05:10:57.523  1807  2029 I chatty  : uid=1000(system) android.bg expire 2 lines
08-15 05:14:13.409  1807  8212 I chatty  : uid=1000(system) Binder_C expire 8 lines
08-15 05:14:20.637  1807  1903 I chatty  : uid=1000(system) Binder_1 expire 4 lines
08-15 05:19:35.104  1807 13006 I chatty  : uid=1000 system_server expire 3 lines
08-15 05:19:35.147  1807 16031 I chatty  : uid=1000(system) Binder_E expire 3 lines
08-15 05:20:14.988  1807  3191 I chatty  : uid=1000(system) Binder_5 expire 7 lines
08-15 05:20:19.938 13041 13057 D ActivityThread: Loading provider com.google.android.gmail.provider;com.android.mail.notifier;com.google.android.gm.email.provider;com.google.android.gm.email.notifier: com.android.email.provider.EmailProvider
08-15 05:20:20.491  1807 13088 I chatty  : uid=1000 system_server expire 5 lines
08-15 05:20:20.590  1807 13093 I chatty  : uid=1000 system_server expire 4 lines
08-15 05:20:34.817  1807 13118 I chatty  : uid=1000 system_server expire 3 lines
08-15 05:20:34.868  1807 13120 I chatty  : uid=1000 system_server expire 5 lines
08-15 05:20:35.039  1807 13134 I chatty  : uid=1000 system_server expire 1 line
08-15 05:20:40.243  1807 13144 I chatty  : uid=1000 system_server expire 3 lines
08-15 05:20:47.612  1807 13148 I chatty  : uid=1000 system_server expire 3 lines
08-15 05:21:14.541  1807 13153 I chatty  : uid=1000 system_server expire 3 lines
08-15 05:21:33.682  1807 13161 I chatty  : uid=1000 system_server expire 3 lines
08-15 05:21:49.613  1807 13171 I chatty  : uid=1000 system_server expire 3 lines
08-15 05:21:52.180  1807 13196 I chatty  : uid=1000 system_server expire 3 lines
08-15 05:21:54.751  1807 13199 I chatty  : uid=1000 system_server expire 3 lines
08-15 05:22:08.804  1807 13203 I chatty  : uid=1000 system_server expire 3 lines
08-15 05:23:05.889  1807  5002 I chatty  : uid=1000(system) Binder_B expire 9 lines
08-15 05:34:43.902  1807  3057 I chatty  : uid=1000(system) NetworkPolicy expire 4 lines
08-15 05:34:44.838 13469 13469 W ActivityThread: ClassLoader.loadClass: The class loader returned by Thread.getContextClassLoader() may fail for processes that host multiple applications. You should explicitly specify a context class loader. For example: Thread.setContextClassLoader(getClass().getClassLoader());
08-15 05:34:46.292  1807  3061 I chatty  : uid=1000(system) ConnectivitySer expire 51 lines
08-15 05:34:46.618  1807  2039 I chatty  : uid=1000(system) android.fg expire 3 lines
08-15 05:34:46.810  1807  3059 I chatty  : uid=1000(system) WifiStateMachin expire 1 line
08-15 05:34:47.886   336   371 I Ext4Crypt: ext4 crypto complete called on /data
08-15 05:34:47.887   336   371 I Ext4Crypt: No master key, so not ext4enc
08-15 05:34:47.888  1807  2710 I chatty  : uid=1000(system) CryptdConnector expire 4 lines
08-15 05:34:47.892   336   371 D VoldCryptCmdListener: cryptfs getpwtype
08-15 05:34:47.892   336   371 I Ext4Crypt: ext4 crypto complete called on /data
08-15 05:34:47.893   336   371 I Ext4Crypt: No master key, so not ext4enc
08-15 05:34:57.215   336   371 I Ext4Crypt: ext4 crypto complete called on /data
08-15 05:34:57.216   336   371 I Ext4Crypt: No master key, so not ext4enc
08-15 05:34:57.221  1807 12954 I chatty  : uid=1000(system) Binder_D expire 11 lines
08-15 05:34:57.221   336   371 D VoldCryptCmdListener: cryptfs getpwtype
08-15 05:34:57.222   336   371 I Ext4Crypt: ext4 crypto complete called on /data
08-15 05:34:57.222   336   371 I Ext4Crypt: No master key, so not ext4enc
08-15 05:34:58.443  1807 29864 I chatty  : uid=1000(system) Binder_10 expire 8 lines
08-15 05:34:58.764  1807  3191 I chatty  : uid=1000(system) Binder_5 expire 11 lines
08-15 05:34:58.983  1807  3122 I chatty  : uid=1000(system) Binder_3 expire 6 lines
08-15 05:34:59.069  1807  8212 I chatty  : uid=1000(system) Binder_C expire 8 lines
08-15 05:34:59.328 14507 14507 W ActivityThread: ClassLoader.loadClass: The class loader returned by Thread.getContextClassLoader() may fail for processes that host multiple applications. You should explicitly specify a context class loader. For example: Thread.setContextClassLoader(getClass().getClassLoader());
08-15 05:34:59.700  1807  3815 I chatty  : uid=1000(system) Binder_A expire 10 lines
08-15 05:34:59.956  1807  1903 I chatty  : uid=1000(system) Binder_1 expire 11 lines
08-15 05:35:00.075  1807  1906 I chatty  : uid=1000(system) Binder_2 expire 14 lines
08-15 05:35:00.077  1807  3061 I chatty  : uid=1000(system) ConnectivitySer expire 10 lines
08-15 05:35:00.353  1807  5002 I chatty  : uid=1000(system) Binder_B expire 10 lines
08-15 05:35:00.372  1807  3060 I chatty  : uid=1000(system) WifiService expire 12 lines
08-15 05:35:02.053  1807  3123 I chatty  : uid=1000(system) Binder_4 expire 14 lines
08-15 05:35:02.110  1807  3814 I chatty  : uid=1000(system) Binder_9 expire 10 lines
08-15 05:35:03.221  1807 24412 I chatty  : uid=1000(system) Binder_F expire 14 lines
08-15 05:35:03.301  1807  3192 I chatty  : uid=1000(system) Binder_6 expire 10 lines
08-15 05:35:03.898  1807  3193 I chatty  : uid=1000(system) Binder_7 expire 10 lines
08-15 05:35:04.039  1807 16031 I chatty  : uid=1000(system) Binder_E expire 11 lines
08-15 05:35:04.486  1807  3194 I chatty  : uid=1000(system) Binder_8 expire 9 lines
08-15 05:35:06.214   486 14616 W SocketClient: write error (Broken pipe)
08-15 05:35:08.065   336   371 I Ext4Crypt: ext4 crypto complete called on /data
08-15 05:35:08.065   336   371 I Ext4Crypt: No master key, so not ext4enc
08-15 05:35:08.068  1807  2710 I chatty  : uid=1000(system) CryptdConnector expire 8 lines
08-15 05:35:08.070   336   371 D VoldCryptCmdListener: cryptfs getpwtype
08-15 05:35:08.071   336   371 I Ext4Crypt: ext4 crypto complete called on /data
08-15 05:35:08.071   336   371 I Ext4Crypt: No master key, so not ext4enc
08-15 05:35:09.943 15112 15112 W ActivityThread: ClassLoader.loadClass: The class loader returned by Thread.getContextClassLoader() may fail for processes that host multiple applications. You should explicitly specify a context class loader. For example: Thread.setContextClassLoader(getClass().getClassLoader());
08-15 05:35:18.504   336   371 I Ext4Crypt: ext4 crypto complete called on /data
08-15 05:35:18.504   336   371 I Ext4Crypt: No master key, so not ext4enc
08-15 05:35:18.510   336   371 D VoldCryptCmdListener: cryptfs getpwtype
08-15 05:35:18.510   336   371 I Ext4Crypt: ext4 crypto complete called on /data
08-15 05:35:18.511   336   371 I Ext4Crypt: No master key, so not ext4enc
08-15 05:35:18.602  1807  3193 I chatty  : uid=1000(system) Binder_7 expire 3 lines
08-15 05:35:20.191 15654 15654 W ActivityThread: ClassLoader.loadClass: The class loader returned by Thread.getContextClassLoader() may fail for processes that host multiple applications. You should explicitly specify a context class loader. For example: Thread.setContextClassLoader(getClass().getClassLoader());
08-15 05:35:22.693  1807 12954 I chatty  : uid=1000(system) Binder_D expire 3 lines
08-15 05:35:28.726   336   371 I Ext4Crypt: ext4 crypto complete called on /data
08-15 05:35:28.726   336   371 I Ext4Crypt: No master key, so not ext4enc
08-15 05:35:28.731   336   371 D VoldCryptCmdListener: cryptfs getpwtype
08-15 05:35:28.732   336   371 I Ext4Crypt: ext4 crypto complete called on /data
08-15 05:35:28.732   336   371 I Ext4Crypt: No master key, so not ext4enc
08-15 05:35:28.814  1807  3123 I chatty  : uid=1000(system) Binder_4 expire 3 lines
08-15 05:35:28.836  1807  3814 I chatty  : uid=1000(system) Binder_9 expire 3 lines
08-15 05:35:29.540  1807  1807 I chatty  : uid=1000 system_server expire 1 line
08-15 05:35:31.777  1807  5002 I chatty  : uid=1000(system) Binder_B expire 6 lines
08-15 05:35:32.496   486   860 E NetlinkEvent: Unknown ifindex 155 in RTM_DELADDR
08-15 05:35:32.500  1807  2039 I chatty  : uid=1000(system) android.fg expire 2 lines
08-15 05:35:32.685  1807  3061 I chatty  : uid=1000(system) ConnectivitySer expire 17 lines
08-15 05:39:23.816  1807  2032 I chatty  : uid=1000(system) ActivityManager expire 4 lines
08-15 05:39:51.207  1807 24412 I chatty  : uid=1000(system) Binder_F expire 2 lines
08-15 05:40:30.035  1807  1906 I chatty  : uid=1000(system) Binder_2 expire 1 line
08-15 05:40:30.927   336   371 I Ext4Crypt: ext4 crypto complete called on /data
08-15 05:40:30.928   336   371 I Ext4Crypt: No master key, so not ext4enc
08-15 05:40:30.931  1807  3815 I chatty  : uid=1000(system) Binder_A expire 2 lines
08-15 05:40:30.931   336   371 D VoldCryptCmdListener: cryptfs getpwtype
08-15 05:40:30.932   336   371 I Ext4Crypt: ext4 crypto complete called on /data
08-15 05:40:30.932   336   371 I Ext4Crypt: No master key, so not ext4enc
08-15 05:40:34.213  1807  3192 I chatty  : uid=1000(system) Binder_6 expire 2 lines
08-15 05:43:51.816  1807  3057 I chatty  : uid=1000(system) NetworkPolicy expire 1 line
08-15 05:43:52.696 16853 16853 W ActivityThread: ClassLoader.loadClass: The class loader returned by Thread.getContextClassLoader() may fail for processes that host multiple applications. You should explicitly specify a context class loader. For example: Thread.setContextClassLoader(getClass().getClassLoader());
08-15 05:43:53.228  1807 16031 I chatty  : uid=1000(system) Binder_E expire 1 line
08-15 05:43:53.768  1807  3061 I chatty  : uid=1000(system) ConnectivitySer expire 51 lines
08-15 05:43:53.881  1807  3057 I chatty  : uid=1000(system) NetworkPolicy expire 3 lines
08-15 05:43:53.932  1807  2039 I chatty  : uid=1000(system) android.fg expire 3 lines
08-15 05:43:54.689  1807  3059 I chatty  : uid=1000(system) WifiStateMachin expire 1 line
08-15 05:43:54.737  1807  8212 I chatty  : uid=1000(system) Binder_C expire 11 lines
08-15 05:43:54.806  1807  5002 I chatty  : uid=1000(system) Binder_B expire 11 lines
08-15 05:43:56.447  1807  3193 I chatty  : uid=1000(system) Binder_7 expire 11 lines
08-15 05:43:56.694  1807  3122 I chatty  : uid=1000(system) Binder_3 expire 7 lines
08-15 05:43:56.940  1807 24412 I chatty  : uid=1000(system) Binder_F expire 11 lines
08-15 05:43:56.964  1807  3814 I chatty  : uid=1000(system) Binder_9 expire 10 lines
08-15 05:43:57.670  1807  3191 I chatty  : uid=1000(system) Binder_5 expire 9 lines
08-15 05:43:57.714  1807 16031 I chatty  : uid=1000(system) Binder_E expire 11 lines
08-15 05:43:58.261  1807  3194 I chatty  : uid=1000(system) Binder_8 expire 11 lines
08-15 05:43:58.480  1807  3060 I chatty  : uid=1000(system) WifiService expire 6 lines
08-15 05:43:58.906  1807  1903 I chatty  : uid=1000(system) Binder_1 expire 10 lines
08-15 05:44:02.206  1807 29864 I chatty  : uid=1000(system) Binder_10 expire 9 lines
08-15 05:44:02.422  1807  3192 I chatty  : uid=1000(system) Binder_6 expire 10 lines
08-15 05:44:03.563  1807  3123 I chatty  : uid=1000(system) Binder_4 expire 11 lines
08-15 05:44:03.564   336   371 I Ext4Crypt: ext4 crypto complete called on /data
08-15 05:44:03.565   336   371 I Ext4Crypt: No master key, so not ext4enc
08-15 05:44:03.570  1807  2710 I chatty  : uid=1000(system) CryptdConnector expire 8 lines
08-15 05:44:03.572   336   371 D VoldCryptCmdListener: cryptfs getpwtype
08-15 05:44:03.573   336   371 I Ext4Crypt: ext4 crypto complete called on /data
08-15 05:44:03.573   336   371 I Ext4Crypt: No master key, so not ext4enc
08-15 05:44:04.391  1807  3815 I chatty  : uid=1000(system) Binder_A expire 9 lines
08-15 05:44:05.399 17860 17860 W ActivityThread: ClassLoader.loadClass: The class loader returned by Thread.getContextClassLoader() may fail for processes that host multiple applications. You should explicitly specify a context class loader. For example: Thread.setContextClassLoader(getClass().getClassLoader());
08-15 05:44:06.418  1807  3061 I chatty  : uid=1000(system) ConnectivitySer expire 6 lines
08-15 05:44:13.595  1807  1906 I chatty  : uid=1000(system) Binder_2 expire 11 lines
08-15 05:44:14.519 18304 18328 I ActivityThread: Removing dead content provider:android.content.ContentProviderProxy@f17ebd
08-15 05:44:15.071   336   371 I Ext4Crypt: ext4 crypto complete called on /data
08-15 05:44:15.072  1807 12954 I chatty  : uid=1000(system) Binder_D expire 8 lines
08-15 05:44:15.072   336   371 I Ext4Crypt: No master key, so not ext4enc
08-15 05:44:15.076   336   371 D VoldCryptCmdListener: cryptfs getpwtype
08-15 05:44:15.077   336   371 I Ext4Crypt: ext4 crypto complete called on /data
08-15 05:44:15.077   336   371 I Ext4Crypt: No master key, so not ext4enc
08-15 05:44:16.957 18440 18440 W ActivityThread: ClassLoader.loadClass: The class loader returned by Thread.getContextClassLoader() may fail for processes that host multiple applications. You should explicitly specify a context class loader. For example: Thread.setContextClassLoader(getClass().getClassLoader());
08-15 05:44:17.576  1807 24412 I chatty  : uid=1000(system) Binder_F expire 10 lines
08-15 05:44:17.685   486 17983 W SocketClient: write error (Broken pipe)
08-15 05:44:25.318   336   371 I Ext4Crypt: ext4 crypto complete called on /data
08-15 05:44:25.319   336   371 I Ext4Crypt: No master key, so not ext4enc
08-15 05:44:25.324   336   371 D VoldCryptCmdListener: cryptfs getpwtype
08-15 05:44:25.324   336   371 I Ext4Crypt: ext4 crypto complete called on /data
08-15 05:44:25.325   336   371 I Ext4Crypt: No master key, so not ext4enc
08-15 05:44:26.873  1807  8212 I chatty  : uid=1000(system) Binder_C expire 3 lines
08-15 05:44:26.876 18938 18938 W ActivityThread: ClassLoader.loadClass: The class loader returned by Thread.getContextClassLoader() may fail for processes that host multiple applications. You should explicitly specify a context class loader. For example: Thread.setContextClassLoader(getClass().getClassLoader());
08-15 05:44:27.884  1807  3194 I chatty  : uid=1000(system) Binder_8 expire 2 lines
08-15 05:44:28.052  1807  3814 I chatty  : uid=1000(system) Binder_9 expire 4 lines
08-15 05:44:29.346   486 19067 W SocketClient: write error (Broken pipe)
08-15 05:44:31.674  1807  1903 I chatty  : uid=1000(system) Binder_1 expire 1 line
08-15 05:44:32.968  1807  5002 I chatty  : uid=1000(system) Binder_B expire 3 lines
08-15 05:44:35.377   336   371 I Ext4Crypt: ext4 crypto complete called on /data
08-15 05:44:35.378   336   371 I Ext4Crypt: No master key, so not ext4enc
08-15 05:44:35.383   336   371 D VoldCryptCmdListener: cryptfs getpwtype
08-15 05:44:35.383   336   371 I Ext4Crypt: ext4 crypto complete called on /data
08-15 05:44:35.383   336   371 I Ext4Crypt: No master key, so not ext4enc
08-15 05:44:35.440  1807  3123 I chatty  : uid=1000(system) Binder_4 expire 1 line
08-15 05:44:35.492  1807  3193 I chatty  : uid=1000(system) Binder_7 expire 4 lines
08-15 05:44:35.512  1807  8212 I chatty  : uid=1000(system) Binder_C expire 6 lines
08-15 05:44:36.135  1807  1807 I chatty  : uid=1000 system_server expire 11 lines
08-15 05:44:36.172  1807  3191 I chatty  : uid=1000(system) Binder_5 expire 7 lines
08-15 05:44:36.484  1807 16031 I chatty  : uid=1000(system) Binder_E expire 10 lines
08-15 05:44:37.525  1807  3061 I chatty  : uid=1000(system) ConnectivitySer expire 37 lines
08-15 05:44:37.596   486   860 E NetlinkEvent: Unknown ifindex 156 in RTM_DELADDR
08-15 05:44:37.600  1807  2039 I chatty  : uid=1000(system) android.fg expire 7 lines
08-15 05:44:37.685  1807  2032 I chatty  : uid=1000(system) ActivityManager expire 16 lines
08-15 05:44:37.782  1807 29864 I chatty  : uid=1000(system) Binder_10 expire 10 lines
08-15 05:44:39.092  1807  3194 I chatty  : uid=1000(system) Binder_8 expire 6 lines
08-15 05:44:39.887  1807  3122 I chatty  : uid=1000(system) Binder_3 expire 6 lines
08-15 05:45:00.087  1807  3815 I chatty  : uid=1000(system) Binder_A expire 3 lines
08-15 05:45:00.808  1807  1906 I chatty  : uid=1000(system) Binder_2 expire 8 lines
08-15 05:45:01.119  1807  3060 I chatty  : uid=1000(system) WifiService expire 7 lines
08-15 05:45:35.673  1807  3192 I chatty  : uid=1000(system) Binder_6 expire 9 lines
08-15 05:46:07.477  1807  3814 I chatty  : uid=1000(system) Binder_9 expire 10 lines
08-15 05:50:02.116   336   371 I Ext4Crypt: ext4 crypto complete called on /data
08-15 05:50:02.117   336   371 I Ext4Crypt: No master key, so not ext4enc
08-15 05:50:02.119  1807  2710 I chatty  : uid=1000(system) CryptdConnector expire 8 lines
08-15 05:50:02.121   336   371 D VoldCryptCmdListener: cryptfs getpwtype
08-15 05:50:02.122   336   371 I Ext4Crypt: ext4 crypto complete called on /data
08-15 05:50:02.122   336   371 I Ext4Crypt: No master key, so not ext4enc
08-15 05:50:02.293  1807  5002 I chatty  : uid=1000(system) Binder_B expire 5 lines
08-15 05:51:05.233  1807 24412 I chatty  : uid=1000(system) Binder_F expire 1 line
08-15 05:51:28.174 20076 20076 E ActivityThread: Failed to find provider info for com.facebook.katana.provider.AttributionIdProvider
08-15 05:51:28.203 20076 20095 E ActivityThread: Failed to find provider info for com.facebook.katana.provider.AttributionIdProvider
08-15 05:51:49.506  1807  2166 I chatty  : uid=1000(system) CpuTracker expire 1 line
08-15 05:53:15.110  1807  3661 I chatty  : uid=1000(system) FLP Service Cal expire 1 line
08-15 05:53:17.169  1807  2029 I chatty  : uid=1000(system) android.bg expire 2 lines
08-15 05:53:18.356   486   860 E NetlinkEvent: Unknown ifindex 157 in RTM_DELADDR
08-15 05:53:18.474  1807  3061 I chatty  : uid=1000(system) ConnectivitySer expire 10 lines
08-15 05:53:26.863   336   371 I Ext4Crypt: ext4 crypto complete called on /data
08-15 05:53:26.863   336   371 I Ext4Crypt: No master key, so not ext4enc
08-15 05:53:26.868   336   371 D VoldCryptCmdListener: cryptfs getpwtype
08-15 05:53:26.869   336   371 I Ext4Crypt: ext4 crypto complete called on /data
08-15 05:53:26.869   336   371 I Ext4Crypt: No master key, so not ext4enc
08-15 05:53:30.248  1807 12954 I chatty  : uid=1000(system) Binder_D expire 3 lines
08-15 05:54:46.562   336   371 I Ext4Crypt: ext4 crypto complete called on /data
08-15 05:54:46.562   336   371 I Ext4Crypt: No master key, so not ext4enc
08-15 05:54:46.567   336   371 D VoldCryptCmdListener: cryptfs getpwtype
08-15 05:54:46.568   336   371 I Ext4Crypt: ext4 crypto complete called on /data
08-15 05:54:46.568   336   371 I Ext4Crypt: No master key, so not ext4enc
08-15 05:55:41.481   336   371 I Ext4Crypt: ext4 crypto complete called on /data
08-15 05:55:41.482   336   371 I Ext4Crypt: No master key, so not ext4enc
08-15 05:55:41.486   336   371 D VoldCryptCmdListener: cryptfs getpwtype
08-15 05:55:41.486   336   371 I Ext4Crypt: ext4 crypto complete called on /data
08-15 05:55:41.487   336   371 I Ext4Crypt: No master key, so not ext4enc
08-15 05:55:44.147  1807  3123 I chatty  : uid=1000(system) Binder_4 expire 3 lines
08-15 05:56:52.563  1807  2032 I chatty  : uid=1000(system) ActivityManager expire 7 lines
08-15 05:57:25.357 20838 20838 E ActivityThread: Failed to find provider info for com.facebook.katana.provider.AttributionIdProvider
08-15 05:57:25.429 20838 20859 E ActivityThread: Failed to find provider info for com.facebook.katana.provider.AttributionIdProvider
08-15 06:00:59.108  1807  1903 I chatty  : uid=1000(system) Binder_1 expire 2 lines
08-15 06:02:16.031 21089 21089 E ActivityThread: Failed to find provider info for com.facebook.katana.provider.AttributionIdProvider
08-15 06:02:16.066 21089 21114 E ActivityThread: Failed to find provider info for com.facebook.katana.provider.AttributionIdProvider
08-15 06:05:27.973  1807 29864 I chatty  : uid=1000(system) Binder_10 expire 5 lines
08-15 06:06:03.804  1807 16031 I chatty  : uid=1000(system) Binder_E expire 5 lines
08-15 06:06:29.166  1807  3814 I chatty  : uid=1000(system) Binder_9 expire 3 lines
08-15 06:08:00.063  1807 21356 I chatty  : uid=1000 system_server expire 3 lines
08-15 06:08:11.792  1807 21401 I chatty  : uid=1000 system_server expire 3 lines
08-15 06:08:32.230  1807 21407 I chatty  : uid=1000 system_server expire 3 lines
08-15 06:08:36.101 21344 21344 E ActivityThread: Failed to find provider info for com.facebook.katana.provider.AttributionIdProvider
08-15 06:08:36.124 21344 21364 E ActivityThread: Failed to find provider info for com.facebook.katana.provider.AttributionIdProvider
08-15 06:08:38.090  1807 21412 I chatty  : uid=1000 system_server expire 3 lines
08-15 06:09:25.054  1807 21426 I chatty  : uid=1000 system_server expire 3 lines
08-15 06:09:28.595  1807 21430 I chatty  : uid=1000 system_server expire 3 lines
08-15 06:09:28.798  1807 21432 I chatty  : uid=1000 system_server expire 5 lines
08-15 06:09:29.031  1807 21446 I chatty  : uid=1000 system_server expire 1 line
08-15 06:09:36.941  1807 21450 I chatty  : uid=1000 system_server expire 3 lines
08-15 06:09:39.517  1807 21453 I chatty  : uid=1000 system_server expire 3 lines
08-15 06:11:28.896  1807 21515 I chatty  : uid=1000 system_server expire 3 lines
08-15 06:11:53.470  1807 21535 I chatty  : uid=1000 system_server expire 1 line
08-15 06:11:53.602  1807 21536 I chatty  : uid=1000 system_server expire 4 lines
08-15 06:11:53.637  1807  3061 I chatty  : uid=1000(system) ConnectivitySer expire 59 lines
08-15 06:11:53.867  1807  1807 I chatty  : uid=1000 system_server expire 10 lines
08-15 06:11:53.882  1807  2032 I chatty  : uid=1000(system) ActivityManager expire 1 line
08-15 06:11:53.883  1807  3814 I chatty  : uid=1000(system) Binder_9 expire 10 lines
08-15 06:11:54.152  1807  3057 I chatty  : uid=1000(system) NetworkPolicy expire 4 lines
08-15 06:11:55.324 21554 21554 W ActivityThread: ClassLoader.loadClass: The class loader returned by Thread.getContextClassLoader() may fail for processes that host multiple applications. You should explicitly specify a context class loader. For example: Thread.setContextClassLoader(getClass().getClassLoader());
08-15 06:11:55.813  1807 12954 I chatty  : uid=1000(system) Binder_D expire 10 lines
08-15 06:11:55.890  1807  8212 I chatty  : uid=1000(system) Binder_C expire 11 lines
08-15 06:11:56.161  1807 24412 I chatty  : uid=1000(system) Binder_F expire 6 lines
08-15 06:11:56.326  1807  2039 I chatty  : uid=1000(system) android.fg expire 3 lines
08-15 06:11:56.966  1807  3193 I chatty  : uid=1000(system) Binder_7 expire 6 lines
08-15 06:11:58.237  1807  1906 I chatty  : uid=1000(system) Binder_2 expire 9 lines
08-15 06:11:58.283  1807  3194 I chatty  : uid=1000(system) Binder_8 expire 4 lines
08-15 06:11:58.286   486 21912 W SocketClient: write error (Broken pipe)
08-15 06:11:58.537  1807 16031 I chatty  : uid=1000(system) Binder_E expire 10 lines
08-15 06:11:58.645  1807 21535 I chatty  : uid=1000 system_server expire 4 lines
08-15 06:11:58.842  1807  3192 I chatty  : uid=1000(system) Binder_6 expire 11 lines
08-15 06:11:59.196  1807  3059 I chatty  : uid=1000(system) WifiStateMachin expire 1 line
08-15 06:11:59.890  1807  3191 I chatty  : uid=1000(system) Binder_5 expire 7 lines
08-15 06:11:59.970  1807  3815 I chatty  : uid=1000(system) Binder_A expire 8 lines
08-15 06:11:59.970  1807  3060 I chatty  : uid=1000(system) WifiService expire 4 lines
08-15 06:12:01.078  1807  3122 I chatty  : uid=1000(system) Binder_3 expire 5 lines
08-15 06:12:01.206  1807 22146 I chatty  : uid=1000 system_server expire 3 lines
08-15 06:12:01.459  1807  1903 I chatty  : uid=1000(system) Binder_1 expire 4 lines
08-15 06:12:01.490  1807  3123 I chatty  : uid=1000(system) Binder_4 expire 5 lines
08-15 06:12:01.794  1807  5002 I chatty  : uid=1000(system) Binder_B expire 9 lines
08-15 06:12:03.758  1807 22384 I chatty  : uid=1000 system_server expire 5 lines
08-15 06:12:03.811  1807 22394 I chatty  : uid=1000 system_server expire 4 lines
08-15 06:12:04.040  1807 29864 I chatty  : uid=1000(system) Binder_10 expire 10 lines
08-15 06:12:06.264   336   371 I Ext4Crypt: ext4 crypto complete called on /data
08-15 06:12:06.264   336   371 I Ext4Crypt: No master key, so not ext4enc
08-15 06:12:06.268  1807  2710 I chatty  : uid=1000(system) CryptdConnector expire 4 lines
08-15 06:12:06.270   336   371 D VoldCryptCmdListener: cryptfs getpwtype
08-15 06:12:06.271   336   371 I Ext4Crypt: ext4 crypto complete called on /data
08-15 06:12:06.271   336   371 I Ext4Crypt: No master key, so not ext4enc
08-15 06:12:06.536  1807 22538 I chatty  : uid=1000 system_server expire 3 lines
08-15 06:12:07.689 22566 22566 W ActivityThread: ClassLoader.loadClass: The class loader returned by Thread.getContextClassLoader() may fail for processes that host multiple applications. You should explicitly specify a context class loader. For example: Thread.setContextClassLoader(getClass().getClassLoader());
08-15 06:12:07.998  1807  3061 I chatty  : uid=1000(system) ConnectivitySer expire 5 lines
08-15 06:12:09.088  1807 22672 I chatty  : uid=1000 system_server expire 3 lines
08-15 06:12:10.108   486 22699 W SocketClient: write error (Broken pipe)
08-15 06:12:11.642  1807 22799 I chatty  : uid=1000 system_server expire 3 lines
08-15 06:12:14.193  1807 23000 I chatty  : uid=1000 system_server expire 3 lines
08-15 06:12:16.660   336   371 I Ext4Crypt: ext4 crypto complete called on /data
08-15 06:12:16.661   336   371 I Ext4Crypt: No master key, so not ext4enc
08-15 06:12:16.666   336   371 D VoldCryptCmdListener: cryptfs getpwtype
08-15 06:12:16.667   336   371 I Ext4Crypt: ext4 crypto complete called on /data
08-15 06:12:16.667   336   371 I Ext4Crypt: No master key, so not ext4enc
08-15 06:12:16.739  1807 23105 I chatty  : uid=1000 system_server expire 3 lines
08-15 06:12:16.742  1807  8212 I chatty  : uid=1000(system) Binder_C expire 1 line
08-15 06:12:17.265  1807 29864 I chatty  : uid=1000(system) Binder_10 expire 1 line
08-15 06:12:19.302  1807 23223 I chatty  : uid=1000 system_server expire 3 lines
08-15 06:12:19.356  1807  3814 I chatty  : uid=1000(system) Binder_9 expire 1 line
08-15 06:12:20.907 23234 23234 W ActivityThread: ClassLoader.loadClass: The class loader returned by Thread.getContextClassLoader() may fail for processes that host multiple applications. You should explicitly specify a context class loader. For example: Thread.setContextClassLoader(getClass().getClassLoader());
08-15 06:12:21.862  1807  1807 I chatty  : uid=1000 system_server expire 2 lines
08-15 06:12:21.864  1807 23281 I chatty  : uid=1000 system_server expire 3 lines
08-15 06:12:24.177  1807 12954 I chatty  : uid=1000(system) Binder_D expire 1 line
08-15 06:12:24.424  1807 23392 I chatty  : uid=1000 system_server expire 3 lines
08-15 06:12:24.843  1807  3194 I chatty  : uid=1000(system) Binder_8 expire 7 lines
08-15 06:12:24.889  1807  3060 I chatty  : uid=1000(system) WifiService expire 9 lines
08-15 06:12:24.893  1807 16031 I chatty  : uid=1000(system) Binder_E expire 10 lines
08-15 06:12:24.911  1807 29864 I chatty  : uid=1000(system) Binder_10 expire 9 lines
08-15 06:12:25.477  1807  3191 I chatty  : uid=1000(system) Binder_5 expire 10 lines
08-15 06:12:25.495  1807 12954 I chatty  : uid=1000(system) Binder_D expire 3 lines
08-15 06:12:25.539  1807 24412 I chatty  : uid=1000(system) Binder_F expire 6 lines
08-15 06:12:25.667  1807  3122 I chatty  : uid=1000(system) Binder_3 expire 7 lines
08-15 06:12:25.796  1807  3814 I chatty  : uid=1000(system) Binder_9 expire 6 lines
08-15 06:12:26.092  1807  3192 I chatty  : uid=1000(system) Binder_6 expire 5 lines
08-15 06:12:26.976  1807  1807 I chatty  : uid=1000 system_server expire 21 lines
08-15 06:12:26.984  1807 23564 I chatty  : uid=1000 system_server expire 3 lines
08-15 06:12:27.320  1807  1906 I chatty  : uid=1000(system) Binder_2 expire 7 lines
08-15 06:12:27.649  1807  3193 I chatty  : uid=1000(system) Binder_7 expire 7 lines
